[  2%] Built target save_pointcloud__rosidl_generator_type_description
[  6%] Built target pointcloud_client
[  6%] Built target ament_cmake_python_copy_save_pointcloud
[  9%] [32mBuilding CXX object CMakeFiles/center_point_subscriber.dir/src/center_point_subscriber.cpp.o[0m
[ 13%] Built target pointcloud_server
[ 25%] Built target save_pointcloud__rosidl_generator_c
[ 29%] Built target pointcloud_publisher
[ 31%] Built target save_pointcloud__cpp
[ 36%] Built target pointcloud_subscriber
[ 43%] Built target save_pointcloud__rosidl_typesupport_introspection_c
[ 50%] Built target save_pointcloud__rosidl_typesupport_c
[ 61%] Built target save_pointcloud__rosidl_typesupport_fastrtps_c
[ 63%] Built target save_pointcloud__rosidl_typesupport_fastrtps_cpp
[ 70%] Built target save_pointcloud__rosidl_typesupport_introspection_cpp
[ 77%] Built target save_pointcloud__rosidl_typesupport_cpp
[ 77%] Built target save_pointcloud
[ 79%] Built target save_pointcloud__py
[ 84%] Built target save_pointcloud__rosidl_generator_py
[ 93%] Built target save_pointcloud_s__rosidl_typesupport_introspection_c
[ 93%] Built target save_pointcloud_s__rosidl_typesupport_c
[ 97%] Built target save_pointcloud_s__rosidl_typesupport_fastrtps_c
running egg_info
writing save_pointcloud.egg-info/PKG-INFO
writing dependency_links to save_pointcloud.egg-info/dependency_links.txt
writing top-level names to save_pointcloud.egg-info/top_level.txt
reading manifest file 'save_pointcloud.egg-info/SOURCES.txt'
writing manifest file 'save_pointcloud.egg-info/SOURCES.txt'
[ 97%] Built target ament_cmake_python_build_save_pointcloud_egg
