[0.009s] Invoking command in '/home/csrobot/ros2_ws/src/save_pointcloud/build/save_pointcloud': CMAKE_PREFIX_PATH=${CMAKE_PREFIX_PATH}:/opt/ros/jazzy DEBUGINFOD_URLS=https://debuginfod.ubuntu.com /usr/bin/cmake --build /home/csrobot/ros2_ws/src/save_pointcloud/build/save_pointcloud -- -j16 -l16
[0.082s] [  2%] Built target save_pointcloud__rosidl_generator_type_description
[0.093s] [  6%] Built target pointcloud_client
[0.096s] [  6%] Built target ament_cmake_python_copy_save_pointcloud
[0.104s] [  9%] [32mBuilding CXX object CMakeFiles/center_point_subscriber.dir/src/center_point_subscriber.cpp.o[0m
[0.105s] [ 13%] Built target pointcloud_server
[0.106s] [ 25%] Built target save_pointcloud__rosidl_generator_c
[0.110s] [ 29%] Built target pointcloud_publisher
[0.110s] [ 31%] Built target save_pointcloud__cpp
[0.113s] [ 36%] Built target pointcloud_subscriber
[0.121s] [ 43%] Built target save_pointcloud__rosidl_typesupport_introspection_c
[0.123s] [ 50%] Built target save_pointcloud__rosidl_typesupport_c
[0.126s] [ 61%] Built target save_pointcloud__rosidl_typesupport_fastrtps_c
[0.126s] [ 63%] Built target save_pointcloud__rosidl_typesupport_fastrtps_cpp
[0.128s] [ 70%] Built target save_pointcloud__rosidl_typesupport_introspection_cpp
[0.129s] [ 77%] Built target save_pointcloud__rosidl_typesupport_cpp
[0.145s] [ 77%] Built target save_pointcloud
[0.164s] [ 79%] Built target save_pointcloud__py
[0.184s] [ 84%] Built target save_pointcloud__rosidl_generator_py
[0.200s] [ 93%] Built target save_pointcloud_s__rosidl_typesupport_introspection_c
[0.200s] [ 93%] Built target save_pointcloud_s__rosidl_typesupport_c
[0.200s] [ 97%] Built target save_pointcloud_s__rosidl_typesupport_fastrtps_c
[0.231s] running egg_info
[0.242s] writing save_pointcloud.egg-info/PKG-INFO
[0.242s] writing dependency_links to save_pointcloud.egg-info/dependency_links.txt
[0.242s] writing top-level names to save_pointcloud.egg-info/top_level.txt
[0.272s] reading manifest file 'save_pointcloud.egg-info/SOURCES.txt'
[0.272s] writing manifest file 'save_pointcloud.egg-info/SOURCES.txt'
[0.290s] [ 97%] Built target ament_cmake_python_build_save_pointcloud_egg
[0.988s] [01m[K/home/csrobot/ros2_ws/src/save_pointcloud/src/center_point_subscriber.cpp:7:10:[m[K [01;31m[Kfatal error: [m[Ksave_pointcloud/msg/bounding_box_center.hpp: No such file or directory
[0.988s]     7 | #include [01;31m[K"save_pointcloud/msg/bounding_box_center.hpp"[m[K
[0.988s]       |          [01;31m[K^~~~~~~~~~~~~~~~~~~~~~~~~~~~~~~~~~~~~~~~~~~~~[m[K
[0.988s] compilation terminated.
[1.001s] gmake[2]: *** [CMakeFiles/center_point_subscriber.dir/build.make:76: CMakeFiles/center_point_subscriber.dir/src/center_point_subscriber.cpp.o] Error 1
[1.001s] gmake[1]: *** [CMakeFiles/Makefile2:735: CMakeFiles/center_point_subscriber.dir/all] Error 2
[1.001s] gmake: *** [Makefile:146: all] Error 2
[1.003s] Invoked command in '/home/csrobot/ros2_ws/src/save_pointcloud/build/save_pointcloud' returned '2': CMAKE_PREFIX_PATH=${CMAKE_PREFIX_PATH}:/opt/ros/jazzy DEBUGINFOD_URLS=https://debuginfod.ubuntu.com /usr/bin/cmake --build /home/csrobot/ros2_ws/src/save_pointcloud/build/save_pointcloud -- -j16 -l16
