[  4%] Built target pointcloud_client
[  6%] Built target save_pointcloud__rosidl_generator_type_description
[ 15%] Built target pointcloud_subscriber
[ 15%] Built target pointcloud_publisher
[ 15%] Built target ament_cmake_python_copy_save_pointcloud
[ 20%] Built target pointcloud_server
[ 22%] [32mBuilding CXX object CMakeFiles/center_point_subscriber.dir/src/center_point_subscriber.cpp.o[0m
[ 34%] Built target save_pointcloud__rosidl_generator_c
[ 36%] Built target save_pointcloud__cpp
[ 43%] Built target save_pointcloud__rosidl_typesupport_c
[ 50%] Built target save_pointcloud__rosidl_typesupport_fastrtps_c
[ 56%] Built target save_pointcloud__rosidl_typesupport_cpp
[ 63%] Built target save_pointcloud__rosidl_typesupport_introspection_c
[ 70%] Built target save_pointcloud__rosidl_typesupport_fastrtps_cpp
[ 77%] Built target save_pointcloud__rosidl_typesupport_introspection_cpp
[ 77%] Built target save_pointcloud
[ 79%] Built target save_pointcloud__py
[ 84%] Built target save_pointcloud__rosidl_generator_py
[ 88%] Built target save_pointcloud_s__rosidl_typesupport_introspection_c
[ 97%] Built target save_pointcloud_s__rosidl_typesupport_c
[ 97%] Built target save_pointcloud_s__rosidl_typesupport_fastrtps_c
running egg_info
writing save_pointcloud.egg-info/PKG-INFO
writing dependency_links to save_pointcloud.egg-info/dependency_links.txt
writing top-level names to save_pointcloud.egg-info/top_level.txt
reading manifest file 'save_pointcloud.egg-info/SOURCES.txt'
writing manifest file 'save_pointcloud.egg-info/SOURCES.txt'
[ 97%] Built target ament_cmake_python_build_save_pointcloud_egg
