[0.010s] Invoking command in '/home/csrobot/ros2_ws/src/save_pointcloud/build/save_pointcloud': CMAKE_PREFIX_PATH=${CMAKE_PREFIX_PATH}:/opt/ros/jazzy DEBUGINFOD_URLS=https://debuginfod.ubuntu.com /usr/bin/cmake --build /home/csrobot/ros2_ws/src/save_pointcloud/build/save_pointcloud -- -j16 -l16
[0.050s] [  4%] Built target pointcloud_client
[0.052s] [  6%] Built target save_pointcloud__rosidl_generator_type_description
[0.055s] [ 15%] Built target pointcloud_subscriber
[0.055s] [ 15%] Built target pointcloud_publisher
[0.055s] [ 15%] Built target ament_cmake_python_copy_save_pointcloud
[0.060s] [ 20%] Built target pointcloud_server
[0.065s] [ 22%] [32mBuilding CXX object CMakeFiles/center_point_subscriber.dir/src/center_point_subscriber.cpp.o[0m
[0.065s] [ 34%] Built target save_pointcloud__rosidl_generator_c
[0.067s] [ 36%] Built target save_pointcloud__cpp
[0.080s] [ 43%] Built target save_pointcloud__rosidl_typesupport_c
[0.080s] [ 50%] Built target save_pointcloud__rosidl_typesupport_fastrtps_c
[0.082s] [ 56%] Built target save_pointcloud__rosidl_typesupport_cpp
[0.083s] [ 63%] Built target save_pointcloud__rosidl_typesupport_introspection_c
[0.086s] [ 70%] Built target save_pointcloud__rosidl_typesupport_fastrtps_cpp
[0.086s] [ 77%] Built target save_pointcloud__rosidl_typesupport_introspection_cpp
[0.102s] [ 77%] Built target save_pointcloud
[0.120s] [ 79%] Built target save_pointcloud__py
[0.139s] [ 84%] Built target save_pointcloud__rosidl_generator_py
[0.155s] [ 88%] Built target save_pointcloud_s__rosidl_typesupport_introspection_c
[0.155s] [ 97%] Built target save_pointcloud_s__rosidl_typesupport_c
[0.156s] [ 97%] Built target save_pointcloud_s__rosidl_typesupport_fastrtps_c
[0.204s] running egg_info
[0.216s] writing save_pointcloud.egg-info/PKG-INFO
[0.216s] writing dependency_links to save_pointcloud.egg-info/dependency_links.txt
[0.216s] writing top-level names to save_pointcloud.egg-info/top_level.txt
[0.246s] reading manifest file 'save_pointcloud.egg-info/SOURCES.txt'
[0.246s] writing manifest file 'save_pointcloud.egg-info/SOURCES.txt'
[0.264s] [ 97%] Built target ament_cmake_python_build_save_pointcloud_egg
[0.958s] [01m[K/home/csrobot/ros2_ws/src/save_pointcloud/src/center_point_subscriber.cpp:7:10:[m[K [01;31m[Kfatal error: [m[Ksave_pointcloud/msg/BoundingBoxCenter.hpp: No such file or directory
[0.958s]     7 | #include [01;31m[K"save_pointcloud/msg/BoundingBoxCenter.hpp"[m[K
[0.958s]       |          [01;31m[K^~~~~~~~~~~~~~~~~~~~~~~~~~~~~~~~~~~~~~~~~~~[m[K
[0.959s] compilation terminated.
[0.968s] gmake[2]: *** [CMakeFiles/center_point_subscriber.dir/build.make:76: CMakeFiles/center_point_subscriber.dir/src/center_point_subscriber.cpp.o] Error 1
[0.968s] gmake[1]: *** [CMakeFiles/Makefile2:735: CMakeFiles/center_point_subscriber.dir/all] Error 2
[0.968s] gmake: *** [Makefile:146: all] Error 2
[0.970s] Invoked command in '/home/csrobot/ros2_ws/src/save_pointcloud/build/save_pointcloud' returned '2': CMAKE_PREFIX_PATH=${CMAKE_PREFIX_PATH}:/opt/ros/jazzy DEBUGINFOD_URLS=https://debuginfod.ubuntu.com /usr/bin/cmake --build /home/csrobot/ros2_ws/src/save_pointcloud/build/save_pointcloud -- -j16 -l16
