-- Found ament_cmake: 2.5.5 (/opt/ros/jazzy/share/ament_cmake/cmake)
-- Found rclcpp: 28.1.16 (/opt/ros/jazzy/share/rclcpp/cmake)
-- Found rosidl_generator_c: 4.6.7 (/opt/ros/jazzy/share/rosidl_generator_c/cmake)
-- Found rosidl_generator_cpp: 4.6.7 (/opt/ros/jazzy/share/rosidl_generator_cpp/cmake)
-- Using all available rosidl_typesupport_c: rosidl_typesupport_fastrtps_c;rosidl_typesupport_introspection_c
-- Using all available rosidl_typesupport_cpp: rosidl_typesupport_fastrtps_cpp;rosidl_typesupport_introspection_cpp
-- Found rmw_implementation_cmake: 7.3.3 (/opt/ros/jazzy/share/rmw_implementation_cmake/cmake)
-- Found rmw_fastrtps_cpp: 8.4.3 (/opt/ros/jazzy/share/rmw_fastrtps_cpp/cmake)
-- Using RMW implementation 'rmw_fastrtps_cpp' as default
-- Found sensor_msgs: 5.3.6 (/opt/ros/jazzy/share/sensor_msgs/cmake)
-- Found rosidl_default_generators: 1.6.0 (/opt/ros/jazzy/share/rosidl_default_generators/cmake)
-- Found rosidl_adapter: 4.6.7 (/opt/ros/jazzy/share/rosidl_adapter/cmake)
-- Found std_srvs: 5.3.6 (/opt/ros/jazzy/share/std_srvs/cmake)
-- Found cv_bridge: 4.1.0 (/opt/ros/jazzy/share/cv_bridge/cmake)
-- Found flann version 1.9.2
-- OpenNI found (version: 1.5.4.0, include: /usr/include/ni, lib: /usr/lib/libOpenNI.so;libusb::libusb)
-- OpenNI2 found (version: 2.2.0.33, include: /usr/include/openni2, lib: /usr/lib/x86_64-linux-gnu/libOpenNI2.so;libusb::libusb)
-- Could NOT find Pcap (missing: PCAP_LIBRARIES PCAP_INCLUDE_DIRS) 
-- looking for PCL_COMMON
-- looking for PCL_KDTREE
-- looking for PCL_OCTREE
-- looking for PCL_SEARCH
-- looking for PCL_SAMPLE_CONSENSUS
-- looking for PCL_FILTERS
-- looking for PCL_IO
-- Found pcl_conversions: 2.6.2 (/opt/ros/jazzy/share/pcl_conversions/cmake)
-- Found ament_cmake_ros: 0.12.0 (/opt/ros/jazzy/share/ament_cmake_ros/cmake)
-- Using all available rosidl_typesupport_c: rosidl_typesupport_fastrtps_c;rosidl_typesupport_introspection_c
-- Using all available rosidl_typesupport_cpp: rosidl_typesupport_fastrtps_cpp;rosidl_typesupport_introspection_cpp
-- Found python_cmake_module: 0.11.1 (/opt/ros/jazzy/share/python_cmake_module/cmake)
-- Found PythonExtra: /usr/bin/python3  
-- Found Python3: /usr/bin/python3 (found version "3.12.3") found components: Interpreter Development NumPy Development.Module Development.Embed 
-- Configuring done (2.6s)
-- Generating done (0.0s)
-- Build files have been written to: /home/csrobot/ros2_ws/src/save_pointcloud/build/save_pointcloud
[  2%] [32mBuilding CXX object CMakeFiles/center_point_subscriber.dir/src/center_point_subscriber.cpp.o[0m
[  4%] [32mBuilding CXX object CMakeFiles/pointcloud_subscriber.dir/src/save_pointcloud_subscriber.cpp.o[0m
[  6%] [32mBuilding CXX object CMakeFiles/pointcloud_server.dir/src/save_pointcloud_server.cpp.o[0m
[  9%] [32mBuilding CXX object CMakeFiles/pointcloud_client.dir/src/save_pointcloud_client.cpp.o[0m
[ 11%] [32mBuilding CXX object CMakeFiles/pointcloud_publisher.dir/src/point_cloud_publisher.cpp.o[0m
[ 13%] [34m[1mGenerating type hashes for ROS interfaces[0m
[ 13%] Built target ament_cmake_python_copy_save_pointcloud
[ 13%] Built target save_pointcloud__rosidl_generator_type_description
[ 15%] [34m[1mGenerating C code for ROS interfaces[0m
running egg_info
creating save_pointcloud.egg-info
[ 18%] [34m[1mGenerating C++ code for ROS interfaces[0m
writing save_pointcloud.egg-info/PKG-INFO
writing dependency_links to save_pointcloud.egg-info/dependency_links.txt
writing top-level names to save_pointcloud.egg-info/top_level.txt
writing manifest file 'save_pointcloud.egg-info/SOURCES.txt'
reading manifest file 'save_pointcloud.egg-info/SOURCES.txt'
writing manifest file 'save_pointcloud.egg-info/SOURCES.txt'
[ 18%] Built target ament_cmake_python_build_save_pointcloud_egg
[ 20%] [32mBuilding C object CMakeFiles/save_pointcloud__rosidl_generator_c.dir/rosidl_generator_c/save_pointcloud/msg/detail/bounding_box_center__description.c.o[0m
[ 25%] [32mBuilding C object CMakeFiles/save_pointcloud__rosidl_generator_c.dir/rosidl_generator_c/save_pointcloud/msg/detail/bounding_box_center__type_support.c.o[0m
[ 25%] [32mBuilding C object CMakeFiles/save_pointcloud__rosidl_generator_c.dir/rosidl_generator_c/save_pointcloud/msg/detail/bounding_box_center__functions.c.o[0m
[ 25%] Built target save_pointcloud__cpp
[ 27%] [32m[1mLinking C shared library libsave_pointcloud__rosidl_generator_c.so[0m
[ 27%] Built target save_pointcloud__rosidl_generator_c
[ 29%] [34m[1mGenerating C type support for eProsima Fast-RTPS[0m
[ 34%] [34m[1mGenerating C type support dispatch for ROS interfaces[0m
[ 34%] [34m[1mGenerating C++ type support for eProsima Fast-RTPS[0m
[ 36%] [34m[1mGenerating C++ type support dispatch for ROS interfaces[0m
[ 38%] [34m[1mGenerating C introspection for ROS interfaces[0m
[ 40%] [34m[1mGenerating C++ introspection for ROS interfaces[0m
[ 43%] [32mBuilding CXX object CMakeFiles/save_pointcloud__rosidl_typesupport_c.dir/rosidl_typesupport_c/save_pointcloud/msg/bounding_box_center__type_support.cpp.o[0m
[ 45%] [32mBuilding CXX object CMakeFiles/save_pointcloud__rosidl_typesupport_cpp.dir/rosidl_typesupport_cpp/save_pointcloud/msg/bounding_box_center__type_support.cpp.o[0m
[ 47%] [32mBuilding CXX object CMakeFiles/save_pointcloud__rosidl_typesupport_fastrtps_cpp.dir/rosidl_typesupport_fastrtps_cpp/save_pointcloud/msg/detail/dds_fastrtps/bounding_box_center__type_support.cpp.o[0m
[ 50%] [32m[1mLinking CXX shared library libsave_pointcloud__rosidl_typesupport_c.so[0m
[ 52%] [32mBuilding CXX object CMakeFiles/save_pointcloud__rosidl_typesupport_fastrtps_c.dir/rosidl_typesupport_fastrtps_c/save_pointcloud/msg/detail/bounding_box_center__type_support_c.cpp.o[0m
[ 52%] Built target save_pointcloud__rosidl_typesupport_c
[ 54%] [32mBuilding CXX object CMakeFiles/save_pointcloud__rosidl_typesupport_introspection_cpp.dir/rosidl_typesupport_introspection_cpp/save_pointcloud/msg/detail/bounding_box_center__type_support.cpp.o[0m
[ 56%] [32mBuilding C object CMakeFiles/save_pointcloud__rosidl_typesupport_introspection_c.dir/rosidl_typesupport_introspection_c/save_pointcloud/msg/detail/bounding_box_center__type_support.c.o[0m
[ 59%] [32m[1mLinking C shared library libsave_pointcloud__rosidl_typesupport_introspection_c.so[0m
[ 59%] Built target save_pointcloud__rosidl_typesupport_introspection_c
[ 61%] [32m[1mLinking CXX shared library libsave_pointcloud__rosidl_typesupport_cpp.so[0m
[ 61%] Built target save_pointcloud__rosidl_typesupport_cpp
[ 63%] [32m[1mLinking CXX shared library libsave_pointcloud__rosidl_typesupport_fastrtps_cpp.so[0m
[ 63%] Built target save_pointcloud__rosidl_typesupport_fastrtps_cpp
[ 65%] [32m[1mLinking CXX shared library libsave_pointcloud__rosidl_typesupport_fastrtps_c.so[0m
[ 68%] [32m[1mLinking CXX shared library libsave_pointcloud__rosidl_typesupport_introspection_cpp.so[0m
[ 68%] Built target save_pointcloud__rosidl_typesupport_fastrtps_c
[ 68%] Built target save_pointcloud__rosidl_typesupport_introspection_cpp
[ 68%] Built target save_pointcloud
[ 70%] [34m[1mGenerating Python code for ROS interfaces[0m
[ 70%] Built target save_pointcloud__py
[ 72%] [32mBuilding C object CMakeFiles/save_pointcloud__rosidl_generator_py.dir/rosidl_generator_py/save_pointcloud/msg/_bounding_box_center_s.c.o[0m
[ 75%] [32m[1mLinking C shared library libsave_pointcloud__rosidl_generator_py.so[0m
[ 75%] Built target save_pointcloud__rosidl_generator_py
[ 77%] [32mBuilding C object CMakeFiles/save_pointcloud_s__rosidl_typesupport_c.dir/rosidl_generator_py/save_pointcloud/_save_pointcloud_s.ep.rosidl_typesupport_c.c.o[0m
[ 79%] [32mBuilding C object CMakeFiles/save_pointcloud_s__rosidl_typesupport_introspection_c.dir/rosidl_generator_py/save_pointcloud/_save_pointcloud_s.ep.rosidl_typesupport_introspection_c.c.o[0m
[ 81%] [32mBuilding C object CMakeFiles/save_pointcloud_s__rosidl_typesupport_fastrtps_c.dir/rosidl_generator_py/save_pointcloud/_save_pointcloud_s.ep.rosidl_typesupport_fastrtps_c.c.o[0m
[ 84%] [32m[1mLinking C shared module rosidl_generator_py/save_pointcloud/save_pointcloud_s__rosidl_typesupport_introspection_c.so[0m
[ 86%] [32m[1mLinking C shared module rosidl_generator_py/save_pointcloud/save_pointcloud_s__rosidl_typesupport_fastrtps_c.so[0m
[ 86%] Built target save_pointcloud_s__rosidl_typesupport_fastrtps_c
[ 86%] Built target save_pointcloud_s__rosidl_typesupport_introspection_c
[ 88%] [32m[1mLinking C shared module rosidl_generator_py/save_pointcloud/save_pointcloud_s__rosidl_typesupport_c.so[0m
[ 88%] Built target save_pointcloud_s__rosidl_typesupport_c
[ 90%] [32m[1mLinking CXX executable pointcloud_client[0m
[ 90%] Built target pointcloud_client
[ 93%] [32m[1mLinking CXX executable pointcloud_publisher[0m
[ 93%] Built target pointcloud_publisher
[ 95%] [32m[1mLinking CXX executable center_point_subscriber[0m
[ 95%] Built target center_point_subscriber
[ 97%] [32m[1mLinking CXX executable pointcloud_subscriber[0m
[ 97%] Built target pointcloud_subscriber
[100%] [32m[1mLinking CXX executable pointcloud_server[0m
[100%] Built target pointcloud_server
-- Install configuration: ""
-- Installing: /home/csrobot/ros2_ws/src/save_pointcloud/install/save_pointcloud/share/ament_index/resource_index/rosidl_interfaces/save_pointcloud
-- Installing: /home/csrobot/ros2_ws/src/save_pointcloud/install/save_pointcloud/share/save_pointcloud/msg/BoundingBoxCenter.json
-- Installing: /home/csrobot/ros2_ws/src/save_pointcloud/install/save_pointcloud/include/save_pointcloud/save_pointcloud
-- Installing: /home/csrobot/ros2_ws/src/save_pointcloud/install/save_pointcloud/include/save_pointcloud/save_pointcloud/msg
-- Installing: /home/csrobot/ros2_ws/src/save_pointcloud/install/save_pointcloud/include/save_pointcloud/save_pointcloud/msg/detail
-- Installing: /home/csrobot/ros2_ws/src/save_pointcloud/install/save_pointcloud/include/save_pointcloud/save_pointcloud/msg/detail/bounding_box_center__struct.h
-- Installing: /home/csrobot/ros2_ws/src/save_pointcloud/install/save_pointcloud/include/save_pointcloud/save_pointcloud/msg/detail/bounding_box_center__description.c
-- Installing: /home/csrobot/ros2_ws/src/save_pointcloud/install/save_pointcloud/include/save_pointcloud/save_pointcloud/msg/detail/bounding_box_center__type_support.c
-- Installing: /home/csrobot/ros2_ws/src/save_pointcloud/install/save_pointcloud/include/save_pointcloud/save_pointcloud/msg/detail/bounding_box_center__type_support.h
-- Installing: /home/csrobot/ros2_ws/src/save_pointcloud/install/save_pointcloud/include/save_pointcloud/save_pointcloud/msg/detail/bounding_box_center__functions.c
-- Installing: /home/csrobot/ros2_ws/src/save_pointcloud/install/save_pointcloud/include/save_pointcloud/save_pointcloud/msg/detail/bounding_box_center__functions.h
-- Installing: /home/csrobot/ros2_ws/src/save_pointcloud/install/save_pointcloud/include/save_pointcloud/save_pointcloud/msg/bounding_box_center.h
-- Installing: /home/csrobot/ros2_ws/src/save_pointcloud/install/save_pointcloud/include/save_pointcloud/save_pointcloud/msg/rosidl_generator_c__visibility_control.h
-- Installing: /home/csrobot/ros2_ws/src/save_pointcloud/install/save_pointcloud/share/save_pointcloud/environment/library_path.sh
-- Installing: /home/csrobot/ros2_ws/src/save_pointcloud/install/save_pointcloud/share/save_pointcloud/environment/library_path.dsv
-- Installing: /home/csrobot/ros2_ws/src/save_pointcloud/install/save_pointcloud/lib/libsave_pointcloud__rosidl_generator_c.so
-- Set non-toolchain portion of runtime path of "/home/csrobot/ros2_ws/src/save_pointcloud/install/save_pointcloud/lib/libsave_pointcloud__rosidl_generator_c.so" to ""
-- Up-to-date: /home/csrobot/ros2_ws/src/save_pointcloud/install/save_pointcloud/include/save_pointcloud/save_pointcloud
-- Up-to-date: /home/csrobot/ros2_ws/src/save_pointcloud/install/save_pointcloud/include/save_pointcloud/save_pointcloud/msg
-- Up-to-date: /home/csrobot/ros2_ws/src/save_pointcloud/install/save_pointcloud/include/save_pointcloud/save_pointcloud/msg/detail
-- Installing: /home/csrobot/ros2_ws/src/save_pointcloud/install/save_pointcloud/include/save_pointcloud/save_pointcloud/msg/detail/bounding_box_center__rosidl_typesupport_fastrtps_c.h
-- Installing: /home/csrobot/ros2_ws/src/save_pointcloud/install/save_pointcloud/include/save_pointcloud/save_pointcloud/msg/rosidl_typesupport_fastrtps_c__visibility_control.h
-- Installing: /home/csrobot/ros2_ws/src/save_pointcloud/install/save_pointcloud/lib/libsave_pointcloud__rosidl_typesupport_fastrtps_c.so
-- Set non-toolchain portion of runtime path of "/home/csrobot/ros2_ws/src/save_pointcloud/install/save_pointcloud/lib/libsave_pointcloud__rosidl_typesupport_fastrtps_c.so" to ""
-- Up-to-date: /home/csrobot/ros2_ws/src/save_pointcloud/install/save_pointcloud/include/save_pointcloud/save_pointcloud
-- Up-to-date: /home/csrobot/ros2_ws/src/save_pointcloud/install/save_pointcloud/include/save_pointcloud/save_pointcloud/msg
-- Up-to-date: /home/csrobot/ros2_ws/src/save_pointcloud/install/save_pointcloud/include/save_pointcloud/save_pointcloud/msg/detail
-- Installing: /home/csrobot/ros2_ws/src/save_pointcloud/install/save_pointcloud/include/save_pointcloud/save_pointcloud/msg/detail/bounding_box_center__struct.hpp
-- Installing: /home/csrobot/ros2_ws/src/save_pointcloud/install/save_pointcloud/include/save_pointcloud/save_pointcloud/msg/detail/bounding_box_center__type_support.hpp
-- Installing: /home/csrobot/ros2_ws/src/save_pointcloud/install/save_pointcloud/include/save_pointcloud/save_pointcloud/msg/detail/bounding_box_center__builder.hpp
-- Installing: /home/csrobot/ros2_ws/src/save_pointcloud/install/save_pointcloud/include/save_pointcloud/save_pointcloud/msg/detail/bounding_box_center__traits.hpp
-- Installing: /home/csrobot/ros2_ws/src/save_pointcloud/install/save_pointcloud/include/save_pointcloud/save_pointcloud/msg/bounding_box_center.hpp
-- Installing: /home/csrobot/ros2_ws/src/save_pointcloud/install/save_pointcloud/include/save_pointcloud/save_pointcloud/msg/rosidl_generator_cpp__visibility_control.hpp
-- Up-to-date: /home/csrobot/ros2_ws/src/save_pointcloud/install/save_pointcloud/include/save_pointcloud/save_pointcloud
-- Up-to-date: /home/csrobot/ros2_ws/src/save_pointcloud/install/save_pointcloud/include/save_pointcloud/save_pointcloud/msg
-- Up-to-date: /home/csrobot/ros2_ws/src/save_pointcloud/install/save_pointcloud/include/save_pointcloud/save_pointcloud/msg/detail
-- Installing: /home/csrobot/ros2_ws/src/save_pointcloud/install/save_pointcloud/include/save_pointcloud/save_pointcloud/msg/detail/dds_fastrtps
-- Installing: /home/csrobot/ros2_ws/src/save_pointcloud/install/save_pointcloud/include/save_pointcloud/save_pointcloud/msg/detail/bounding_box_center__rosidl_typesupport_fastrtps_cpp.hpp
-- Installing: /home/csrobot/ros2_ws/src/save_pointcloud/install/save_pointcloud/include/save_pointcloud/save_pointcloud/msg/rosidl_typesupport_fastrtps_cpp__visibility_control.h
-- Installing: /home/csrobot/ros2_ws/src/save_pointcloud/install/save_pointcloud/lib/libsave_pointcloud__rosidl_typesupport_fastrtps_cpp.so
-- Set non-toolchain portion of runtime path of "/home/csrobot/ros2_ws/src/save_pointcloud/install/save_pointcloud/lib/libsave_pointcloud__rosidl_typesupport_fastrtps_cpp.so" to ""
-- Up-to-date: /home/csrobot/ros2_ws/src/save_pointcloud/install/save_pointcloud/include/save_pointcloud/save_pointcloud
-- Up-to-date: /home/csrobot/ros2_ws/src/save_pointcloud/install/save_pointcloud/include/save_pointcloud/save_pointcloud/msg
-- Up-to-date: /home/csrobot/ros2_ws/src/save_pointcloud/install/save_pointcloud/include/save_pointcloud/save_pointcloud/msg/detail
-- Installing: /home/csrobot/ros2_ws/src/save_pointcloud/install/save_pointcloud/include/save_pointcloud/save_pointcloud/msg/detail/bounding_box_center__rosidl_typesupport_introspection_c.h
-- Up-to-date: /home/csrobot/ros2_ws/src/save_pointcloud/install/save_pointcloud/include/save_pointcloud/save_pointcloud/msg/detail/bounding_box_center__type_support.c
-- Installing: /home/csrobot/ros2_ws/src/save_pointcloud/install/save_pointcloud/include/save_pointcloud/save_pointcloud/msg/rosidl_typesupport_introspection_c__visibility_control.h
-- Installing: /home/csrobot/ros2_ws/src/save_pointcloud/install/save_pointcloud/lib/libsave_pointcloud__rosidl_typesupport_introspection_c.so
-- Set non-toolchain portion of runtime path of "/home/csrobot/ros2_ws/src/save_pointcloud/install/save_pointcloud/lib/libsave_pointcloud__rosidl_typesupport_introspection_c.so" to ""
-- Installing: /home/csrobot/ros2_ws/src/save_pointcloud/install/save_pointcloud/lib/libsave_pointcloud__rosidl_typesupport_c.so
-- Set non-toolchain portion of runtime path of "/home/csrobot/ros2_ws/src/save_pointcloud/install/save_pointcloud/lib/libsave_pointcloud__rosidl_typesupport_c.so" to ""
-- Up-to-date: /home/csrobot/ros2_ws/src/save_pointcloud/install/save_pointcloud/include/save_pointcloud/save_pointcloud
-- Up-to-date: /home/csrobot/ros2_ws/src/save_pointcloud/install/save_pointcloud/include/save_pointcloud/save_pointcloud/msg
-- Up-to-date: /home/csrobot/ros2_ws/src/save_pointcloud/install/save_pointcloud/include/save_pointcloud/save_pointcloud/msg/detail
-- Installing: /home/csrobot/ros2_ws/src/save_pointcloud/install/save_pointcloud/include/save_pointcloud/save_pointcloud/msg/detail/bounding_box_center__rosidl_typesupport_introspection_cpp.hpp
-- Installing: /home/csrobot/ros2_ws/src/save_pointcloud/install/save_pointcloud/include/save_pointcloud/save_pointcloud/msg/detail/bounding_box_center__type_support.cpp
-- Installing: /home/csrobot/ros2_ws/src/save_pointcloud/install/save_pointcloud/lib/libsave_pointcloud__rosidl_typesupport_introspection_cpp.so
-- Set non-toolchain portion of runtime path of "/home/csrobot/ros2_ws/src/save_pointcloud/install/save_pointcloud/lib/libsave_pointcloud__rosidl_typesupport_introspection_cpp.so" to ""
-- Installing: /home/csrobot/ros2_ws/src/save_pointcloud/install/save_pointcloud/lib/libsave_pointcloud__rosidl_typesupport_cpp.so
-- Set non-toolchain portion of runtime path of "/home/csrobot/ros2_ws/src/save_pointcloud/install/save_pointcloud/lib/libsave_pointcloud__rosidl_typesupport_cpp.so" to ""
-- Installing: /home/csrobot/ros2_ws/src/save_pointcloud/install/save_pointcloud/share/save_pointcloud/environment/pythonpath.sh
-- Installing: /home/csrobot/ros2_ws/src/save_pointcloud/install/save_pointcloud/share/save_pointcloud/environment/pythonpath.dsv
-- Installing: /home/csrobot/ros2_ws/src/save_pointcloud/install/save_pointcloud/lib/python3.12/site-packages/save_pointcloud-0.0.0-py3.12.egg-info
-- Installing: /home/csrobot/ros2_ws/src/save_pointcloud/install/save_pointcloud/lib/python3.12/site-packages/save_pointcloud-0.0.0-py3.12.egg-info/dependency_links.txt
-- Installing: /home/csrobot/ros2_ws/src/save_pointcloud/install/save_pointcloud/lib/python3.12/site-packages/save_pointcloud-0.0.0-py3.12.egg-info/SOURCES.txt
-- Installing: /home/csrobot/ros2_ws/src/save_pointcloud/install/save_pointcloud/lib/python3.12/site-packages/save_pointcloud-0.0.0-py3.12.egg-info/top_level.txt
-- Installing: /home/csrobot/ros2_ws/src/save_pointcloud/install/save_pointcloud/lib/python3.12/site-packages/save_pointcloud-0.0.0-py3.12.egg-info/PKG-INFO
-- Installing: /home/csrobot/ros2_ws/src/save_pointcloud/install/save_pointcloud/lib/python3.12/site-packages/save_pointcloud
-- Installing: /home/csrobot/ros2_ws/src/save_pointcloud/install/save_pointcloud/lib/python3.12/site-packages/save_pointcloud/save_pointcloud_s__rosidl_typesupport_introspection_c.so
-- Installing: /home/csrobot/ros2_ws/src/save_pointcloud/install/save_pointcloud/lib/python3.12/site-packages/save_pointcloud/_save_pointcloud_s.ep.rosidl_typesupport_introspection_c.c
-- Installing: /home/csrobot/ros2_ws/src/save_pointcloud/install/save_pointcloud/lib/python3.12/site-packages/save_pointcloud/_save_pointcloud_s.ep.rosidl_typesupport_c.c
-- Installing: /home/csrobot/ros2_ws/src/save_pointcloud/install/save_pointcloud/lib/python3.12/site-packages/save_pointcloud/msg
-- Installing: /home/csrobot/ros2_ws/src/save_pointcloud/install/save_pointcloud/lib/python3.12/site-packages/save_pointcloud/msg/__init__.py
-- Installing: /home/csrobot/ros2_ws/src/save_pointcloud/install/save_pointcloud/lib/python3.12/site-packages/save_pointcloud/msg/_bounding_box_center.py
-- Installing: /home/csrobot/ros2_ws/src/save_pointcloud/install/save_pointcloud/lib/python3.12/site-packages/save_pointcloud/msg/_bounding_box_center_s.c
-- Installing: /home/csrobot/ros2_ws/src/save_pointcloud/install/save_pointcloud/lib/python3.12/site-packages/save_pointcloud/save_pointcloud_s__rosidl_typesupport_c.so
-- Installing: /home/csrobot/ros2_ws/src/save_pointcloud/install/save_pointcloud/lib/python3.12/site-packages/save_pointcloud/_save_pointcloud_s.ep.rosidl_typesupport_fastrtps_c.c
-- Installing: /home/csrobot/ros2_ws/src/save_pointcloud/install/save_pointcloud/lib/python3.12/site-packages/save_pointcloud/save_pointcloud_s__rosidl_typesupport_fastrtps_c.so
-- Installing: /home/csrobot/ros2_ws/src/save_pointcloud/install/save_pointcloud/lib/python3.12/site-packages/save_pointcloud/__init__.py
Listing '/home/csrobot/ros2_ws/src/save_pointcloud/install/save_pointcloud/lib/python3.12/site-packages/save_pointcloud'...
Compiling '/home/csrobot/ros2_ws/src/save_pointcloud/install/save_pointcloud/lib/python3.12/site-packages/save_pointcloud/__init__.py'...
Listing '/home/csrobot/ros2_ws/src/save_pointcloud/install/save_pointcloud/lib/python3.12/site-packages/save_pointcloud/msg'...
Compiling '/home/csrobot/ros2_ws/src/save_pointcloud/install/save_pointcloud/lib/python3.12/site-packages/save_pointcloud/msg/__init__.py'...
Compiling '/home/csrobot/ros2_ws/src/save_pointcloud/install/save_pointcloud/lib/python3.12/site-packages/save_pointcloud/msg/_bounding_box_center.py'...
-- Installing: /home/csrobot/ros2_ws/src/save_pointcloud/install/save_pointcloud/lib/python3.12/site-packages/save_pointcloud/save_pointcloud_s__rosidl_typesupport_fastrtps_c.so
-- Set non-toolchain portion of runtime path of "/home/csrobot/ros2_ws/src/save_pointcloud/install/save_pointcloud/lib/python3.12/site-packages/save_pointcloud/save_pointcloud_s__rosidl_typesupport_fastrtps_c.so" to ""
-- Installing: /home/csrobot/ros2_ws/src/save_pointcloud/install/save_pointcloud/lib/python3.12/site-packages/save_pointcloud/save_pointcloud_s__rosidl_typesupport_introspection_c.so
-- Set non-toolchain portion of runtime path of "/home/csrobot/ros2_ws/src/save_pointcloud/install/save_pointcloud/lib/python3.12/site-packages/save_pointcloud/save_pointcloud_s__rosidl_typesupport_introspection_c.so" to ""
-- Installing: /home/csrobot/ros2_ws/src/save_pointcloud/install/save_pointcloud/lib/python3.12/site-packages/save_pointcloud/save_pointcloud_s__rosidl_typesupport_c.so
-- Set non-toolchain portion of runtime path of "/home/csrobot/ros2_ws/src/save_pointcloud/install/save_pointcloud/lib/python3.12/site-packages/save_pointcloud/save_pointcloud_s__rosidl_typesupport_c.so" to ""
-- Installing: /home/csrobot/ros2_ws/src/save_pointcloud/install/save_pointcloud/lib/libsave_pointcloud__rosidl_generator_py.so
-- Set non-toolchain portion of runtime path of "/home/csrobot/ros2_ws/src/save_pointcloud/install/save_pointcloud/lib/libsave_pointcloud__rosidl_generator_py.so" to ""
-- Installing: /home/csrobot/ros2_ws/src/save_pointcloud/install/save_pointcloud/share/save_pointcloud/msg/BoundingBoxCenter.idl
-- Installing: /home/csrobot/ros2_ws/src/save_pointcloud/install/save_pointcloud/share/save_pointcloud/msg/BoundingBoxCenter.msg
-- Installing: /home/csrobot/ros2_ws/src/save_pointcloud/install/save_pointcloud/lib/save_pointcloud/pointcloud_subscriber
-- Set non-toolchain portion of runtime path of "/home/csrobot/ros2_ws/src/save_pointcloud/install/save_pointcloud/lib/save_pointcloud/pointcloud_subscriber" to ""
-- Installing: /home/csrobot/ros2_ws/src/save_pointcloud/install/save_pointcloud/lib/save_pointcloud/pointcloud_server
-- Set non-toolchain portion of runtime path of "/home/csrobot/ros2_ws/src/save_pointcloud/install/save_pointcloud/lib/save_pointcloud/pointcloud_server" to ""
-- Installing: /home/csrobot/ros2_ws/src/save_pointcloud/install/save_pointcloud/lib/save_pointcloud/pointcloud_client
-- Set non-toolchain portion of runtime path of "/home/csrobot/ros2_ws/src/save_pointcloud/install/save_pointcloud/lib/save_pointcloud/pointcloud_client" to ""
-- Installing: /home/csrobot/ros2_ws/src/save_pointcloud/install/save_pointcloud/lib/save_pointcloud/pointcloud_publisher
-- Set non-toolchain portion of runtime path of "/home/csrobot/ros2_ws/src/save_pointcloud/install/save_pointcloud/lib/save_pointcloud/pointcloud_publisher" to ""
-- Installing: /home/csrobot/ros2_ws/src/save_pointcloud/install/save_pointcloud/lib/save_pointcloud/center_point_subscriber
-- Set non-toolchain portion of runtime path of "/home/csrobot/ros2_ws/src/save_pointcloud/install/save_pointcloud/lib/save_pointcloud/center_point_subscriber" to ""
-- Installing: /home/csrobot/ros2_ws/src/save_pointcloud/install/save_pointcloud/lib/save_pointcloud/center_point_publisher.py
-- Installing: /home/csrobot/ros2_ws/src/save_pointcloud/install/save_pointcloud/share/ament_index/resource_index/package_run_dependencies/save_pointcloud
-- Installing: /home/csrobot/ros2_ws/src/save_pointcloud/install/save_pointcloud/share/ament_index/resource_index/parent_prefix_path/save_pointcloud
-- Installing: /home/csrobot/ros2_ws/src/save_pointcloud/install/save_pointcloud/share/save_pointcloud/environment/ament_prefix_path.sh
-- Installing: /home/csrobot/ros2_ws/src/save_pointcloud/install/save_pointcloud/share/save_pointcloud/environment/ament_prefix_path.dsv
-- Installing: /home/csrobot/ros2_ws/src/save_pointcloud/install/save_pointcloud/share/save_pointcloud/environment/path.sh
-- Installing: /home/csrobot/ros2_ws/src/save_pointcloud/install/save_pointcloud/share/save_pointcloud/environment/path.dsv
-- Installing: /home/csrobot/ros2_ws/src/save_pointcloud/install/save_pointcloud/share/save_pointcloud/local_setup.bash
-- Installing: /home/csrobot/ros2_ws/src/save_pointcloud/install/save_pointcloud/share/save_pointcloud/local_setup.sh
-- Installing: /home/csrobot/ros2_ws/src/save_pointcloud/install/save_pointcloud/share/save_pointcloud/local_setup.zsh
-- Installing: /home/csrobot/ros2_ws/src/save_pointcloud/install/save_pointcloud/share/save_pointcloud/local_setup.dsv
-- Installing: /home/csrobot/ros2_ws/src/save_pointcloud/install/save_pointcloud/share/save_pointcloud/package.dsv
-- Installing: /home/csrobot/ros2_ws/src/save_pointcloud/install/save_pointcloud/share/ament_index/resource_index/packages/save_pointcloud
-- Installing: /home/csrobot/ros2_ws/src/save_pointcloud/install/save_pointcloud/share/save_pointcloud/cmake/export_save_pointcloud__rosidl_generator_cExport.cmake
-- Installing: /home/csrobot/ros2_ws/src/save_pointcloud/install/save_pointcloud/share/save_pointcloud/cmake/export_save_pointcloud__rosidl_generator_cExport-noconfig.cmake
-- Installing: /home/csrobot/ros2_ws/src/save_pointcloud/install/save_pointcloud/share/save_pointcloud/cmake/export_save_pointcloud__rosidl_typesupport_fastrtps_cExport.cmake
-- Installing: /home/csrobot/ros2_ws/src/save_pointcloud/install/save_pointcloud/share/save_pointcloud/cmake/export_save_pointcloud__rosidl_typesupport_fastrtps_cExport-noconfig.cmake
-- Installing: /home/csrobot/ros2_ws/src/save_pointcloud/install/save_pointcloud/share/save_pointcloud/cmake/export_save_pointcloud__rosidl_generator_cppExport.cmake
-- Installing: /home/csrobot/ros2_ws/src/save_pointcloud/install/save_pointcloud/share/save_pointcloud/cmake/export_save_pointcloud__rosidl_typesupport_fastrtps_cppExport.cmake
-- Installing: /home/csrobot/ros2_ws/src/save_pointcloud/install/save_pointcloud/share/save_pointcloud/cmake/export_save_pointcloud__rosidl_typesupport_fastrtps_cppExport-noconfig.cmake
-- Installing: /home/csrobot/ros2_ws/src/save_pointcloud/install/save_pointcloud/share/save_pointcloud/cmake/save_pointcloud__rosidl_typesupport_introspection_cExport.cmake
-- Installing: /home/csrobot/ros2_ws/src/save_pointcloud/install/save_pointcloud/share/save_pointcloud/cmake/save_pointcloud__rosidl_typesupport_introspection_cExport-noconfig.cmake
-- Installing: /home/csrobot/ros2_ws/src/save_pointcloud/install/save_pointcloud/share/save_pointcloud/cmake/save_pointcloud__rosidl_typesupport_cExport.cmake
-- Installing: /home/csrobot/ros2_ws/src/save_pointcloud/install/save_pointcloud/share/save_pointcloud/cmake/save_pointcloud__rosidl_typesupport_cExport-noconfig.cmake
-- Installing: /home/csrobot/ros2_ws/src/save_pointcloud/install/save_pointcloud/share/save_pointcloud/cmake/save_pointcloud__rosidl_typesupport_introspection_cppExport.cmake
-- Installing: /home/csrobot/ros2_ws/src/save_pointcloud/install/save_pointcloud/share/save_pointcloud/cmake/save_pointcloud__rosidl_typesupport_introspection_cppExport-noconfig.cmake
-- Installing: /home/csrobot/ros2_ws/src/save_pointcloud/install/save_pointcloud/share/save_pointcloud/cmake/save_pointcloud__rosidl_typesupport_cppExport.cmake
-- Installing: /home/csrobot/ros2_ws/src/save_pointcloud/install/save_pointcloud/share/save_pointcloud/cmake/save_pointcloud__rosidl_typesupport_cppExport-noconfig.cmake
-- Installing: /home/csrobot/ros2_ws/src/save_pointcloud/install/save_pointcloud/share/save_pointcloud/cmake/export_save_pointcloud__rosidl_generator_pyExport.cmake
-- Installing: /home/csrobot/ros2_ws/src/save_pointcloud/install/save_pointcloud/share/save_pointcloud/cmake/export_save_pointcloud__rosidl_generator_pyExport-noconfig.cmake
-- Installing: /home/csrobot/ros2_ws/src/save_pointcloud/install/save_pointcloud/share/save_pointcloud/cmake/rosidl_cmake-extras.cmake
-- Installing: /home/csrobot/ros2_ws/src/save_pointcloud/install/save_pointcloud/share/save_pointcloud/cmake/ament_cmake_export_dependencies-extras.cmake
-- Installing: /home/csrobot/ros2_ws/src/save_pointcloud/install/save_pointcloud/share/save_pointcloud/cmake/ament_cmake_export_include_directories-extras.cmake
-- Installing: /home/csrobot/ros2_ws/src/save_pointcloud/install/save_pointcloud/share/save_pointcloud/cmake/ament_cmake_export_libraries-extras.cmake
-- Installing: /home/csrobot/ros2_ws/src/save_pointcloud/install/save_pointcloud/share/save_pointcloud/cmake/ament_cmake_export_targets-extras.cmake
-- Installing: /home/csrobot/ros2_ws/src/save_pointcloud/install/save_pointcloud/share/save_pointcloud/cmake/rosidl_cmake_export_typesupport_targets-extras.cmake
-- Installing: /home/csrobot/ros2_ws/src/save_pointcloud/install/save_pointcloud/share/save_pointcloud/cmake/rosidl_cmake_export_typesupport_libraries-extras.cmake
-- Installing: /home/csrobot/ros2_ws/src/save_pointcloud/install/save_pointcloud/share/save_pointcloud/cmake/save_pointcloudConfig.cmake
-- Installing: /home/csrobot/ros2_ws/src/save_pointcloud/install/save_pointcloud/share/save_pointcloud/cmake/save_pointcloudConfig-version.cmake
-- Installing: /home/csrobot/ros2_ws/src/save_pointcloud/install/save_pointcloud/share/save_pointcloud/package.xml
