[0.136s] DEBUG:colcon:Command line arguments: ['/usr/bin/colcon', 'build']
[0.136s] DEBUG:colcon:Parsed command line arguments: Namespace(log_base=None, log_level=None, verb_name='build', build_base='build', install_base='install', merge_install=False, symlink_install=False, test_result_base=None, continue_on_error=False, executor='parallel', parallel_workers=16, event_handlers=None, ignore_user_meta=False, metas=['./colcon.meta'], base_paths=['.'], packages_ignore=None, packages_ignore_regex=None, paths=None, packages_up_to=None, packages_up_to_regex=None, packages_above=None, packages_above_and_dependencies=None, packages_above_depth=None, packages_select_by_dep=None, packages_skip_by_dep=None, packages_skip_up_to=None, packages_select_build_failed=False, packages_skip_build_finished=False, packages_select_test_failures=False, packages_skip_test_passed=False, packages_select=None, packages_skip=None, packages_select_regex=None, packages_skip_regex=None, packages_start=None, packages_end=None, allow_overriding=[], cmake_args=None, cmake_target=None, cmake_target_skip_unavailable=False, cmake_clean_cache=False, cmake_clean_first=False, cmake_force_configure=False, ament_cmake_args=None, catkin_cmake_args=None, catkin_skip_building_tests=False, mixin_files=None, mixin=None, verb_parser=<colcon_mixin.mixin.mixin_argument.MixinArgumentDecorator object at 0x7c72784084a0>, verb_extension=<colcon_core.verb.build.BuildVerb object at 0x7c7278c86510>, main=<bound method BuildVerb.main of <colcon_core.verb.build.BuildVerb object at 0x7c7278c86510>>, mixin_verb=('build',))
[0.171s] Level 1:colcon.colcon_core.package_discovery:discover_packages(colcon_meta) check parameters
[0.171s] Level 1:colcon.colcon_core.package_discovery:discover_packages(recursive) check parameters
[0.171s] Level 1:colcon.colcon_core.package_discovery:discover_packages(ignore) check parameters
[0.171s] Level 1:colcon.colcon_core.package_discovery:discover_packages(path) check parameters
[0.171s] Level 1:colcon.colcon_core.package_discovery:discover_packages(colcon_meta) discover
[0.171s] Level 1:colcon.colcon_core.package_discovery:discover_packages(recursive) discover
[0.171s] INFO:colcon.colcon_core.package_discovery:Crawling recursively for packages in '/home/csrobot/ros2_ws/src/save_pointcloud/src/utilities/build'
[0.171s] Level 1:colcon.colcon_core.package_identification:_identify(.) by extensions ['ignore', 'ignore_ament_install']
[0.171s] Level 1:colcon.colcon_core.package_identification:_identify(.) by extension 'ignore'
[0.171s] Level 1:colcon.colcon_core.package_identification:_identify(.) by extension 'ignore_ament_install'
[0.171s] Level 1:colcon.colcon_core.package_identification:_identify(.) by extensions ['colcon_pkg']
[0.171s] Level 1:colcon.colcon_core.package_identification:_identify(.) by extension 'colcon_pkg'
[0.171s] Level 1:colcon.colcon_core.package_identification:_identify(.) by extensions ['colcon_meta']
[0.171s] Level 1:colcon.colcon_core.package_identification:_identify(.) by extension 'colcon_meta'
[0.171s] Level 1:colcon.colcon_core.package_identification:_identify(.) by extensions ['ros']
[0.171s] Level 1:colcon.colcon_core.package_identification:_identify(.) by extension 'ros'
[0.188s] Level 1:colcon.colcon_core.package_identification:_identify(.) by extensions ['cmake', 'python']
[0.188s] Level 1:colcon.colcon_core.package_identification:_identify(.) by extension 'cmake'
[0.188s] Level 1:colcon.colcon_core.package_identification:_identify(.) by extension 'python'
[0.188s] Level 1:colcon.colcon_core.package_identification:_identify(.) by extensions ['python_setup_py']
[0.188s] Level 1:colcon.colcon_core.package_identification:_identify(.) by extension 'python_setup_py'
[0.188s] Level 1:colcon.colcon_core.package_identification:_identify(CMakeFiles) by extensions ['ignore', 'ignore_ament_install']
[0.188s] Level 1:colcon.colcon_core.package_identification:_identify(CMakeFiles) by extension 'ignore'
[0.188s] Level 1:colcon.colcon_core.package_identification:_identify(CMakeFiles) by extension 'ignore_ament_install'
[0.189s] Level 1:colcon.colcon_core.package_identification:_identify(CMakeFiles) by extensions ['colcon_pkg']
[0.189s] Level 1:colcon.colcon_core.package_identification:_identify(CMakeFiles) by extension 'colcon_pkg'
[0.189s] Level 1:colcon.colcon_core.package_identification:_identify(CMakeFiles) by extensions ['colcon_meta']
[0.189s] Level 1:colcon.colcon_core.package_identification:_identify(CMakeFiles) by extension 'colcon_meta'
[0.189s] Level 1:colcon.colcon_core.package_identification:_identify(CMakeFiles) by extensions ['ros']
[0.189s] Level 1:colcon.colcon_core.package_identification:_identify(CMakeFiles) by extension 'ros'
[0.189s] Level 1:colcon.colcon_core.package_identification:_identify(CMakeFiles) by extensions ['cmake', 'python']
[0.189s] Level 1:colcon.colcon_core.package_identification:_identify(CMakeFiles) by extension 'cmake'
[0.189s] Level 1:colcon.colcon_core.package_identification:_identify(CMakeFiles) by extension 'python'
[0.189s] Level 1:colcon.colcon_core.package_identification:_identify(CMakeFiles) by extensions ['python_setup_py']
[0.189s] Level 1:colcon.colcon_core.package_identification:_identify(CMakeFiles) by extension 'python_setup_py'
[0.189s] Level 1:colcon.colcon_core.package_identification:_identify(CMakeFiles/3.28.3) by extensions ['ignore', 'ignore_ament_install']
[0.189s] Level 1:colcon.colcon_core.package_identification:_identify(CMakeFiles/3.28.3) by extension 'ignore'
[0.189s] Level 1:colcon.colcon_core.package_identification:_identify(CMakeFiles/3.28.3) by extension 'ignore_ament_install'
[0.189s] Level 1:colcon.colcon_core.package_identification:_identify(CMakeFiles/3.28.3) by extensions ['colcon_pkg']
[0.189s] Level 1:colcon.colcon_core.package_identification:_identify(CMakeFiles/3.28.3) by extension 'colcon_pkg'
[0.189s] Level 1:colcon.colcon_core.package_identification:_identify(CMakeFiles/3.28.3) by extensions ['colcon_meta']
[0.189s] Level 1:colcon.colcon_core.package_identification:_identify(CMakeFiles/3.28.3) by extension 'colcon_meta'
[0.189s] Level 1:colcon.colcon_core.package_identification:_identify(CMakeFiles/3.28.3) by extensions ['ros']
[0.189s] Level 1:colcon.colcon_core.package_identification:_identify(CMakeFiles/3.28.3) by extension 'ros'
[0.189s] Level 1:colcon.colcon_core.package_identification:_identify(CMakeFiles/3.28.3) by extensions ['cmake', 'python']
[0.189s] Level 1:colcon.colcon_core.package_identification:_identify(CMakeFiles/3.28.3) by extension 'cmake'
[0.189s] Level 1:colcon.colcon_core.package_identification:_identify(CMakeFiles/3.28.3) by extension 'python'
[0.189s] Level 1:colcon.colcon_core.package_identification:_identify(CMakeFiles/3.28.3) by extensions ['python_setup_py']
[0.189s] Level 1:colcon.colcon_core.package_identification:_identify(CMakeFiles/3.28.3) by extension 'python_setup_py'
[0.189s] Level 1:colcon.colcon_core.package_identification:_identify(CMakeFiles/3.28.3/CompilerIdC) by extensions ['ignore', 'ignore_ament_install']
[0.189s] Level 1:colcon.colcon_core.package_identification:_identify(CMakeFiles/3.28.3/CompilerIdC) by extension 'ignore'
[0.189s] Level 1:colcon.colcon_core.package_identification:_identify(CMakeFiles/3.28.3/CompilerIdC) by extension 'ignore_ament_install'
[0.189s] Level 1:colcon.colcon_core.package_identification:_identify(CMakeFiles/3.28.3/CompilerIdC) by extensions ['colcon_pkg']
[0.189s] Level 1:colcon.colcon_core.package_identification:_identify(CMakeFiles/3.28.3/CompilerIdC) by extension 'colcon_pkg'
[0.189s] Level 1:colcon.colcon_core.package_identification:_identify(CMakeFiles/3.28.3/CompilerIdC) by extensions ['colcon_meta']
[0.189s] Level 1:colcon.colcon_core.package_identification:_identify(CMakeFiles/3.28.3/CompilerIdC) by extension 'colcon_meta'
[0.189s] Level 1:colcon.colcon_core.package_identification:_identify(CMakeFiles/3.28.3/CompilerIdC) by extensions ['ros']
[0.189s] Level 1:colcon.colcon_core.package_identification:_identify(CMakeFiles/3.28.3/CompilerIdC) by extension 'ros'
[0.189s] Level 1:colcon.colcon_core.package_identification:_identify(CMakeFiles/3.28.3/CompilerIdC) by extensions ['cmake', 'python']
[0.189s] Level 1:colcon.colcon_core.package_identification:_identify(CMakeFiles/3.28.3/CompilerIdC) by extension 'cmake'
[0.189s] Level 1:colcon.colcon_core.package_identification:_identify(CMakeFiles/3.28.3/CompilerIdC) by extension 'python'
[0.189s] Level 1:colcon.colcon_core.package_identification:_identify(CMakeFiles/3.28.3/CompilerIdC) by extensions ['python_setup_py']
[0.189s] Level 1:colcon.colcon_core.package_identification:_identify(CMakeFiles/3.28.3/CompilerIdC) by extension 'python_setup_py'
[0.189s] Level 1:colcon.colcon_core.package_identification:_identify(CMakeFiles/3.28.3/CompilerIdC/tmp) by extensions ['ignore', 'ignore_ament_install']
[0.189s] Level 1:colcon.colcon_core.package_identification:_identify(CMakeFiles/3.28.3/CompilerIdC/tmp) by extension 'ignore'
[0.189s] Level 1:colcon.colcon_core.package_identification:_identify(CMakeFiles/3.28.3/CompilerIdC/tmp) by extension 'ignore_ament_install'
[0.189s] Level 1:colcon.colcon_core.package_identification:_identify(CMakeFiles/3.28.3/CompilerIdC/tmp) by extensions ['colcon_pkg']
[0.189s] Level 1:colcon.colcon_core.package_identification:_identify(CMakeFiles/3.28.3/CompilerIdC/tmp) by extension 'colcon_pkg'
[0.190s] Level 1:colcon.colcon_core.package_identification:_identify(CMakeFiles/3.28.3/CompilerIdC/tmp) by extensions ['colcon_meta']
[0.190s] Level 1:colcon.colcon_core.package_identification:_identify(CMakeFiles/3.28.3/CompilerIdC/tmp) by extension 'colcon_meta'
[0.190s] Level 1:colcon.colcon_core.package_identification:_identify(CMakeFiles/3.28.3/CompilerIdC/tmp) by extensions ['ros']
[0.190s] Level 1:colcon.colcon_core.package_identification:_identify(CMakeFiles/3.28.3/CompilerIdC/tmp) by extension 'ros'
[0.190s] Level 1:colcon.colcon_core.package_identification:_identify(CMakeFiles/3.28.3/CompilerIdC/tmp) by extensions ['cmake', 'python']
[0.190s] Level 1:colcon.colcon_core.package_identification:_identify(CMakeFiles/3.28.3/CompilerIdC/tmp) by extension 'cmake'
[0.190s] Level 1:colcon.colcon_core.package_identification:_identify(CMakeFiles/3.28.3/CompilerIdC/tmp) by extension 'python'
[0.190s] Level 1:colcon.colcon_core.package_identification:_identify(CMakeFiles/3.28.3/CompilerIdC/tmp) by extensions ['python_setup_py']
[0.190s] Level 1:colcon.colcon_core.package_identification:_identify(CMakeFiles/3.28.3/CompilerIdC/tmp) by extension 'python_setup_py'
[0.190s] Level 1:colcon.colcon_core.package_identification:_identify(CMakeFiles/3.28.3/CompilerIdCXX) by extensions ['ignore', 'ignore_ament_install']
[0.190s] Level 1:colcon.colcon_core.package_identification:_identify(CMakeFiles/3.28.3/CompilerIdCXX) by extension 'ignore'
[0.190s] Level 1:colcon.colcon_core.package_identification:_identify(CMakeFiles/3.28.3/CompilerIdCXX) by extension 'ignore_ament_install'
[0.190s] Level 1:colcon.colcon_core.package_identification:_identify(CMakeFiles/3.28.3/CompilerIdCXX) by extensions ['colcon_pkg']
[0.190s] Level 1:colcon.colcon_core.package_identification:_identify(CMakeFiles/3.28.3/CompilerIdCXX) by extension 'colcon_pkg'
[0.190s] Level 1:colcon.colcon_core.package_identification:_identify(CMakeFiles/3.28.3/CompilerIdCXX) by extensions ['colcon_meta']
[0.190s] Level 1:colcon.colcon_core.package_identification:_identify(CMakeFiles/3.28.3/CompilerIdCXX) by extension 'colcon_meta'
[0.190s] Level 1:colcon.colcon_core.package_identification:_identify(CMakeFiles/3.28.3/CompilerIdCXX) by extensions ['ros']
[0.190s] Level 1:colcon.colcon_core.package_identification:_identify(CMakeFiles/3.28.3/CompilerIdCXX) by extension 'ros'
[0.190s] Level 1:colcon.colcon_core.package_identification:_identify(CMakeFiles/3.28.3/CompilerIdCXX) by extensions ['cmake', 'python']
[0.190s] Level 1:colcon.colcon_core.package_identification:_identify(CMakeFiles/3.28.3/CompilerIdCXX) by extension 'cmake'
[0.190s] Level 1:colcon.colcon_core.package_identification:_identify(CMakeFiles/3.28.3/CompilerIdCXX) by extension 'python'
[0.190s] Level 1:colcon.colcon_core.package_identification:_identify(CMakeFiles/3.28.3/CompilerIdCXX) by extensions ['python_setup_py']
[0.190s] Level 1:colcon.colcon_core.package_identification:_identify(CMakeFiles/3.28.3/CompilerIdCXX) by extension 'python_setup_py'
[0.190s] Level 1:colcon.colcon_core.package_identification:_identify(CMakeFiles/3.28.3/CompilerIdCXX/tmp) by extensions ['ignore', 'ignore_ament_install']
[0.190s] Level 1:colcon.colcon_core.package_identification:_identify(CMakeFiles/3.28.3/CompilerIdCXX/tmp) by extension 'ignore'
[0.190s] Level 1:colcon.colcon_core.package_identification:_identify(CMakeFiles/3.28.3/CompilerIdCXX/tmp) by extension 'ignore_ament_install'
[0.190s] Level 1:colcon.colcon_core.package_identification:_identify(CMakeFiles/3.28.3/CompilerIdCXX/tmp) by extensions ['colcon_pkg']
[0.190s] Level 1:colcon.colcon_core.package_identification:_identify(CMakeFiles/3.28.3/CompilerIdCXX/tmp) by extension 'colcon_pkg'
[0.190s] Level 1:colcon.colcon_core.package_identification:_identify(CMakeFiles/3.28.3/CompilerIdCXX/tmp) by extensions ['colcon_meta']
[0.190s] Level 1:colcon.colcon_core.package_identification:_identify(CMakeFiles/3.28.3/CompilerIdCXX/tmp) by extension 'colcon_meta'
[0.190s] Level 1:colcon.colcon_core.package_identification:_identify(CMakeFiles/3.28.3/CompilerIdCXX/tmp) by extensions ['ros']
[0.190s] Level 1:colcon.colcon_core.package_identification:_identify(CMakeFiles/3.28.3/CompilerIdCXX/tmp) by extension 'ros'
[0.190s] Level 1:colcon.colcon_core.package_identification:_identify(CMakeFiles/3.28.3/CompilerIdCXX/tmp) by extensions ['cmake', 'python']
[0.190s] Level 1:colcon.colcon_core.package_identification:_identify(CMakeFiles/3.28.3/CompilerIdCXX/tmp) by extension 'cmake'
[0.190s] Level 1:colcon.colcon_core.package_identification:_identify(CMakeFiles/3.28.3/CompilerIdCXX/tmp) by extension 'python'
[0.190s] Level 1:colcon.colcon_core.package_identification:_identify(CMakeFiles/3.28.3/CompilerIdCXX/tmp) by extensions ['python_setup_py']
[0.190s] Level 1:colcon.colcon_core.package_identification:_identify(CMakeFiles/3.28.3/CompilerIdCXX/tmp) by extension 'python_setup_py'
[0.190s] Level 1:colcon.colcon_core.package_identification:_identify(CMakeFiles/CMakeScratch) by extensions ['ignore', 'ignore_ament_install']
[0.190s] Level 1:colcon.colcon_core.package_identification:_identify(CMakeFiles/CMakeScratch) by extension 'ignore'
[0.190s] Level 1:colcon.colcon_core.package_identification:_identify(CMakeFiles/CMakeScratch) by extension 'ignore_ament_install'
[0.190s] Level 1:colcon.colcon_core.package_identification:_identify(CMakeFiles/CMakeScratch) by extensions ['colcon_pkg']
[0.190s] Level 1:colcon.colcon_core.package_identification:_identify(CMakeFiles/CMakeScratch) by extension 'colcon_pkg'
[0.190s] Level 1:colcon.colcon_core.package_identification:_identify(CMakeFiles/CMakeScratch) by extensions ['colcon_meta']
[0.190s] Level 1:colcon.colcon_core.package_identification:_identify(CMakeFiles/CMakeScratch) by extension 'colcon_meta'
[0.190s] Level 1:colcon.colcon_core.package_identification:_identify(CMakeFiles/CMakeScratch) by extensions ['ros']
[0.190s] Level 1:colcon.colcon_core.package_identification:_identify(CMakeFiles/CMakeScratch) by extension 'ros'
[0.190s] Level 1:colcon.colcon_core.package_identification:_identify(CMakeFiles/CMakeScratch) by extensions ['cmake', 'python']
[0.191s] Level 1:colcon.colcon_core.package_identification:_identify(CMakeFiles/CMakeScratch) by extension 'cmake'
[0.191s] Level 1:colcon.colcon_core.package_identification:_identify(CMakeFiles/CMakeScratch) by extension 'python'
[0.191s] Level 1:colcon.colcon_core.package_identification:_identify(CMakeFiles/CMakeScratch) by extensions ['python_setup_py']
[0.191s] Level 1:colcon.colcon_core.package_identification:_identify(CMakeFiles/CMakeScratch) by extension 'python_setup_py'
[0.191s] Level 1:colcon.colcon_core.package_identification:_identify(CMakeFiles/CMakeTmp) by extensions ['ignore', 'ignore_ament_install']
[0.191s] Level 1:colcon.colcon_core.package_identification:_identify(CMakeFiles/CMakeTmp) by extension 'ignore'
[0.191s] Level 1:colcon.colcon_core.package_identification:_identify(CMakeFiles/CMakeTmp) by extension 'ignore_ament_install'
[0.191s] Level 1:colcon.colcon_core.package_identification:_identify(CMakeFiles/CMakeTmp) by extensions ['colcon_pkg']
[0.191s] Level 1:colcon.colcon_core.package_identification:_identify(CMakeFiles/CMakeTmp) by extension 'colcon_pkg'
[0.191s] Level 1:colcon.colcon_core.package_identification:_identify(CMakeFiles/CMakeTmp) by extensions ['colcon_meta']
[0.191s] Level 1:colcon.colcon_core.package_identification:_identify(CMakeFiles/CMakeTmp) by extension 'colcon_meta'
[0.191s] Level 1:colcon.colcon_core.package_identification:_identify(CMakeFiles/CMakeTmp) by extensions ['ros']
[0.191s] Level 1:colcon.colcon_core.package_identification:_identify(CMakeFiles/CMakeTmp) by extension 'ros'
[0.191s] Level 1:colcon.colcon_core.package_identification:_identify(CMakeFiles/CMakeTmp) by extensions ['cmake', 'python']
[0.191s] Level 1:colcon.colcon_core.package_identification:_identify(CMakeFiles/CMakeTmp) by extension 'cmake'
[0.191s] Level 1:colcon.colcon_core.package_identification:_identify(CMakeFiles/CMakeTmp) by extension 'python'
[0.191s] Level 1:colcon.colcon_core.package_identification:_identify(CMakeFiles/CMakeTmp) by extensions ['python_setup_py']
[0.191s] Level 1:colcon.colcon_core.package_identification:_identify(CMakeFiles/CMakeTmp) by extension 'python_setup_py'
[0.191s] Level 1:colcon.colcon_core.package_identification:_identify(CMakeFiles/FindMPI) by extensions ['ignore', 'ignore_ament_install']
[0.191s] Level 1:colcon.colcon_core.package_identification:_identify(CMakeFiles/FindMPI) by extension 'ignore'
[0.191s] Level 1:colcon.colcon_core.package_identification:_identify(CMakeFiles/FindMPI) by extension 'ignore_ament_install'
[0.191s] Level 1:colcon.colcon_core.package_identification:_identify(CMakeFiles/FindMPI) by extensions ['colcon_pkg']
[0.191s] Level 1:colcon.colcon_core.package_identification:_identify(CMakeFiles/FindMPI) by extension 'colcon_pkg'
[0.191s] Level 1:colcon.colcon_core.package_identification:_identify(CMakeFiles/FindMPI) by extensions ['colcon_meta']
[0.191s] Level 1:colcon.colcon_core.package_identification:_identify(CMakeFiles/FindMPI) by extension 'colcon_meta'
[0.191s] Level 1:colcon.colcon_core.package_identification:_identify(CMakeFiles/FindMPI) by extensions ['ros']
[0.191s] Level 1:colcon.colcon_core.package_identification:_identify(CMakeFiles/FindMPI) by extension 'ros'
[0.191s] Level 1:colcon.colcon_core.package_identification:_identify(CMakeFiles/FindMPI) by extensions ['cmake', 'python']
[0.191s] Level 1:colcon.colcon_core.package_identification:_identify(CMakeFiles/FindMPI) by extension 'cmake'
[0.191s] Level 1:colcon.colcon_core.package_identification:_identify(CMakeFiles/FindMPI) by extension 'python'
[0.191s] Level 1:colcon.colcon_core.package_identification:_identify(CMakeFiles/FindMPI) by extensions ['python_setup_py']
[0.191s] Level 1:colcon.colcon_core.package_identification:_identify(CMakeFiles/FindMPI) by extension 'python_setup_py'
[0.191s] Level 1:colcon.colcon_core.package_identification:_identify(CMakeFiles/FindOpenMP) by extensions ['ignore', 'ignore_ament_install']
[0.191s] Level 1:colcon.colcon_core.package_identification:_identify(CMakeFiles/FindOpenMP) by extension 'ignore'
[0.191s] Level 1:colcon.colcon_core.package_identification:_identify(CMakeFiles/FindOpenMP) by extension 'ignore_ament_install'
[0.191s] Level 1:colcon.colcon_core.package_identification:_identify(CMakeFiles/FindOpenMP) by extensions ['colcon_pkg']
[0.191s] Level 1:colcon.colcon_core.package_identification:_identify(CMakeFiles/FindOpenMP) by extension 'colcon_pkg'
[0.191s] Level 1:colcon.colcon_core.package_identification:_identify(CMakeFiles/FindOpenMP) by extensions ['colcon_meta']
[0.191s] Level 1:colcon.colcon_core.package_identification:_identify(CMakeFiles/FindOpenMP) by extension 'colcon_meta'
[0.191s] Level 1:colcon.colcon_core.package_identification:_identify(CMakeFiles/FindOpenMP) by extensions ['ros']
[0.191s] Level 1:colcon.colcon_core.package_identification:_identify(CMakeFiles/FindOpenMP) by extension 'ros'
[0.191s] Level 1:colcon.colcon_core.package_identification:_identify(CMakeFiles/FindOpenMP) by extensions ['cmake', 'python']
[0.191s] Level 1:colcon.colcon_core.package_identification:_identify(CMakeFiles/FindOpenMP) by extension 'cmake'
[0.191s] Level 1:colcon.colcon_core.package_identification:_identify(CMakeFiles/FindOpenMP) by extension 'python'
[0.191s] Level 1:colcon.colcon_core.package_identification:_identify(CMakeFiles/FindOpenMP) by extensions ['python_setup_py']
[0.191s] Level 1:colcon.colcon_core.package_identification:_identify(CMakeFiles/FindOpenMP) by extension 'python_setup_py'
[0.192s] Level 1:colcon.colcon_core.package_identification:_identify(CMakeFiles/pcd_to_image.dir) by extensions ['ignore', 'ignore_ament_install']
[0.192s] Level 1:colcon.colcon_core.package_identification:_identify(CMakeFiles/pcd_to_image.dir) by extension 'ignore'
[0.192s] Level 1:colcon.colcon_core.package_identification:_identify(CMakeFiles/pcd_to_image.dir) by extension 'ignore_ament_install'
[0.192s] Level 1:colcon.colcon_core.package_identification:_identify(CMakeFiles/pcd_to_image.dir) by extensions ['colcon_pkg']
[0.192s] Level 1:colcon.colcon_core.package_identification:_identify(CMakeFiles/pcd_to_image.dir) by extension 'colcon_pkg'
[0.192s] Level 1:colcon.colcon_core.package_identification:_identify(CMakeFiles/pcd_to_image.dir) by extensions ['colcon_meta']
[0.192s] Level 1:colcon.colcon_core.package_identification:_identify(CMakeFiles/pcd_to_image.dir) by extension 'colcon_meta'
[0.192s] Level 1:colcon.colcon_core.package_identification:_identify(CMakeFiles/pcd_to_image.dir) by extensions ['ros']
[0.192s] Level 1:colcon.colcon_core.package_identification:_identify(CMakeFiles/pcd_to_image.dir) by extension 'ros'
[0.192s] Level 1:colcon.colcon_core.package_identification:_identify(CMakeFiles/pcd_to_image.dir) by extensions ['cmake', 'python']
[0.192s] Level 1:colcon.colcon_core.package_identification:_identify(CMakeFiles/pcd_to_image.dir) by extension 'cmake'
[0.192s] Level 1:colcon.colcon_core.package_identification:_identify(CMakeFiles/pcd_to_image.dir) by extension 'python'
[0.192s] Level 1:colcon.colcon_core.package_identification:_identify(CMakeFiles/pcd_to_image.dir) by extensions ['python_setup_py']
[0.192s] Level 1:colcon.colcon_core.package_identification:_identify(CMakeFiles/pcd_to_image.dir) by extension 'python_setup_py'
[0.192s] Level 1:colcon.colcon_core.package_identification:_identify(CMakeFiles/pkgRedirects) by extensions ['ignore', 'ignore_ament_install']
[0.192s] Level 1:colcon.colcon_core.package_identification:_identify(CMakeFiles/pkgRedirects) by extension 'ignore'
[0.192s] Level 1:colcon.colcon_core.package_identification:_identify(CMakeFiles/pkgRedirects) by extension 'ignore_ament_install'
[0.192s] Level 1:colcon.colcon_core.package_identification:_identify(CMakeFiles/pkgRedirects) by extensions ['colcon_pkg']
[0.192s] Level 1:colcon.colcon_core.package_identification:_identify(CMakeFiles/pkgRedirects) by extension 'colcon_pkg'
[0.192s] Level 1:colcon.colcon_core.package_identification:_identify(CMakeFiles/pkgRedirects) by extensions ['colcon_meta']
[0.192s] Level 1:colcon.colcon_core.package_identification:_identify(CMakeFiles/pkgRedirects) by extension 'colcon_meta'
[0.192s] Level 1:colcon.colcon_core.package_identification:_identify(CMakeFiles/pkgRedirects) by extensions ['ros']
[0.192s] Level 1:colcon.colcon_core.package_identification:_identify(CMakeFiles/pkgRedirects) by extension 'ros'
[0.192s] Level 1:colcon.colcon_core.package_identification:_identify(CMakeFiles/pkgRedirects) by extensions ['cmake', 'python']
[0.192s] Level 1:colcon.colcon_core.package_identification:_identify(CMakeFiles/pkgRedirects) by extension 'cmake'
[0.192s] Level 1:colcon.colcon_core.package_identification:_identify(CMakeFiles/pkgRedirects) by extension 'python'
[0.192s] Level 1:colcon.colcon_core.package_identification:_identify(CMakeFiles/pkgRedirects) by extensions ['python_setup_py']
[0.192s] Level 1:colcon.colcon_core.package_identification:_identify(CMakeFiles/pkgRedirects) by extension 'python_setup_py'
[0.192s] Level 1:colcon.colcon_core.package_identification:_identify(build) by extensions ['ignore', 'ignore_ament_install']
[0.192s] Level 1:colcon.colcon_core.package_identification:_identify(build) by extension 'ignore'
[0.192s] Level 1:colcon.colcon_core.package_identification:_identify(build) ignored
[0.192s] Level 1:colcon.colcon_core.package_identification:_identify(install) by extensions ['ignore', 'ignore_ament_install']
[0.192s] Level 1:colcon.colcon_core.package_identification:_identify(install) by extension 'ignore'
[0.192s] Level 1:colcon.colcon_core.package_identification:_identify(install) ignored
[0.192s] Level 1:colcon.colcon_core.package_identification:_identify(log) by extensions ['ignore', 'ignore_ament_install']
[0.192s] Level 1:colcon.colcon_core.package_identification:_identify(log) by extension 'ignore'
[0.192s] Level 1:colcon.colcon_core.package_identification:_identify(log) ignored
[0.192s] Level 1:colcon.colcon_core.package_discovery:discover_packages(recursive) using defaults
[0.192s] Level 1:colcon.colcon_core.package_discovery:discover_packages(ignore) discover
[0.192s] Level 1:colcon.colcon_core.package_discovery:discover_packages(ignore) using defaults
[0.192s] Level 1:colcon.colcon_core.package_discovery:discover_packages(path) discover
[0.192s] Level 1:colcon.colcon_core.package_discovery:discover_packages(path) using defaults
[0.207s] Level 1:colcon.colcon_core.package_discovery:discover_packages(prefix_path) check parameters
[0.207s] Level 1:colcon.colcon_core.package_discovery:discover_packages(prefix_path) discover
[0.210s] DEBUG:colcon.colcon_installed_package_information.package_discovery:Found 7 installed packages in /home/csrobot/ros2_ws/install
[0.210s] DEBUG:colcon.colcon_installed_package_information.package_discovery:Found 290 installed packages in /opt/ros/jazzy
[0.211s] Level 1:colcon.colcon_core.package_discovery:discover_packages(prefix_path) using defaults
[0.234s] INFO:colcon.colcon_core.executor:Executing jobs using 'parallel' executor
[0.235s] DEBUG:colcon.colcon_parallel_executor.executor.parallel:run_until_complete
[0.235s] DEBUG:colcon.colcon_parallel_executor.executor.parallel:closing loop
[0.235s] DEBUG:colcon.colcon_parallel_executor.executor.parallel:loop closed
[0.235s] DEBUG:colcon.colcon_parallel_executor.executor.parallel:run_until_complete finished with '0'
[0.235s] DEBUG:colcon.colcon_core.event_reactor:joining thread
[0.243s] INFO:colcon.colcon_core.plugin_system:Skipping extension 'colcon_notification.desktop_notification.terminal_notifier': Not used on non-Darwin systems
[0.243s] INFO:colcon.colcon_core.plugin_system:Skipping extension 'colcon_notification.desktop_notification.win32': Not used on non-Windows systems
[0.243s] INFO:colcon.colcon_notification.desktop_notification:Sending desktop notification using 'notify2'
[0.252s] DEBUG:colcon.colcon_core.event_reactor:joined thread
[0.256s] INFO:colcon.colcon_core.plugin_system:Skipping extension 'colcon_core.shell.bat': Not used on non-Windows systems
[0.257s] INFO:colcon.colcon_core.shell:Creating prefix script '/home/csrobot/ros2_ws/src/save_pointcloud/src/utilities/build/install/local_setup.ps1'
[0.257s] INFO:colcon.colcon_core.shell:Creating prefix util module '/home/csrobot/ros2_ws/src/save_pointcloud/src/utilities/build/install/_local_setup_util_ps1.py'
[0.258s] INFO:colcon.colcon_core.shell:Creating prefix chain script '/home/csrobot/ros2_ws/src/save_pointcloud/src/utilities/build/install/setup.ps1'
[0.259s] INFO:colcon.colcon_core.shell:Creating prefix script '/home/csrobot/ros2_ws/src/save_pointcloud/src/utilities/build/install/local_setup.sh'
[0.259s] INFO:colcon.colcon_core.shell:Creating prefix util module '/home/csrobot/ros2_ws/src/save_pointcloud/src/utilities/build/install/_local_setup_util_sh.py'
[0.259s] INFO:colcon.colcon_core.shell:Creating prefix chain script '/home/csrobot/ros2_ws/src/save_pointcloud/src/utilities/build/install/setup.sh'
[0.260s] INFO:colcon.colcon_core.shell:Creating prefix script '/home/csrobot/ros2_ws/src/save_pointcloud/src/utilities/build/install/local_setup.bash'
[0.260s] INFO:colcon.colcon_core.shell:Creating prefix chain script '/home/csrobot/ros2_ws/src/save_pointcloud/src/utilities/build/install/setup.bash'
[0.261s] INFO:colcon.colcon_core.shell:Creating prefix script '/home/csrobot/ros2_ws/src/save_pointcloud/src/utilities/build/install/local_setup.zsh'
[0.262s] INFO:colcon.colcon_core.shell:Creating prefix chain script '/home/csrobot/ros2_ws/src/save_pointcloud/src/utilities/build/install/setup.zsh'
