[  2%] Built target save_pointcloud__rosidl_generator_type_description
[  6%] Built target pointcloud_client
[  6%] Built target ament_cmake_python_copy_save_pointcloud
[ 11%] Built target pointcloud_subscriber
[ 15%] Built target pointcloud_publisher
[ 20%] Built target pointcloud_server
[ 22%] Built target save_pointcloud__cpp
[ 34%] Built target save_pointcloud__rosidl_generator_c
[ 36%] [32mBuilding CXX object CMakeFiles/center_point_subscriber.dir/src/center_point_subscriber.cpp.o[0m
[ 43%] Built target save_pointcloud__rosidl_typesupport_fastrtps_cpp
[ 52%] Built target save_pointcloud__rosidl_typesupport_introspection_cpp
[ 56%] Built target save_pointcloud__rosidl_typesupport_cpp
[ 63%] Built target save_pointcloud__rosidl_typesupport_introspection_c
[ 70%] Built target save_pointcloud__rosidl_typesupport_fastrtps_c
[ 77%] Built target save_pointcloud__rosidl_typesupport_c
[ 77%] Built target save_pointcloud
[ 79%] Built target save_pointcloud__py
[ 84%] Built target save_pointcloud__rosidl_generator_py
[ 88%] Built target save_pointcloud_s__rosidl_typesupport_introspection_c
[ 93%] Built target save_pointcloud_s__rosidl_typesupport_c
[ 97%] Built target save_pointcloud_s__rosidl_typesupport_fastrtps_c
running egg_info
writing save_pointcloud.egg-info/PKG-INFO
writing dependency_links to save_pointcloud.egg-info/dependency_links.txt
writing top-level names to save_pointcloud.egg-info/top_level.txt
reading manifest file 'save_pointcloud.egg-info/SOURCES.txt'
writing manifest file 'save_pointcloud.egg-info/SOURCES.txt'
[ 97%] Built target ament_cmake_python_build_save_pointcloud_egg
[01m[K/home/csrobot/ros2_ws/src/save_pointcloud/src/center_point_subscriber.cpp:7:10:[m[K [01;31m[Kfatal error: [m[Ksave_pointcloud/msg/bounding_box_center.hpp: No such file or directory
    7 | #include [01;31m[K"save_pointcloud/msg/bounding_box_center.hpp"[m[K
      |          [01;31m[K^~~~~~~~~~~~~~~~~~~~~~~~~~~~~~~~~~~~~~~~~~~~~[m[K
compilation terminated.
gmake[2]: *** [CMakeFiles/center_point_subscriber.dir/build.make:76: CMakeFiles/center_point_subscriber.dir/src/center_point_subscriber.cpp.o] Error 1
gmake[1]: *** [CMakeFiles/Makefile2:735: CMakeFiles/center_point_subscriber.dir/all] Error 2
gmake: *** [Makefile:146: all] Error 2
