[0.008s] Invoking command in '/home/csrobot/ros2_ws/src/save_pointcloud/build/save_pointcloud': DEBUGINFOD_URLS=https://debuginfod.ubuntu.com /usr/bin/cmake /home/csrobot/ros2_ws/src/save_pointcloud -DCMAKE_INSTALL_PREFIX=/home/csrobot/ros2_ws/src/save_pointcloud/install/save_pointcloud
[0.069s] -- The C compiler identification is GNU 13.3.0
[0.126s] -- The CXX compiler identification is GNU 13.3.0
[0.157s] -- Detecting C compiler ABI info
[0.342s] -- Detecting C compiler ABI info - done
[0.351s] -- Check for working C compiler: /usr/bin/cc - skipped
[0.351s] -- Detecting C compile features
[0.351s] -- Detecting C compile features - done
[0.358s] -- Detecting CXX compiler ABI info
[0.507s] -- Detecting CXX compiler ABI info - done
[0.513s] -- Check for working CXX compiler: /usr/bin/c++ - skipped
[0.513s] -- Detecting CXX compile features
[0.513s] -- Detecting CXX compile features - done
[0.520s] -- Found ament_cmake: 2.5.5 (/opt/ros/jazzy/share/ament_cmake/cmake)
[0.618s] -- Found Python3: /usr/bin/python3 (found version "3.12.3") found components: Interpreter 
[0.679s] -- Found rclcpp: 28.1.16 (/opt/ros/jazzy/share/rclcpp/cmake)
[0.701s] -- Found rosidl_generator_c: 4.6.7 (/opt/ros/jazzy/share/rosidl_generator_c/cmake)
[0.709s] -- Found rosidl_generator_cpp: 4.6.7 (/opt/ros/jazzy/share/rosidl_generator_cpp/cmake)
[0.718s] -- Using all available rosidl_typesupport_c: rosidl_typesupport_fastrtps_c;rosidl_typesupport_introspection_c
[0.729s] -- Using all available rosidl_typesupport_cpp: rosidl_typesupport_fastrtps_cpp;rosidl_typesupport_introspection_cpp
[0.773s] -- Found rmw_implementation_cmake: 7.3.3 (/opt/ros/jazzy/share/rmw_implementation_cmake/cmake)
[0.774s] -- Found rmw_fastrtps_cpp: 8.4.3 (/opt/ros/jazzy/share/rmw_fastrtps_cpp/cmake)
[0.842s] -- Found OpenSSL: /usr/lib/x86_64-linux-gnu/libcrypto.so (found version "3.0.13")  
[0.866s] -- Found FastRTPS: /opt/ros/jazzy/include (Required is at least version "2.13") 
[0.901s] -- Using RMW implementation 'rmw_fastrtps_cpp' as default
[0.946s] -- Found sensor_msgs: 5.3.6 (/opt/ros/jazzy/share/sensor_msgs/cmake)
[0.981s] -- Found rosidl_default_generators: 1.6.0 (/opt/ros/jazzy/share/rosidl_default_generators/cmake)
[0.990s] -- Found rosidl_adapter: 4.6.7 (/opt/ros/jazzy/share/rosidl_adapter/cmake)
[0.993s] -- Found std_srvs: 5.3.6 (/opt/ros/jazzy/share/std_srvs/cmake)
[1.003s] -- Found cv_bridge: 4.1.0 (/opt/ros/jazzy/share/cv_bridge/cmake)
[1.012s] -- Found OpenCV: /usr (found version "4.6.0") 
[1.036s] -- Found Boost: /usr/lib/x86_64-linux-gnu/cmake/Boost-1.83.0/BoostConfig.cmake (found suitable version "1.83.0", minimum required is "1.65.0") found components: system filesystem iostreams serialization 
[1.038s] [33mCMake Warning (dev) at /usr/lib/x86_64-linux-gnu/cmake/pcl/Modules/FindFLANN.cmake:45 (find_package):
[1.038s]   Policy CMP0144 is not set: find_package uses upper-case <PACKAGENAME>_ROOT
[1.038s]   variables.  Run "cmake --help-policy CMP0144" for policy details.  Use the
[1.038s]   cmake_policy command to set the policy and suppress this warning.
[1.038s] 
[1.039s]   CMake variable FLANN_ROOT is set to:
[1.039s] 
[1.039s]     /usr
[1.039s] 
[1.039s]   For compatibility, find_package is ignoring the variable, but code in a
[1.039s]   .cmake module might still use it.
[1.039s] Call Stack (most recent call first):
[1.039s]   /usr/lib/x86_64-linux-gnu/cmake/pcl/PCLConfig.cmake:261 (find_package)
[1.039s]   /usr/lib/x86_64-linux-gnu/cmake/pcl/PCLConfig.cmake:306 (find_flann)
[1.039s]   /usr/lib/x86_64-linux-gnu/cmake/pcl/PCLConfig.cmake:570 (find_external_library)
[1.040s]   CMakeLists.txt:17 (find_package)
[1.040s] This warning is for project developers.  Use -Wno-dev to suppress it.
[1.040s] [0m
[1.040s] -- Found flann version 1.9.2
[1.359s] -- Found OpenMP_CXX: -fopenmp (found version "4.5") 
[1.359s] -- Found OpenMP: TRUE (found version "4.5") found components: CXX 
[1.441s] -- Checking for module 'libusb-1.0'
[1.489s] --   Found libusb-1.0, version 1.0.27
[1.540s] -- Found libusb: /usr/lib/x86_64-linux-gnu/libusb-1.0.so  
[1.541s] -- Found OpenNI: /usr/lib/libOpenNI.so;libusb::libusb (found version "1.5.4.0") 
[1.541s] -- OpenNI found (version: 1.5.4.0, include: /usr/include/ni, lib: /usr/lib/libOpenNI.so;libusb::libusb)
[1.576s] -- Found OpenNI2: /usr/lib/x86_64-linux-gnu/libOpenNI2.so;libusb::libusb (found version "2.2.0.33") 
[1.576s] -- OpenNI2 found (version: 2.2.0.33, include: /usr/include/openni2, lib: /usr/lib/x86_64-linux-gnu/libOpenNI2.so;libusb::libusb)
[1.578s] -- Could NOT find Pcap (missing: PCAP_LIBRARIES PCAP_INCLUDE_DIRS) 
[1.578s] [0m** WARNING ** io features related to pcap will be disabled[0m
[1.587s] -- Found ZLIB: /usr/lib/x86_64-linux-gnu/libz.so (found version "1.3")  
[1.600s] -- Found PNG: /usr/lib/x86_64-linux-gnu/libpng.so (found version "1.6.43") 
[1.623s] -- Performing Test CMAKE_HAVE_LIBC_PTHREAD
[1.682s] -- Performing Test CMAKE_HAVE_LIBC_PTHREAD - Success
[1.683s] -- Found Threads: TRUE  
[1.685s] -- Found GLEW: /usr/lib/x86_64-linux-gnu/libGLEW.so  
[1.689s] -- Found OpenGL: /usr/lib/x86_64-linux-gnu/libOpenGL.so  found components: OpenGL GLX 
[1.811s] -- Found MPI_C: /usr/lib/x86_64-linux-gnu/libmpi.so (found version "3.1") 
[1.811s] -- Found MPI: TRUE (found version "3.1") found components: C 
[1.813s] -- Found JsonCpp: /usr/lib/x86_64-linux-gnu/libjsoncpp.so (found suitable version "1.9.5", minimum required is "0.7.0") 
[1.842s] -- Found Eigen3: /usr/include/eigen3 (found version "3.4.0") 
[1.976s] -- Found X11: /usr/include   
[1.977s] -- Looking for XOpenDisplay in /usr/lib/x86_64-linux-gnu/libX11.so;/usr/lib/x86_64-linux-gnu/libXext.so
[2.112s] -- Looking for XOpenDisplay in /usr/lib/x86_64-linux-gnu/libX11.so;/usr/lib/x86_64-linux-gnu/libXext.so - found
[2.113s] -- Looking for gethostbyname
[2.227s] -- Looking for gethostbyname - found
[2.227s] -- Looking for connect
[2.292s] -- Looking for connect - found
[2.292s] -- Looking for remove
[2.381s] -- Looking for remove - found
[2.382s] -- Looking for shmat
[2.485s] -- Looking for shmat - found
[2.485s] -- Looking for IceConnectionNumber in ICE
[2.626s] -- Looking for IceConnectionNumber in ICE - found
[2.755s] -- Found EXPAT: /usr/lib/x86_64-linux-gnu/libexpat.so (found version "2.6.1") 
[2.760s] -- Found double-conversion: /usr/lib/x86_64-linux-gnu/libdouble-conversion.so  
[2.763s] -- Found LZ4: /usr/lib/x86_64-linux-gnu/liblz4.so (found version "1.9.4") 
[2.764s] -- Found LZMA: /usr/lib/x86_64-linux-gnu/liblzma.so (found version "5.4.5") 
[2.776s] -- Found JPEG: /usr/lib/x86_64-linux-gnu/libjpeg.so (found version "80") 
[2.786s] -- Found TIFF: /usr/lib/x86_64-linux-gnu/libtiff.so (found version "4.5.1")  
[2.789s] -- Found Freetype: /usr/lib/x86_64-linux-gnu/libfreetype.so (found version "2.13.2") 
[2.792s] -- Found utf8cpp: /usr/include/utf8cpp  
[2.811s] -- looking for PCL_COMMON
[2.811s] -- Found PCL_COMMON: /usr/lib/x86_64-linux-gnu/libpcl_common.so  
[2.811s] -- looking for PCL_KDTREE
[2.812s] -- Found PCL_KDTREE: /usr/lib/x86_64-linux-gnu/libpcl_kdtree.so  
[2.812s] -- looking for PCL_OCTREE
[2.813s] -- Found PCL_OCTREE: /usr/lib/x86_64-linux-gnu/libpcl_octree.so  
[2.813s] -- looking for PCL_SEARCH
[2.813s] -- Found PCL_SEARCH: /usr/lib/x86_64-linux-gnu/libpcl_search.so  
[2.813s] -- looking for PCL_SAMPLE_CONSENSUS
[2.814s] -- Found PCL_SAMPLE_CONSENSUS: /usr/lib/x86_64-linux-gnu/libpcl_sample_consensus.so  
[2.814s] -- looking for PCL_FILTERS
[2.815s] -- Found PCL_FILTERS: /usr/lib/x86_64-linux-gnu/libpcl_filters.so  
[2.815s] -- looking for PCL_IO
[2.815s] -- Found PCL_IO: /usr/lib/x86_64-linux-gnu/libpcl_io.so  
[2.816s] -- Found PCL: pcl_common;pcl_kdtree;pcl_octree;pcl_search;pcl_sample_consensus;pcl_filters;pcl_io;Boost::system;Boost::filesystem;Boost::iostreams;Boost::serialization;/usr/lib/libOpenNI.so;libusb::libusb;/usr/lib/x86_64-linux-gnu/libOpenNI2.so;libusb::libusb;VTK::ChartsCore;VTK::CommonColor;VTK::CommonComputationalGeometry;VTK::CommonCore;VTK::CommonDataModel;VTK::CommonExecutionModel;VTK::CommonMath;VTK::CommonMisc;VTK::CommonTransforms;VTK::FiltersCore;VTK::FiltersExtraction;VTK::FiltersGeneral;VTK::FiltersGeometry;VTK::FiltersModeling;VTK::FiltersSources;VTK::ImagingCore;VTK::ImagingSources;VTK::InteractionImage;VTK::InteractionStyle;VTK::InteractionWidgets;VTK::IOCore;VTK::IOGeometry;VTK::IOImage;VTK::IOLegacy;VTK::IOPLY;VTK::RenderingAnnotation;VTK::RenderingCore;VTK::RenderingContext2D;VTK::RenderingLOD;VTK::RenderingFreeType;VTK::ViewsCore;VTK::ViewsContext2D;VTK::RenderingOpenGL2;VTK::RenderingContextOpenGL2;VTK::GUISupportQt;FLANN::FLANN  
[2.817s] -- Found pcl_conversions: 2.6.2 (/opt/ros/jazzy/share/pcl_conversions/cmake)
[3.050s] Error parsing '/home/csrobot/ros2_ws/src/save_pointcloud/package.xml':
[5.101s] Traceback (most recent call last):
[5.101s]   File "/opt/ros/jazzy/share/ament_cmake_core/cmake/core/package_xml_2_cmake.py", line 150, in <module>
[5.101s]     main()
[5.101s]   File "/opt/ros/jazzy/share/ament_cmake_core/cmake/core/package_xml_2_cmake.py", line 53, in main
[5.102s]     raise e
[5.102s]   File "/opt/ros/jazzy/share/ament_cmake_core/cmake/core/package_xml_2_cmake.py", line 49, in main
[5.102s]     package = parse_package_string(
[5.102s]               ^^^^^^^^^^^^^^^^^^^^^
[5.102s]   File "/usr/lib/python3/dist-packages/catkin_pkg/package.py", line 786, in parse_package_string
[5.102s]     raise InvalidPackage('Error(s):%s' % (''.join(['\n- %s' % e for e in errors])), filename)
[5.102s] catkin_pkg.package.InvalidPackage: Error(s) in package '/home/csrobot/ros2_ws/src/save_pointcloud/package.xml':
[5.102s] Error(s):
[5.102s] - The generic dependency on 'geometry_msgs' is redundant with: exec_depend
[5.128s] [31mCMake Error at /opt/ros/jazzy/share/ament_cmake_core/cmake/core/ament_package_xml.cmake:95 (message):
[5.128s]   execute_process(/usr/bin/python3
[5.128s]   /opt/ros/jazzy/share/ament_cmake_core/cmake/core/package_xml_2_cmake.py
[5.128s]   /home/csrobot/ros2_ws/src/save_pointcloud/package.xml
[5.128s]   /home/csrobot/ros2_ws/src/save_pointcloud/build/save_pointcloud/ament_cmake_core/package.cmake)
[5.128s]   returned error code 1
[5.128s] Call Stack (most recent call first):
[5.128s]   /opt/ros/jazzy/share/ament_cmake_core/cmake/core/ament_package_xml.cmake:49 (_ament_package_xml)
[5.128s]   /opt/ros/jazzy/share/rosidl_cmake/cmake/rosidl_generate_interfaces.cmake:220 (ament_package_xml)
[5.128s]   CMakeLists.txt:20 (rosidl_generate_interfaces)
[5.128s] 
[5.128s] [0m
[5.128s] -- Configuring incomplete, errors occurred!
[5.140s] Invoked command in '/home/csrobot/ros2_ws/src/save_pointcloud/build/save_pointcloud' returned '1': DEBUGINFOD_URLS=https://debuginfod.ubuntu.com /usr/bin/cmake /home/csrobot/ros2_ws/src/save_pointcloud -DCMAKE_INSTALL_PREFIX=/home/csrobot/ros2_ws/src/save_pointcloud/install/save_pointcloud
