-- Found ament_cmake: 2.5.5 (/opt/ros/jazzy/share/ament_cmake/cmake)
-- Found rclcpp: 28.1.16 (/opt/ros/jazzy/share/rclcpp/cmake)
-- Found rosidl_generator_c: 4.6.7 (/opt/ros/jazzy/share/rosidl_generator_c/cmake)
-- Found rosidl_generator_cpp: 4.6.7 (/opt/ros/jazzy/share/rosidl_generator_cpp/cmake)
-- Using all available rosidl_typesupport_c: rosidl_typesupport_fastrtps_c;rosidl_typesupport_introspection_c
-- Using all available rosidl_typesupport_cpp: rosidl_typesupport_fastrtps_cpp;rosidl_typesupport_introspection_cpp
-- Found rmw_implementation_cmake: 7.3.3 (/opt/ros/jazzy/share/rmw_implementation_cmake/cmake)
-- Found rmw_fastrtps_cpp: 8.4.3 (/opt/ros/jazzy/share/rmw_fastrtps_cpp/cmake)
-- Using RMW implementation 'rmw_fastrtps_cpp' as default
-- Found sensor_msgs: 5.3.6 (/opt/ros/jazzy/share/sensor_msgs/cmake)
-- Found rosidl_default_generators: 1.6.0 (/opt/ros/jazzy/share/rosidl_default_generators/cmake)
-- Found rosidl_adapter: 4.6.7 (/opt/ros/jazzy/share/rosidl_adapter/cmake)
-- Found std_srvs: 5.3.6 (/opt/ros/jazzy/share/std_srvs/cmake)
-- Found cv_bridge: 4.1.0 (/opt/ros/jazzy/share/cv_bridge/cmake)
-- Found flann version 1.9.2
-- OpenNI found (version: 1.5.4.0, include: /usr/include/ni, lib: /usr/lib/libOpenNI.so;libusb::libusb)
-- OpenNI2 found (version: 2.2.0.33, include: /usr/include/openni2, lib: /usr/lib/x86_64-linux-gnu/libOpenNI2.so;libusb::libusb)
-- Could NOT find Pcap (missing: PCAP_LIBRARIES PCAP_INCLUDE_DIRS) 
-- looking for PCL_COMMON
-- looking for PCL_KDTREE
-- looking for PCL_OCTREE
-- looking for PCL_SEARCH
-- looking for PCL_SAMPLE_CONSENSUS
-- looking for PCL_FILTERS
-- looking for PCL_IO
-- Found pcl_conversions: 2.6.2 (/opt/ros/jazzy/share/pcl_conversions/cmake)
-- Found ament_cmake_ros: 0.12.0 (/opt/ros/jazzy/share/ament_cmake_ros/cmake)
-- Using all available rosidl_typesupport_c: rosidl_typesupport_fastrtps_c;rosidl_typesupport_introspection_c
-- Using all available rosidl_typesupport_cpp: rosidl_typesupport_fastrtps_cpp;rosidl_typesupport_introspection_cpp
-- Found python_cmake_module: 0.11.1 (/opt/ros/jazzy/share/python_cmake_module/cmake)
-- Found Python3: /usr/bin/python3 (found version "3.12.3") found components: Interpreter Development NumPy Development.Module Development.Embed 
-- Configuring done (1.4s)
-- Generating done (0.1s)
-- Build files have been written to: /home/csrobot/ros2_ws/src/save_pointcloud/build/save_pointcloud
[  2%] Built target save_pointcloud__rosidl_generator_type_description
[  2%] Built target ament_cmake_python_copy_save_pointcloud
[  6%] Built target pointcloud_client
[ 11%] Built target pointcloud_publisher
[ 13%] Built target save_pointcloud__cpp
[ 18%] Built target pointcloud_subscriber
[ 22%] Built target pointcloud_server
[ 34%] Built target save_pointcloud__rosidl_generator_c
[ 40%] Built target save_pointcloud__rosidl_typesupport_introspection_c
[ 47%] Built target save_pointcloud__rosidl_typesupport_fastrtps_c
[ 54%] Built target save_pointcloud__rosidl_typesupport_cpp
[ 61%] Built target save_pointcloud__rosidl_typesupport_introspection_cpp
[ 68%] Built target save_pointcloud__rosidl_typesupport_c
[ 75%] Built target save_pointcloud__rosidl_typesupport_fastrtps_cpp
[ 75%] Built target save_pointcloud
[ 77%] [32mBuilding CXX object CMakeFiles/center_point_subscriber.dir/src/center_point_subscriber.cpp.o[0m
[ 79%] Built target save_pointcloud__py
[ 84%] Built target save_pointcloud__rosidl_generator_py
[ 88%] Built target save_pointcloud_s__rosidl_typesupport_introspection_c
[ 93%] Built target save_pointcloud_s__rosidl_typesupport_c
[ 97%] Built target save_pointcloud_s__rosidl_typesupport_fastrtps_c
running egg_info
writing save_pointcloud.egg-info/PKG-INFO
writing dependency_links to save_pointcloud.egg-info/dependency_links.txt
writing top-level names to save_pointcloud.egg-info/top_level.txt
reading manifest file 'save_pointcloud.egg-info/SOURCES.txt'
writing manifest file 'save_pointcloud.egg-info/SOURCES.txt'
[ 97%] Built target ament_cmake_python_build_save_pointcloud_egg
[100%] [32m[1mLinking CXX executable center_point_subscriber[0m
[100%] Built target center_point_subscriber
-- Install configuration: ""
-- Up-to-date: /home/csrobot/ros2_ws/src/save_pointcloud/install/save_pointcloud/share/ament_index/resource_index/rosidl_interfaces/save_pointcloud
-- Up-to-date: /home/csrobot/ros2_ws/src/save_pointcloud/install/save_pointcloud/share/save_pointcloud/msg/BoundingBoxCenter.json
-- Up-to-date: /home/csrobot/ros2_ws/src/save_pointcloud/install/save_pointcloud/include/save_pointcloud/save_pointcloud
-- Up-to-date: /home/csrobot/ros2_ws/src/save_pointcloud/install/save_pointcloud/include/save_pointcloud/save_pointcloud/msg
-- Up-to-date: /home/csrobot/ros2_ws/src/save_pointcloud/install/save_pointcloud/include/save_pointcloud/save_pointcloud/msg/detail
-- Up-to-date: /home/csrobot/ros2_ws/src/save_pointcloud/install/save_pointcloud/include/save_pointcloud/save_pointcloud/msg/detail/bounding_box_center__struct.h
-- Up-to-date: /home/csrobot/ros2_ws/src/save_pointcloud/install/save_pointcloud/include/save_pointcloud/save_pointcloud/msg/detail/bounding_box_center__description.c
-- Up-to-date: /home/csrobot/ros2_ws/src/save_pointcloud/install/save_pointcloud/include/save_pointcloud/save_pointcloud/msg/detail/bounding_box_center__type_support.c
-- Up-to-date: /home/csrobot/ros2_ws/src/save_pointcloud/install/save_pointcloud/include/save_pointcloud/save_pointcloud/msg/detail/bounding_box_center__type_support.h
-- Up-to-date: /home/csrobot/ros2_ws/src/save_pointcloud/install/save_pointcloud/include/save_pointcloud/save_pointcloud/msg/detail/bounding_box_center__functions.c
-- Up-to-date: /home/csrobot/ros2_ws/src/save_pointcloud/install/save_pointcloud/include/save_pointcloud/save_pointcloud/msg/detail/bounding_box_center__functions.h
-- Up-to-date: /home/csrobot/ros2_ws/src/save_pointcloud/install/save_pointcloud/include/save_pointcloud/save_pointcloud/msg/bounding_box_center.h
-- Up-to-date: /home/csrobot/ros2_ws/src/save_pointcloud/install/save_pointcloud/include/save_pointcloud/save_pointcloud/msg/rosidl_generator_c__visibility_control.h
-- Up-to-date: /home/csrobot/ros2_ws/src/save_pointcloud/install/save_pointcloud/share/save_pointcloud/environment/library_path.sh
-- Up-to-date: /home/csrobot/ros2_ws/src/save_pointcloud/install/save_pointcloud/share/save_pointcloud/environment/library_path.dsv
-- Up-to-date: /home/csrobot/ros2_ws/src/save_pointcloud/install/save_pointcloud/lib/libsave_pointcloud__rosidl_generator_c.so
-- Up-to-date: /home/csrobot/ros2_ws/src/save_pointcloud/install/save_pointcloud/include/save_pointcloud/save_pointcloud
-- Up-to-date: /home/csrobot/ros2_ws/src/save_pointcloud/install/save_pointcloud/include/save_pointcloud/save_pointcloud/msg
-- Up-to-date: /home/csrobot/ros2_ws/src/save_pointcloud/install/save_pointcloud/include/save_pointcloud/save_pointcloud/msg/detail
-- Up-to-date: /home/csrobot/ros2_ws/src/save_pointcloud/install/save_pointcloud/include/save_pointcloud/save_pointcloud/msg/detail/bounding_box_center__rosidl_typesupport_fastrtps_c.h
-- Up-to-date: /home/csrobot/ros2_ws/src/save_pointcloud/install/save_pointcloud/include/save_pointcloud/save_pointcloud/msg/rosidl_typesupport_fastrtps_c__visibility_control.h
-- Up-to-date: /home/csrobot/ros2_ws/src/save_pointcloud/install/save_pointcloud/lib/libsave_pointcloud__rosidl_typesupport_fastrtps_c.so
-- Up-to-date: /home/csrobot/ros2_ws/src/save_pointcloud/install/save_pointcloud/include/save_pointcloud/save_pointcloud
-- Up-to-date: /home/csrobot/ros2_ws/src/save_pointcloud/install/save_pointcloud/include/save_pointcloud/save_pointcloud/msg
-- Up-to-date: /home/csrobot/ros2_ws/src/save_pointcloud/install/save_pointcloud/include/save_pointcloud/save_pointcloud/msg/detail
-- Up-to-date: /home/csrobot/ros2_ws/src/save_pointcloud/install/save_pointcloud/include/save_pointcloud/save_pointcloud/msg/detail/bounding_box_center__struct.hpp
-- Up-to-date: /home/csrobot/ros2_ws/src/save_pointcloud/install/save_pointcloud/include/save_pointcloud/save_pointcloud/msg/detail/bounding_box_center__type_support.hpp
-- Up-to-date: /home/csrobot/ros2_ws/src/save_pointcloud/install/save_pointcloud/include/save_pointcloud/save_pointcloud/msg/detail/bounding_box_center__builder.hpp
-- Up-to-date: /home/csrobot/ros2_ws/src/save_pointcloud/install/save_pointcloud/include/save_pointcloud/save_pointcloud/msg/detail/bounding_box_center__traits.hpp
-- Up-to-date: /home/csrobot/ros2_ws/src/save_pointcloud/install/save_pointcloud/include/save_pointcloud/save_pointcloud/msg/bounding_box_center.hpp
-- Up-to-date: /home/csrobot/ros2_ws/src/save_pointcloud/install/save_pointcloud/include/save_pointcloud/save_pointcloud/msg/rosidl_generator_cpp__visibility_control.hpp
-- Up-to-date: /home/csrobot/ros2_ws/src/save_pointcloud/install/save_pointcloud/include/save_pointcloud/save_pointcloud
-- Up-to-date: /home/csrobot/ros2_ws/src/save_pointcloud/install/save_pointcloud/include/save_pointcloud/save_pointcloud/msg
-- Up-to-date: /home/csrobot/ros2_ws/src/save_pointcloud/install/save_pointcloud/include/save_pointcloud/save_pointcloud/msg/detail
-- Up-to-date: /home/csrobot/ros2_ws/src/save_pointcloud/install/save_pointcloud/include/save_pointcloud/save_pointcloud/msg/detail/dds_fastrtps
-- Up-to-date: /home/csrobot/ros2_ws/src/save_pointcloud/install/save_pointcloud/include/save_pointcloud/save_pointcloud/msg/detail/bounding_box_center__rosidl_typesupport_fastrtps_cpp.hpp
-- Up-to-date: /home/csrobot/ros2_ws/src/save_pointcloud/install/save_pointcloud/include/save_pointcloud/save_pointcloud/msg/rosidl_typesupport_fastrtps_cpp__visibility_control.h
-- Up-to-date: /home/csrobot/ros2_ws/src/save_pointcloud/install/save_pointcloud/lib/libsave_pointcloud__rosidl_typesupport_fastrtps_cpp.so
-- Up-to-date: /home/csrobot/ros2_ws/src/save_pointcloud/install/save_pointcloud/include/save_pointcloud/save_pointcloud
-- Up-to-date: /home/csrobot/ros2_ws/src/save_pointcloud/install/save_pointcloud/include/save_pointcloud/save_pointcloud/msg
-- Up-to-date: /home/csrobot/ros2_ws/src/save_pointcloud/install/save_pointcloud/include/save_pointcloud/save_pointcloud/msg/detail
-- Up-to-date: /home/csrobot/ros2_ws/src/save_pointcloud/install/save_pointcloud/include/save_pointcloud/save_pointcloud/msg/detail/bounding_box_center__rosidl_typesupport_introspection_c.h
-- Up-to-date: /home/csrobot/ros2_ws/src/save_pointcloud/install/save_pointcloud/include/save_pointcloud/save_pointcloud/msg/detail/bounding_box_center__type_support.c
-- Up-to-date: /home/csrobot/ros2_ws/src/save_pointcloud/install/save_pointcloud/include/save_pointcloud/save_pointcloud/msg/rosidl_typesupport_introspection_c__visibility_control.h
-- Up-to-date: /home/csrobot/ros2_ws/src/save_pointcloud/install/save_pointcloud/lib/libsave_pointcloud__rosidl_typesupport_introspection_c.so
-- Up-to-date: /home/csrobot/ros2_ws/src/save_pointcloud/install/save_pointcloud/lib/libsave_pointcloud__rosidl_typesupport_c.so
-- Up-to-date: /home/csrobot/ros2_ws/src/save_pointcloud/install/save_pointcloud/include/save_pointcloud/save_pointcloud
-- Up-to-date: /home/csrobot/ros2_ws/src/save_pointcloud/install/save_pointcloud/include/save_pointcloud/save_pointcloud/msg
-- Up-to-date: /home/csrobot/ros2_ws/src/save_pointcloud/install/save_pointcloud/include/save_pointcloud/save_pointcloud/msg/detail
-- Up-to-date: /home/csrobot/ros2_ws/src/save_pointcloud/install/save_pointcloud/include/save_pointcloud/save_pointcloud/msg/detail/bounding_box_center__rosidl_typesupport_introspection_cpp.hpp
-- Up-to-date: /home/csrobot/ros2_ws/src/save_pointcloud/install/save_pointcloud/include/save_pointcloud/save_pointcloud/msg/detail/bounding_box_center__type_support.cpp
-- Up-to-date: /home/csrobot/ros2_ws/src/save_pointcloud/install/save_pointcloud/lib/libsave_pointcloud__rosidl_typesupport_introspection_cpp.so
-- Up-to-date: /home/csrobot/ros2_ws/src/save_pointcloud/install/save_pointcloud/lib/libsave_pointcloud__rosidl_typesupport_cpp.so
-- Up-to-date: /home/csrobot/ros2_ws/src/save_pointcloud/install/save_pointcloud/share/save_pointcloud/environment/pythonpath.sh
-- Up-to-date: /home/csrobot/ros2_ws/src/save_pointcloud/install/save_pointcloud/share/save_pointcloud/environment/pythonpath.dsv
-- Up-to-date: /home/csrobot/ros2_ws/src/save_pointcloud/install/save_pointcloud/lib/python3.12/site-packages/save_pointcloud-0.0.0-py3.12.egg-info
-- Installing: /home/csrobot/ros2_ws/src/save_pointcloud/install/save_pointcloud/lib/python3.12/site-packages/save_pointcloud-0.0.0-py3.12.egg-info/dependency_links.txt
-- Installing: /home/csrobot/ros2_ws/src/save_pointcloud/install/save_pointcloud/lib/python3.12/site-packages/save_pointcloud-0.0.0-py3.12.egg-info/SOURCES.txt
-- Installing: /home/csrobot/ros2_ws/src/save_pointcloud/install/save_pointcloud/lib/python3.12/site-packages/save_pointcloud-0.0.0-py3.12.egg-info/top_level.txt
-- Installing: /home/csrobot/ros2_ws/src/save_pointcloud/install/save_pointcloud/lib/python3.12/site-packages/save_pointcloud-0.0.0-py3.12.egg-info/PKG-INFO
-- Up-to-date: /home/csrobot/ros2_ws/src/save_pointcloud/install/save_pointcloud/lib/python3.12/site-packages/save_pointcloud
-- Up-to-date: /home/csrobot/ros2_ws/src/save_pointcloud/install/save_pointcloud/lib/python3.12/site-packages/save_pointcloud/save_pointcloud_s__rosidl_typesupport_introspection_c.so
-- Up-to-date: /home/csrobot/ros2_ws/src/save_pointcloud/install/save_pointcloud/lib/python3.12/site-packages/save_pointcloud/_save_pointcloud_s.ep.rosidl_typesupport_introspection_c.c
-- Up-to-date: /home/csrobot/ros2_ws/src/save_pointcloud/install/save_pointcloud/lib/python3.12/site-packages/save_pointcloud/_save_pointcloud_s.ep.rosidl_typesupport_c.c
-- Up-to-date: /home/csrobot/ros2_ws/src/save_pointcloud/install/save_pointcloud/lib/python3.12/site-packages/save_pointcloud/msg
-- Up-to-date: /home/csrobot/ros2_ws/src/save_pointcloud/install/save_pointcloud/lib/python3.12/site-packages/save_pointcloud/msg/__init__.py
-- Up-to-date: /home/csrobot/ros2_ws/src/save_pointcloud/install/save_pointcloud/lib/python3.12/site-packages/save_pointcloud/msg/_bounding_box_center.py
-- Up-to-date: /home/csrobot/ros2_ws/src/save_pointcloud/install/save_pointcloud/lib/python3.12/site-packages/save_pointcloud/msg/_bounding_box_center_s.c
-- Up-to-date: /home/csrobot/ros2_ws/src/save_pointcloud/install/save_pointcloud/lib/python3.12/site-packages/save_pointcloud/save_pointcloud_s__rosidl_typesupport_c.so
-- Up-to-date: /home/csrobot/ros2_ws/src/save_pointcloud/install/save_pointcloud/lib/python3.12/site-packages/save_pointcloud/_save_pointcloud_s.ep.rosidl_typesupport_fastrtps_c.c
-- Up-to-date: /home/csrobot/ros2_ws/src/save_pointcloud/install/save_pointcloud/lib/python3.12/site-packages/save_pointcloud/save_pointcloud_s__rosidl_typesupport_fastrtps_c.so
-- Installing: /home/csrobot/ros2_ws/src/save_pointcloud/install/save_pointcloud/lib/python3.12/site-packages/save_pointcloud/__init__.py
Listing '/home/csrobot/ros2_ws/src/save_pointcloud/install/save_pointcloud/lib/python3.12/site-packages/save_pointcloud'...
Compiling '/home/csrobot/ros2_ws/src/save_pointcloud/install/save_pointcloud/lib/python3.12/site-packages/save_pointcloud/__init__.py'...
Listing '/home/csrobot/ros2_ws/src/save_pointcloud/install/save_pointcloud/lib/python3.12/site-packages/save_pointcloud/msg'...
-- Up-to-date: /home/csrobot/ros2_ws/src/save_pointcloud/install/save_pointcloud/lib/python3.12/site-packages/save_pointcloud/save_pointcloud_s__rosidl_typesupport_fastrtps_c.so
-- Up-to-date: /home/csrobot/ros2_ws/src/save_pointcloud/install/save_pointcloud/lib/python3.12/site-packages/save_pointcloud/save_pointcloud_s__rosidl_typesupport_introspection_c.so
-- Up-to-date: /home/csrobot/ros2_ws/src/save_pointcloud/install/save_pointcloud/lib/python3.12/site-packages/save_pointcloud/save_pointcloud_s__rosidl_typesupport_c.so
-- Up-to-date: /home/csrobot/ros2_ws/src/save_pointcloud/install/save_pointcloud/lib/libsave_pointcloud__rosidl_generator_py.so
-- Up-to-date: /home/csrobot/ros2_ws/src/save_pointcloud/install/save_pointcloud/share/save_pointcloud/msg/BoundingBoxCenter.idl
-- Up-to-date: /home/csrobot/ros2_ws/src/save_pointcloud/install/save_pointcloud/share/save_pointcloud/msg/BoundingBoxCenter.msg
-- Up-to-date: /home/csrobot/ros2_ws/src/save_pointcloud/install/save_pointcloud/lib/save_pointcloud/pointcloud_subscriber
-- Up-to-date: /home/csrobot/ros2_ws/src/save_pointcloud/install/save_pointcloud/lib/save_pointcloud/pointcloud_server
-- Up-to-date: /home/csrobot/ros2_ws/src/save_pointcloud/install/save_pointcloud/lib/save_pointcloud/pointcloud_client
-- Up-to-date: /home/csrobot/ros2_ws/src/save_pointcloud/install/save_pointcloud/lib/save_pointcloud/pointcloud_publisher
-- Installing: /home/csrobot/ros2_ws/src/save_pointcloud/install/save_pointcloud/lib/save_pointcloud/center_point_subscriber
-- Set non-toolchain portion of runtime path of "/home/csrobot/ros2_ws/src/save_pointcloud/install/save_pointcloud/lib/save_pointcloud/center_point_subscriber" to ""
