[0.010s] Invoking command in '/home/csrobot/ros2_ws/src/save_pointcloud/build/save_pointcloud': CMAKE_PREFIX_PATH=${CMAKE_PREFIX_PATH}:/opt/ros/jazzy DEBUGINFOD_URLS=https://debuginfod.ubuntu.com /usr/bin/cmake --build /home/csrobot/ros2_ws/src/save_pointcloud/build/save_pointcloud -- -j16 -l16
[0.029s] -- Found ament_cmake: 2.5.5 (/opt/ros/jazzy/share/ament_cmake/cmake)
[0.101s] -- Found rclcpp: 28.1.16 (/opt/ros/jazzy/share/rclcpp/cmake)
[0.124s] -- Found rosidl_generator_c: 4.6.7 (/opt/ros/jazzy/share/rosidl_generator_c/cmake)
[0.130s] -- Found rosidl_generator_cpp: 4.6.7 (/opt/ros/jazzy/share/rosidl_generator_cpp/cmake)
[0.137s] -- Using all available rosidl_typesupport_c: rosidl_typesupport_fastrtps_c;rosidl_typesupport_introspection_c
[0.146s] -- Using all available rosidl_typesupport_cpp: rosidl_typesupport_fastrtps_cpp;rosidl_typesupport_introspection_cpp
[0.184s] -- Found rmw_implementation_cmake: 7.3.3 (/opt/ros/jazzy/share/rmw_implementation_cmake/cmake)
[0.185s] -- Found rmw_fastrtps_cpp: 8.4.3 (/opt/ros/jazzy/share/rmw_fastrtps_cpp/cmake)
[0.230s] -- Using RMW implementation 'rmw_fastrtps_cpp' as default
[0.273s] -- Found sensor_msgs: 5.3.6 (/opt/ros/jazzy/share/sensor_msgs/cmake)
[0.307s] -- Found rosidl_default_generators: 1.6.0 (/opt/ros/jazzy/share/rosidl_default_generators/cmake)
[0.312s] -- Found rosidl_adapter: 4.6.7 (/opt/ros/jazzy/share/rosidl_adapter/cmake)
[0.313s] -- Found std_srvs: 5.3.6 (/opt/ros/jazzy/share/std_srvs/cmake)
[0.323s] -- Found cv_bridge: 4.1.0 (/opt/ros/jazzy/share/cv_bridge/cmake)
[0.344s] [33mCMake Warning (dev) at /usr/lib/x86_64-linux-gnu/cmake/pcl/Modules/FindFLANN.cmake:45 (find_package):
[0.344s]   Policy CMP0144 is not set: find_package uses upper-case <PACKAGENAME>_ROOT
[0.344s]   variables.  Run "cmake --help-policy CMP0144" for policy details.  Use the
[0.344s]   cmake_policy command to set the policy and suppress this warning.
[0.344s] 
[0.344s]   CMake variable FLANN_ROOT is set to:
[0.344s] 
[0.344s]     /usr
[0.344s] 
[0.344s]   For compatibility, find_package is ignoring the variable, but code in a
[0.344s]   .cmake module might still use it.
[0.345s] Call Stack (most recent call first):
[0.345s]   /usr/lib/x86_64-linux-gnu/cmake/pcl/PCLConfig.cmake:261 (find_package)
[0.345s]   /usr/lib/x86_64-linux-gnu/cmake/pcl/PCLConfig.cmake:306 (find_flann)
[0.345s]   /usr/lib/x86_64-linux-gnu/cmake/pcl/PCLConfig.cmake:570 (find_external_library)
[0.345s]   CMakeLists.txt:17 (find_package)
[0.345s] This warning is for project developers.  Use -Wno-dev to suppress it.
[0.345s] [0m
[0.345s] -- Found flann version 1.9.2
[0.357s] -- OpenNI found (version: 1.5.4.0, include: /usr/include/ni, lib: /usr/lib/libOpenNI.so;libusb::libusb)
[0.367s] -- OpenNI2 found (version: 2.2.0.33, include: /usr/include/openni2, lib: /usr/lib/x86_64-linux-gnu/libOpenNI2.so;libusb::libusb)
[0.371s] -- Could NOT find Pcap (missing: PCAP_LIBRARIES PCAP_INCLUDE_DIRS) 
[0.371s] [0m** WARNING ** io features related to pcap will be disabled[0m
[0.681s] -- looking for PCL_COMMON
[0.681s] -- looking for PCL_KDTREE
[0.682s] -- looking for PCL_OCTREE
[0.682s] -- looking for PCL_SEARCH
[0.682s] -- looking for PCL_SAMPLE_CONSENSUS
[0.682s] -- looking for PCL_FILTERS
[0.682s] -- looking for PCL_IO
[0.683s] -- Found pcl_conversions: 2.6.2 (/opt/ros/jazzy/share/pcl_conversions/cmake)
[0.896s] -- Found ament_cmake_ros: 0.12.0 (/opt/ros/jazzy/share/ament_cmake_ros/cmake)
[1.074s] -- Using all available rosidl_typesupport_c: rosidl_typesupport_fastrtps_c;rosidl_typesupport_introspection_c
[1.143s] -- Using all available rosidl_typesupport_cpp: rosidl_typesupport_fastrtps_cpp;rosidl_typesupport_introspection_cpp
[1.144s] -- Found python_cmake_module: 0.11.1 (/opt/ros/jazzy/share/python_cmake_module/cmake)
[1.353s] -- Found Python3: /usr/bin/python3 (found version "3.12.3") found components: Interpreter Development NumPy Development.Module Development.Embed 
[1.399s] -- Configuring done (1.4s)
[1.468s] -- Generating done (0.1s)
[1.482s] -- Build files have been written to: /home/csrobot/ros2_ws/src/save_pointcloud/build/save_pointcloud
[1.515s] [  2%] Built target save_pointcloud__rosidl_generator_type_description
[1.522s] [  2%] Built target ament_cmake_python_copy_save_pointcloud
[1.523s] [  6%] Built target pointcloud_client
[1.529s] [ 11%] Built target pointcloud_publisher
[1.531s] [ 13%] Built target save_pointcloud__cpp
[1.532s] [ 18%] Built target pointcloud_subscriber
[1.535s] [ 22%] Built target pointcloud_server
[1.536s] [ 34%] Built target save_pointcloud__rosidl_generator_c
[1.556s] [ 40%] Built target save_pointcloud__rosidl_typesupport_introspection_c
[1.557s] [ 47%] Built target save_pointcloud__rosidl_typesupport_fastrtps_c
[1.557s] [ 54%] Built target save_pointcloud__rosidl_typesupport_cpp
[1.560s] [ 61%] Built target save_pointcloud__rosidl_typesupport_introspection_cpp
[1.561s] [ 68%] Built target save_pointcloud__rosidl_typesupport_c
[1.562s] [ 75%] Built target save_pointcloud__rosidl_typesupport_fastrtps_cpp
[1.575s] [ 75%] Built target save_pointcloud
[1.583s] [ 77%] [32mBuilding CXX object CMakeFiles/center_point_subscriber.dir/src/center_point_subscriber.cpp.o[0m
[1.592s] [ 79%] Built target save_pointcloud__py
[1.610s] [ 84%] Built target save_pointcloud__rosidl_generator_py
[1.626s] [ 88%] Built target save_pointcloud_s__rosidl_typesupport_introspection_c
[1.627s] [ 93%] Built target save_pointcloud_s__rosidl_typesupport_c
[1.627s] [ 97%] Built target save_pointcloud_s__rosidl_typesupport_fastrtps_c
[1.656s] running egg_info
[1.668s] writing save_pointcloud.egg-info/PKG-INFO
[1.668s] writing dependency_links to save_pointcloud.egg-info/dependency_links.txt
[1.668s] writing top-level names to save_pointcloud.egg-info/top_level.txt
[1.697s] reading manifest file 'save_pointcloud.egg-info/SOURCES.txt'
[1.697s] writing manifest file 'save_pointcloud.egg-info/SOURCES.txt'
[1.714s] [ 97%] Built target ament_cmake_python_build_save_pointcloud_egg
[7.405s] [100%] [32m[1mLinking CXX executable center_point_subscriber[0m
[7.765s] [100%] Built target center_point_subscriber
[7.777s] Invoked command in '/home/csrobot/ros2_ws/src/save_pointcloud/build/save_pointcloud' returned '0': CMAKE_PREFIX_PATH=${CMAKE_PREFIX_PATH}:/opt/ros/jazzy DEBUGINFOD_URLS=https://debuginfod.ubuntu.com /usr/bin/cmake --build /home/csrobot/ros2_ws/src/save_pointcloud/build/save_pointcloud -- -j16 -l16
[7.789s] Invoking command in '/home/csrobot/ros2_ws/src/save_pointcloud/build/save_pointcloud': CMAKE_PREFIX_PATH=${CMAKE_PREFIX_PATH}:/opt/ros/jazzy DEBUGINFOD_URLS=https://debuginfod.ubuntu.com /usr/bin/cmake --install /home/csrobot/ros2_ws/src/save_pointcloud/build/save_pointcloud
[7.800s] -- Install configuration: ""
[7.801s] -- Up-to-date: /home/csrobot/ros2_ws/src/save_pointcloud/install/save_pointcloud/share/ament_index/resource_index/rosidl_interfaces/save_pointcloud
[7.801s] -- Up-to-date: /home/csrobot/ros2_ws/src/save_pointcloud/install/save_pointcloud/share/save_pointcloud/msg/BoundingBoxCenter.json
[7.801s] -- Up-to-date: /home/csrobot/ros2_ws/src/save_pointcloud/install/save_pointcloud/include/save_pointcloud/save_pointcloud
[7.801s] -- Up-to-date: /home/csrobot/ros2_ws/src/save_pointcloud/install/save_pointcloud/include/save_pointcloud/save_pointcloud/msg
[7.801s] -- Up-to-date: /home/csrobot/ros2_ws/src/save_pointcloud/install/save_pointcloud/include/save_pointcloud/save_pointcloud/msg/detail
[7.801s] -- Up-to-date: /home/csrobot/ros2_ws/src/save_pointcloud/install/save_pointcloud/include/save_pointcloud/save_pointcloud/msg/detail/bounding_box_center__struct.h
[7.802s] -- Up-to-date: /home/csrobot/ros2_ws/src/save_pointcloud/install/save_pointcloud/include/save_pointcloud/save_pointcloud/msg/detail/bounding_box_center__description.c
[7.802s] -- Up-to-date: /home/csrobot/ros2_ws/src/save_pointcloud/install/save_pointcloud/include/save_pointcloud/save_pointcloud/msg/detail/bounding_box_center__type_support.c
[7.802s] -- Up-to-date: /home/csrobot/ros2_ws/src/save_pointcloud/install/save_pointcloud/include/save_pointcloud/save_pointcloud/msg/detail/bounding_box_center__type_support.h
[7.802s] -- Up-to-date: /home/csrobot/ros2_ws/src/save_pointcloud/install/save_pointcloud/include/save_pointcloud/save_pointcloud/msg/detail/bounding_box_center__functions.c
[7.802s] -- Up-to-date: /home/csrobot/ros2_ws/src/save_pointcloud/install/save_pointcloud/include/save_pointcloud/save_pointcloud/msg/detail/bounding_box_center__functions.h
[7.802s] -- Up-to-date: /home/csrobot/ros2_ws/src/save_pointcloud/install/save_pointcloud/include/save_pointcloud/save_pointcloud/msg/bounding_box_center.h
[7.802s] -- Up-to-date: /home/csrobot/ros2_ws/src/save_pointcloud/install/save_pointcloud/include/save_pointcloud/save_pointcloud/msg/rosidl_generator_c__visibility_control.h
[7.802s] -- Up-to-date: /home/csrobot/ros2_ws/src/save_pointcloud/install/save_pointcloud/share/save_pointcloud/environment/library_path.sh
[7.802s] -- Up-to-date: /home/csrobot/ros2_ws/src/save_pointcloud/install/save_pointcloud/share/save_pointcloud/environment/library_path.dsv
[7.803s] -- Up-to-date: /home/csrobot/ros2_ws/src/save_pointcloud/install/save_pointcloud/lib/libsave_pointcloud__rosidl_generator_c.so
[7.803s] -- Up-to-date: /home/csrobot/ros2_ws/src/save_pointcloud/install/save_pointcloud/include/save_pointcloud/save_pointcloud
[7.803s] -- Up-to-date: /home/csrobot/ros2_ws/src/save_pointcloud/install/save_pointcloud/include/save_pointcloud/save_pointcloud/msg
[7.803s] -- Up-to-date: /home/csrobot/ros2_ws/src/save_pointcloud/install/save_pointcloud/include/save_pointcloud/save_pointcloud/msg/detail
[7.803s] -- Up-to-date: /home/csrobot/ros2_ws/src/save_pointcloud/install/save_pointcloud/include/save_pointcloud/save_pointcloud/msg/detail/bounding_box_center__rosidl_typesupport_fastrtps_c.h
[7.803s] -- Up-to-date: /home/csrobot/ros2_ws/src/save_pointcloud/install/save_pointcloud/include/save_pointcloud/save_pointcloud/msg/rosidl_typesupport_fastrtps_c__visibility_control.h
[7.803s] -- Up-to-date: /home/csrobot/ros2_ws/src/save_pointcloud/install/save_pointcloud/lib/libsave_pointcloud__rosidl_typesupport_fastrtps_c.so
[7.803s] -- Up-to-date: /home/csrobot/ros2_ws/src/save_pointcloud/install/save_pointcloud/include/save_pointcloud/save_pointcloud
[7.803s] -- Up-to-date: /home/csrobot/ros2_ws/src/save_pointcloud/install/save_pointcloud/include/save_pointcloud/save_pointcloud/msg
[7.804s] -- Up-to-date: /home/csrobot/ros2_ws/src/save_pointcloud/install/save_pointcloud/include/save_pointcloud/save_pointcloud/msg/detail
[7.804s] -- Up-to-date: /home/csrobot/ros2_ws/src/save_pointcloud/install/save_pointcloud/include/save_pointcloud/save_pointcloud/msg/detail/bounding_box_center__struct.hpp
[7.804s] -- Up-to-date: /home/csrobot/ros2_ws/src/save_pointcloud/install/save_pointcloud/include/save_pointcloud/save_pointcloud/msg/detail/bounding_box_center__type_support.hpp
[7.804s] -- Up-to-date: /home/csrobot/ros2_ws/src/save_pointcloud/install/save_pointcloud/include/save_pointcloud/save_pointcloud/msg/detail/bounding_box_center__builder.hpp
[7.804s] -- Up-to-date: /home/csrobot/ros2_ws/src/save_pointcloud/install/save_pointcloud/include/save_pointcloud/save_pointcloud/msg/detail/bounding_box_center__traits.hpp
[7.804s] -- Up-to-date: /home/csrobot/ros2_ws/src/save_pointcloud/install/save_pointcloud/include/save_pointcloud/save_pointcloud/msg/bounding_box_center.hpp
[7.804s] -- Up-to-date: /home/csrobot/ros2_ws/src/save_pointcloud/install/save_pointcloud/include/save_pointcloud/save_pointcloud/msg/rosidl_generator_cpp__visibility_control.hpp
[7.804s] -- Up-to-date: /home/csrobot/ros2_ws/src/save_pointcloud/install/save_pointcloud/include/save_pointcloud/save_pointcloud
[7.804s] -- Up-to-date: /home/csrobot/ros2_ws/src/save_pointcloud/install/save_pointcloud/include/save_pointcloud/save_pointcloud/msg
[7.804s] -- Up-to-date: /home/csrobot/ros2_ws/src/save_pointcloud/install/save_pointcloud/include/save_pointcloud/save_pointcloud/msg/detail
[7.804s] -- Up-to-date: /home/csrobot/ros2_ws/src/save_pointcloud/install/save_pointcloud/include/save_pointcloud/save_pointcloud/msg/detail/dds_fastrtps
[7.805s] -- Up-to-date: /home/csrobot/ros2_ws/src/save_pointcloud/install/save_pointcloud/include/save_pointcloud/save_pointcloud/msg/detail/bounding_box_center__rosidl_typesupport_fastrtps_cpp.hpp
[7.805s] -- Up-to-date: /home/csrobot/ros2_ws/src/save_pointcloud/install/save_pointcloud/include/save_pointcloud/save_pointcloud/msg/rosidl_typesupport_fastrtps_cpp__visibility_control.h
[7.805s] -- Up-to-date: /home/csrobot/ros2_ws/src/save_pointcloud/install/save_pointcloud/lib/libsave_pointcloud__rosidl_typesupport_fastrtps_cpp.so
[7.805s] -- Up-to-date: /home/csrobot/ros2_ws/src/save_pointcloud/install/save_pointcloud/include/save_pointcloud/save_pointcloud
[7.805s] -- Up-to-date: /home/csrobot/ros2_ws/src/save_pointcloud/install/save_pointcloud/include/save_pointcloud/save_pointcloud/msg
[7.805s] -- Up-to-date: /home/csrobot/ros2_ws/src/save_pointcloud/install/save_pointcloud/include/save_pointcloud/save_pointcloud/msg/detail
[7.805s] -- Up-to-date: /home/csrobot/ros2_ws/src/save_pointcloud/install/save_pointcloud/include/save_pointcloud/save_pointcloud/msg/detail/bounding_box_center__rosidl_typesupport_introspection_c.h
[7.805s] -- Up-to-date: /home/csrobot/ros2_ws/src/save_pointcloud/install/save_pointcloud/include/save_pointcloud/save_pointcloud/msg/detail/bounding_box_center__type_support.c
[7.805s] -- Up-to-date: /home/csrobot/ros2_ws/src/save_pointcloud/install/save_pointcloud/include/save_pointcloud/save_pointcloud/msg/rosidl_typesupport_introspection_c__visibility_control.h
[7.805s] -- Up-to-date: /home/csrobot/ros2_ws/src/save_pointcloud/install/save_pointcloud/lib/libsave_pointcloud__rosidl_typesupport_introspection_c.so
[7.806s] -- Up-to-date: /home/csrobot/ros2_ws/src/save_pointcloud/install/save_pointcloud/lib/libsave_pointcloud__rosidl_typesupport_c.so
[7.806s] -- Up-to-date: /home/csrobot/ros2_ws/src/save_pointcloud/install/save_pointcloud/include/save_pointcloud/save_pointcloud
[7.806s] -- Up-to-date: /home/csrobot/ros2_ws/src/save_pointcloud/install/save_pointcloud/include/save_pointcloud/save_pointcloud/msg
[7.806s] -- Up-to-date: /home/csrobot/ros2_ws/src/save_pointcloud/install/save_pointcloud/include/save_pointcloud/save_pointcloud/msg/detail
[7.806s] -- Up-to-date: /home/csrobot/ros2_ws/src/save_pointcloud/install/save_pointcloud/include/save_pointcloud/save_pointcloud/msg/detail/bounding_box_center__rosidl_typesupport_introspection_cpp.hpp
[7.806s] -- Up-to-date: /home/csrobot/ros2_ws/src/save_pointcloud/install/save_pointcloud/include/save_pointcloud/save_pointcloud/msg/detail/bounding_box_center__type_support.cpp
[7.806s] -- Up-to-date: /home/csrobot/ros2_ws/src/save_pointcloud/install/save_pointcloud/lib/libsave_pointcloud__rosidl_typesupport_introspection_cpp.so
[7.806s] -- Up-to-date: /home/csrobot/ros2_ws/src/save_pointcloud/install/save_pointcloud/lib/libsave_pointcloud__rosidl_typesupport_cpp.so
[7.806s] -- Up-to-date: /home/csrobot/ros2_ws/src/save_pointcloud/install/save_pointcloud/share/save_pointcloud/environment/pythonpath.sh
[7.806s] -- Up-to-date: /home/csrobot/ros2_ws/src/save_pointcloud/install/save_pointcloud/share/save_pointcloud/environment/pythonpath.dsv
[7.806s] -- Up-to-date: /home/csrobot/ros2_ws/src/save_pointcloud/install/save_pointcloud/lib/python3.12/site-packages/save_pointcloud-0.0.0-py3.12.egg-info
[7.806s] -- Installing: /home/csrobot/ros2_ws/src/save_pointcloud/install/save_pointcloud/lib/python3.12/site-packages/save_pointcloud-0.0.0-py3.12.egg-info/dependency_links.txt
[7.807s] -- Installing: /home/csrobot/ros2_ws/src/save_pointcloud/install/save_pointcloud/lib/python3.12/site-packages/save_pointcloud-0.0.0-py3.12.egg-info/SOURCES.txt
[7.807s] -- Installing: /home/csrobot/ros2_ws/src/save_pointcloud/install/save_pointcloud/lib/python3.12/site-packages/save_pointcloud-0.0.0-py3.12.egg-info/top_level.txt
[7.807s] -- Installing: /home/csrobot/ros2_ws/src/save_pointcloud/install/save_pointcloud/lib/python3.12/site-packages/save_pointcloud-0.0.0-py3.12.egg-info/PKG-INFO
[7.807s] -- Up-to-date: /home/csrobot/ros2_ws/src/save_pointcloud/install/save_pointcloud/lib/python3.12/site-packages/save_pointcloud
[7.807s] -- Up-to-date: /home/csrobot/ros2_ws/src/save_pointcloud/install/save_pointcloud/lib/python3.12/site-packages/save_pointcloud/save_pointcloud_s__rosidl_typesupport_introspection_c.so
[7.807s] -- Up-to-date: /home/csrobot/ros2_ws/src/save_pointcloud/install/save_pointcloud/lib/python3.12/site-packages/save_pointcloud/_save_pointcloud_s.ep.rosidl_typesupport_introspection_c.c
[7.807s] -- Up-to-date: /home/csrobot/ros2_ws/src/save_pointcloud/install/save_pointcloud/lib/python3.12/site-packages/save_pointcloud/_save_pointcloud_s.ep.rosidl_typesupport_c.c
[7.807s] -- Up-to-date: /home/csrobot/ros2_ws/src/save_pointcloud/install/save_pointcloud/lib/python3.12/site-packages/save_pointcloud/msg
[7.807s] -- Up-to-date: /home/csrobot/ros2_ws/src/save_pointcloud/install/save_pointcloud/lib/python3.12/site-packages/save_pointcloud/msg/__init__.py
[7.807s] -- Up-to-date: /home/csrobot/ros2_ws/src/save_pointcloud/install/save_pointcloud/lib/python3.12/site-packages/save_pointcloud/msg/_bounding_box_center.py
[7.807s] -- Up-to-date: /home/csrobot/ros2_ws/src/save_pointcloud/install/save_pointcloud/lib/python3.12/site-packages/save_pointcloud/msg/_bounding_box_center_s.c
[7.807s] -- Up-to-date: /home/csrobot/ros2_ws/src/save_pointcloud/install/save_pointcloud/lib/python3.12/site-packages/save_pointcloud/save_pointcloud_s__rosidl_typesupport_c.so
[7.807s] -- Up-to-date: /home/csrobot/ros2_ws/src/save_pointcloud/install/save_pointcloud/lib/python3.12/site-packages/save_pointcloud/_save_pointcloud_s.ep.rosidl_typesupport_fastrtps_c.c
[7.807s] -- Up-to-date: /home/csrobot/ros2_ws/src/save_pointcloud/install/save_pointcloud/lib/python3.12/site-packages/save_pointcloud/save_pointcloud_s__rosidl_typesupport_fastrtps_c.so
[7.807s] -- Installing: /home/csrobot/ros2_ws/src/save_pointcloud/install/save_pointcloud/lib/python3.12/site-packages/save_pointcloud/__init__.py
[7.831s] Listing '/home/csrobot/ros2_ws/src/save_pointcloud/install/save_pointcloud/lib/python3.12/site-packages/save_pointcloud'...
[7.831s] Compiling '/home/csrobot/ros2_ws/src/save_pointcloud/install/save_pointcloud/lib/python3.12/site-packages/save_pointcloud/__init__.py'...
[7.831s] Listing '/home/csrobot/ros2_ws/src/save_pointcloud/install/save_pointcloud/lib/python3.12/site-packages/save_pointcloud/msg'...
[7.835s] -- Up-to-date: /home/csrobot/ros2_ws/src/save_pointcloud/install/save_pointcloud/lib/python3.12/site-packages/save_pointcloud/save_pointcloud_s__rosidl_typesupport_fastrtps_c.so
[7.835s] -- Up-to-date: /home/csrobot/ros2_ws/src/save_pointcloud/install/save_pointcloud/lib/python3.12/site-packages/save_pointcloud/save_pointcloud_s__rosidl_typesupport_introspection_c.so
[7.835s] -- Up-to-date: /home/csrobot/ros2_ws/src/save_pointcloud/install/save_pointcloud/lib/python3.12/site-packages/save_pointcloud/save_pointcloud_s__rosidl_typesupport_c.so
[7.835s] -- Up-to-date: /home/csrobot/ros2_ws/src/save_pointcloud/install/save_pointcloud/lib/libsave_pointcloud__rosidl_generator_py.so
[7.835s] -- Up-to-date: /home/csrobot/ros2_ws/src/save_pointcloud/install/save_pointcloud/share/save_pointcloud/msg/BoundingBoxCenter.idl
[7.835s] -- Up-to-date: /home/csrobot/ros2_ws/src/save_pointcloud/install/save_pointcloud/share/save_pointcloud/msg/BoundingBoxCenter.msg
[7.835s] -- Up-to-date: /home/csrobot/ros2_ws/src/save_pointcloud/install/save_pointcloud/lib/save_pointcloud/pointcloud_subscriber
[7.836s] -- Up-to-date: /home/csrobot/ros2_ws/src/save_pointcloud/install/save_pointcloud/lib/save_pointcloud/pointcloud_server
[7.836s] -- Up-to-date: /home/csrobot/ros2_ws/src/save_pointcloud/install/save_pointcloud/lib/save_pointcloud/pointcloud_client
[7.836s] -- Up-to-date: /home/csrobot/ros2_ws/src/save_pointcloud/install/save_pointcloud/lib/save_pointcloud/pointcloud_publisher
[7.836s] -- Installing: /home/csrobot/ros2_ws/src/save_pointcloud/install/save_pointcloud/lib/save_pointcloud/center_point_subscriber
[7.839s] -- Set non-toolchain portion of runtime path of "/home/csrobot/ros2_ws/src/save_pointcloud/install/save_pointcloud/lib/save_pointcloud/center_point_subscriber" to ""
[7.839s] [31mCMake Error at cmake_install.cmake:494 (file):
[7.839s]   file INSTALL cannot find
[7.839s]   "/home/csrobot/ros2_ws/src/save_pointcloud/scripts/center_point_publisher.py":
[7.839s]   No such file or directory.
[7.839s] 
[7.839s] [0m
[7.841s] Invoked command in '/home/csrobot/ros2_ws/src/save_pointcloud/build/save_pointcloud' returned '1': CMAKE_PREFIX_PATH=${CMAKE_PREFIX_PATH}:/opt/ros/jazzy DEBUGINFOD_URLS=https://debuginfod.ubuntu.com /usr/bin/cmake --install /home/csrobot/ros2_ws/src/save_pointcloud/build/save_pointcloud
