[  2%] Built target save_pointcloud__rosidl_generator_type_description
[  6%] Built target pointcloud_client
[  6%] Built target ament_cmake_python_copy_save_pointcloud
[ 11%] Built target pointcloud_subscriber
[ 15%] Built target pointcloud_publisher
[ 18%] Built target save_pointcloud__cpp
[ 29%] Built target save_pointcloud__rosidl_generator_c
[ 34%] Built target pointcloud_server
[ 61%] Built target save_pointcloud__rosidl_typesupport_c
[ 61%] Built target save_pointcloud__rosidl_typesupport_fastrtps_c
[ 61%] Built target save_pointcloud__rosidl_typesupport_fastrtps_cpp
[ 61%] Built target save_pointcloud__rosidl_typesupport_introspection_c
[ 68%] Built target save_pointcloud__rosidl_typesupport_cpp
[ 75%] Built target save_pointcloud__rosidl_typesupport_introspection_cpp
[ 75%] Built target save_pointcloud
[ 79%] Built target center_point_subscriber
[ 81%] Built target save_pointcloud__py
[ 86%] Built target save_pointcloud__rosidl_generator_py
[ 90%] Built target save_pointcloud_s__rosidl_typesupport_fastrtps_c
[ 95%] Built target save_pointcloud_s__rosidl_typesupport_c
[100%] Built target save_pointcloud_s__rosidl_typesupport_introspection_c
running egg_info
writing save_pointcloud.egg-info/PKG-INFO
writing dependency_links to save_pointcloud.egg-info/dependency_links.txt
writing top-level names to save_pointcloud.egg-info/top_level.txt
reading manifest file 'save_pointcloud.egg-info/SOURCES.txt'
writing manifest file 'save_pointcloud.egg-info/SOURCES.txt'
[100%] Built target ament_cmake_python_build_save_pointcloud_egg
-- Install configuration: ""
-- Up-to-date: /home/csrobot/ros2_ws/src/save_pointcloud/install/save_pointcloud/share/ament_index/resource_index/rosidl_interfaces/save_pointcloud
-- Up-to-date: /home/csrobot/ros2_ws/src/save_pointcloud/install/save_pointcloud/share/save_pointcloud/msg/BoundingBoxCenter.json
-- Up-to-date: /home/csrobot/ros2_ws/src/save_pointcloud/install/save_pointcloud/include/save_pointcloud/save_pointcloud
-- Up-to-date: /home/csrobot/ros2_ws/src/save_pointcloud/install/save_pointcloud/include/save_pointcloud/save_pointcloud/msg
-- Up-to-date: /home/csrobot/ros2_ws/src/save_pointcloud/install/save_pointcloud/include/save_pointcloud/save_pointcloud/msg/detail
-- Up-to-date: /home/csrobot/ros2_ws/src/save_pointcloud/install/save_pointcloud/include/save_pointcloud/save_pointcloud/msg/detail/bounding_box_center__struct.h
-- Up-to-date: /home/csrobot/ros2_ws/src/save_pointcloud/install/save_pointcloud/include/save_pointcloud/save_pointcloud/msg/detail/bounding_box_center__description.c
-- Up-to-date: /home/csrobot/ros2_ws/src/save_pointcloud/install/save_pointcloud/include/save_pointcloud/save_pointcloud/msg/detail/bounding_box_center__type_support.c
-- Up-to-date: /home/csrobot/ros2_ws/src/save_pointcloud/install/save_pointcloud/include/save_pointcloud/save_pointcloud/msg/detail/bounding_box_center__type_support.h
-- Up-to-date: /home/csrobot/ros2_ws/src/save_pointcloud/install/save_pointcloud/include/save_pointcloud/save_pointcloud/msg/detail/bounding_box_center__functions.c
-- Up-to-date: /home/csrobot/ros2_ws/src/save_pointcloud/install/save_pointcloud/include/save_pointcloud/save_pointcloud/msg/detail/bounding_box_center__functions.h
-- Up-to-date: /home/csrobot/ros2_ws/src/save_pointcloud/install/save_pointcloud/include/save_pointcloud/save_pointcloud/msg/bounding_box_center.h
-- Up-to-date: /home/csrobot/ros2_ws/src/save_pointcloud/install/save_pointcloud/include/save_pointcloud/save_pointcloud/msg/rosidl_generator_c__visibility_control.h
-- Up-to-date: /home/csrobot/ros2_ws/src/save_pointcloud/install/save_pointcloud/share/save_pointcloud/environment/library_path.sh
-- Up-to-date: /home/csrobot/ros2_ws/src/save_pointcloud/install/save_pointcloud/share/save_pointcloud/environment/library_path.dsv
-- Up-to-date: /home/csrobot/ros2_ws/src/save_pointcloud/install/save_pointcloud/lib/libsave_pointcloud__rosidl_generator_c.so
-- Up-to-date: /home/csrobot/ros2_ws/src/save_pointcloud/install/save_pointcloud/include/save_pointcloud/save_pointcloud
-- Up-to-date: /home/csrobot/ros2_ws/src/save_pointcloud/install/save_pointcloud/include/save_pointcloud/save_pointcloud/msg
-- Up-to-date: /home/csrobot/ros2_ws/src/save_pointcloud/install/save_pointcloud/include/save_pointcloud/save_pointcloud/msg/detail
-- Up-to-date: /home/csrobot/ros2_ws/src/save_pointcloud/install/save_pointcloud/include/save_pointcloud/save_pointcloud/msg/detail/bounding_box_center__rosidl_typesupport_fastrtps_c.h
-- Up-to-date: /home/csrobot/ros2_ws/src/save_pointcloud/install/save_pointcloud/include/save_pointcloud/save_pointcloud/msg/rosidl_typesupport_fastrtps_c__visibility_control.h
-- Up-to-date: /home/csrobot/ros2_ws/src/save_pointcloud/install/save_pointcloud/lib/libsave_pointcloud__rosidl_typesupport_fastrtps_c.so
-- Up-to-date: /home/csrobot/ros2_ws/src/save_pointcloud/install/save_pointcloud/include/save_pointcloud/save_pointcloud
-- Up-to-date: /home/csrobot/ros2_ws/src/save_pointcloud/install/save_pointcloud/include/save_pointcloud/save_pointcloud/msg
-- Up-to-date: /home/csrobot/ros2_ws/src/save_pointcloud/install/save_pointcloud/include/save_pointcloud/save_pointcloud/msg/detail
-- Up-to-date: /home/csrobot/ros2_ws/src/save_pointcloud/install/save_pointcloud/include/save_pointcloud/save_pointcloud/msg/detail/bounding_box_center__struct.hpp
-- Up-to-date: /home/csrobot/ros2_ws/src/save_pointcloud/install/save_pointcloud/include/save_pointcloud/save_pointcloud/msg/detail/bounding_box_center__type_support.hpp
-- Up-to-date: /home/csrobot/ros2_ws/src/save_pointcloud/install/save_pointcloud/include/save_pointcloud/save_pointcloud/msg/detail/bounding_box_center__builder.hpp
-- Up-to-date: /home/csrobot/ros2_ws/src/save_pointcloud/install/save_pointcloud/include/save_pointcloud/save_pointcloud/msg/detail/bounding_box_center__traits.hpp
-- Up-to-date: /home/csrobot/ros2_ws/src/save_pointcloud/install/save_pointcloud/include/save_pointcloud/save_pointcloud/msg/bounding_box_center.hpp
-- Up-to-date: /home/csrobot/ros2_ws/src/save_pointcloud/install/save_pointcloud/include/save_pointcloud/save_pointcloud/msg/rosidl_generator_cpp__visibility_control.hpp
-- Up-to-date: /home/csrobot/ros2_ws/src/save_pointcloud/install/save_pointcloud/include/save_pointcloud/save_pointcloud
-- Up-to-date: /home/csrobot/ros2_ws/src/save_pointcloud/install/save_pointcloud/include/save_pointcloud/save_pointcloud/msg
-- Up-to-date: /home/csrobot/ros2_ws/src/save_pointcloud/install/save_pointcloud/include/save_pointcloud/save_pointcloud/msg/detail
-- Up-to-date: /home/csrobot/ros2_ws/src/save_pointcloud/install/save_pointcloud/include/save_pointcloud/save_pointcloud/msg/detail/dds_fastrtps
-- Up-to-date: /home/csrobot/ros2_ws/src/save_pointcloud/install/save_pointcloud/include/save_pointcloud/save_pointcloud/msg/detail/bounding_box_center__rosidl_typesupport_fastrtps_cpp.hpp
-- Up-to-date: /home/csrobot/ros2_ws/src/save_pointcloud/install/save_pointcloud/include/save_pointcloud/save_pointcloud/msg/rosidl_typesupport_fastrtps_cpp__visibility_control.h
-- Up-to-date: /home/csrobot/ros2_ws/src/save_pointcloud/install/save_pointcloud/lib/libsave_pointcloud__rosidl_typesupport_fastrtps_cpp.so
-- Up-to-date: /home/csrobot/ros2_ws/src/save_pointcloud/install/save_pointcloud/include/save_pointcloud/save_pointcloud
-- Up-to-date: /home/csrobot/ros2_ws/src/save_pointcloud/install/save_pointcloud/include/save_pointcloud/save_pointcloud/msg
-- Up-to-date: /home/csrobot/ros2_ws/src/save_pointcloud/install/save_pointcloud/include/save_pointcloud/save_pointcloud/msg/detail
-- Up-to-date: /home/csrobot/ros2_ws/src/save_pointcloud/install/save_pointcloud/include/save_pointcloud/save_pointcloud/msg/detail/bounding_box_center__rosidl_typesupport_introspection_c.h
-- Up-to-date: /home/csrobot/ros2_ws/src/save_pointcloud/install/save_pointcloud/include/save_pointcloud/save_pointcloud/msg/detail/bounding_box_center__type_support.c
-- Up-to-date: /home/csrobot/ros2_ws/src/save_pointcloud/install/save_pointcloud/include/save_pointcloud/save_pointcloud/msg/rosidl_typesupport_introspection_c__visibility_control.h
-- Up-to-date: /home/csrobot/ros2_ws/src/save_pointcloud/install/save_pointcloud/lib/libsave_pointcloud__rosidl_typesupport_introspection_c.so
-- Up-to-date: /home/csrobot/ros2_ws/src/save_pointcloud/install/save_pointcloud/lib/libsave_pointcloud__rosidl_typesupport_c.so
-- Up-to-date: /home/csrobot/ros2_ws/src/save_pointcloud/install/save_pointcloud/include/save_pointcloud/save_pointcloud
-- Up-to-date: /home/csrobot/ros2_ws/src/save_pointcloud/install/save_pointcloud/include/save_pointcloud/save_pointcloud/msg
-- Up-to-date: /home/csrobot/ros2_ws/src/save_pointcloud/install/save_pointcloud/include/save_pointcloud/save_pointcloud/msg/detail
-- Up-to-date: /home/csrobot/ros2_ws/src/save_pointcloud/install/save_pointcloud/include/save_pointcloud/save_pointcloud/msg/detail/bounding_box_center__rosidl_typesupport_introspection_cpp.hpp
-- Up-to-date: /home/csrobot/ros2_ws/src/save_pointcloud/install/save_pointcloud/include/save_pointcloud/save_pointcloud/msg/detail/bounding_box_center__type_support.cpp
-- Up-to-date: /home/csrobot/ros2_ws/src/save_pointcloud/install/save_pointcloud/lib/libsave_pointcloud__rosidl_typesupport_introspection_cpp.so
-- Up-to-date: /home/csrobot/ros2_ws/src/save_pointcloud/install/save_pointcloud/lib/libsave_pointcloud__rosidl_typesupport_cpp.so
-- Up-to-date: /home/csrobot/ros2_ws/src/save_pointcloud/install/save_pointcloud/share/save_pointcloud/environment/pythonpath.sh
-- Up-to-date: /home/csrobot/ros2_ws/src/save_pointcloud/install/save_pointcloud/share/save_pointcloud/environment/pythonpath.dsv
-- Up-to-date: /home/csrobot/ros2_ws/src/save_pointcloud/install/save_pointcloud/lib/python3.12/site-packages/save_pointcloud-0.0.0-py3.12.egg-info
-- Installing: /home/csrobot/ros2_ws/src/save_pointcloud/install/save_pointcloud/lib/python3.12/site-packages/save_pointcloud-0.0.0-py3.12.egg-info/dependency_links.txt
-- Installing: /home/csrobot/ros2_ws/src/save_pointcloud/install/save_pointcloud/lib/python3.12/site-packages/save_pointcloud-0.0.0-py3.12.egg-info/SOURCES.txt
-- Installing: /home/csrobot/ros2_ws/src/save_pointcloud/install/save_pointcloud/lib/python3.12/site-packages/save_pointcloud-0.0.0-py3.12.egg-info/top_level.txt
-- Installing: /home/csrobot/ros2_ws/src/save_pointcloud/install/save_pointcloud/lib/python3.12/site-packages/save_pointcloud-0.0.0-py3.12.egg-info/PKG-INFO
-- Up-to-date: /home/csrobot/ros2_ws/src/save_pointcloud/install/save_pointcloud/lib/python3.12/site-packages/save_pointcloud
-- Up-to-date: /home/csrobot/ros2_ws/src/save_pointcloud/install/save_pointcloud/lib/python3.12/site-packages/save_pointcloud/save_pointcloud_s__rosidl_typesupport_introspection_c.so
-- Up-to-date: /home/csrobot/ros2_ws/src/save_pointcloud/install/save_pointcloud/lib/python3.12/site-packages/save_pointcloud/_save_pointcloud_s.ep.rosidl_typesupport_introspection_c.c
-- Up-to-date: /home/csrobot/ros2_ws/src/save_pointcloud/install/save_pointcloud/lib/python3.12/site-packages/save_pointcloud/_save_pointcloud_s.ep.rosidl_typesupport_c.c
-- Up-to-date: /home/csrobot/ros2_ws/src/save_pointcloud/install/save_pointcloud/lib/python3.12/site-packages/save_pointcloud/msg
-- Up-to-date: /home/csrobot/ros2_ws/src/save_pointcloud/install/save_pointcloud/lib/python3.12/site-packages/save_pointcloud/msg/__init__.py
-- Up-to-date: /home/csrobot/ros2_ws/src/save_pointcloud/install/save_pointcloud/lib/python3.12/site-packages/save_pointcloud/msg/_bounding_box_center.py
-- Up-to-date: /home/csrobot/ros2_ws/src/save_pointcloud/install/save_pointcloud/lib/python3.12/site-packages/save_pointcloud/msg/_bounding_box_center_s.c
-- Up-to-date: /home/csrobot/ros2_ws/src/save_pointcloud/install/save_pointcloud/lib/python3.12/site-packages/save_pointcloud/save_pointcloud_s__rosidl_typesupport_c.so
-- Up-to-date: /home/csrobot/ros2_ws/src/save_pointcloud/install/save_pointcloud/lib/python3.12/site-packages/save_pointcloud/_save_pointcloud_s.ep.rosidl_typesupport_fastrtps_c.c
-- Up-to-date: /home/csrobot/ros2_ws/src/save_pointcloud/install/save_pointcloud/lib/python3.12/site-packages/save_pointcloud/save_pointcloud_s__rosidl_typesupport_fastrtps_c.so
-- Up-to-date: /home/csrobot/ros2_ws/src/save_pointcloud/install/save_pointcloud/lib/python3.12/site-packages/save_pointcloud/__init__.py
Listing '/home/csrobot/ros2_ws/src/save_pointcloud/install/save_pointcloud/lib/python3.12/site-packages/save_pointcloud'...
Listing '/home/csrobot/ros2_ws/src/save_pointcloud/install/save_pointcloud/lib/python3.12/site-packages/save_pointcloud/msg'...
-- Up-to-date: /home/csrobot/ros2_ws/src/save_pointcloud/install/save_pointcloud/lib/python3.12/site-packages/save_pointcloud/save_pointcloud_s__rosidl_typesupport_fastrtps_c.so
-- Up-to-date: /home/csrobot/ros2_ws/src/save_pointcloud/install/save_pointcloud/lib/python3.12/site-packages/save_pointcloud/save_pointcloud_s__rosidl_typesupport_introspection_c.so
-- Up-to-date: /home/csrobot/ros2_ws/src/save_pointcloud/install/save_pointcloud/lib/python3.12/site-packages/save_pointcloud/save_pointcloud_s__rosidl_typesupport_c.so
-- Up-to-date: /home/csrobot/ros2_ws/src/save_pointcloud/install/save_pointcloud/lib/libsave_pointcloud__rosidl_generator_py.so
-- Up-to-date: /home/csrobot/ros2_ws/src/save_pointcloud/install/save_pointcloud/share/save_pointcloud/msg/BoundingBoxCenter.idl
-- Up-to-date: /home/csrobot/ros2_ws/src/save_pointcloud/install/save_pointcloud/share/save_pointcloud/msg/BoundingBoxCenter.msg
-- Up-to-date: /home/csrobot/ros2_ws/src/save_pointcloud/install/save_pointcloud/lib/save_pointcloud/pointcloud_subscriber
-- Up-to-date: /home/csrobot/ros2_ws/src/save_pointcloud/install/save_pointcloud/lib/save_pointcloud/pointcloud_server
-- Up-to-date: /home/csrobot/ros2_ws/src/save_pointcloud/install/save_pointcloud/lib/save_pointcloud/pointcloud_client
-- Up-to-date: /home/csrobot/ros2_ws/src/save_pointcloud/install/save_pointcloud/lib/save_pointcloud/pointcloud_publisher
-- Up-to-date: /home/csrobot/ros2_ws/src/save_pointcloud/install/save_pointcloud/lib/save_pointcloud/center_point_subscriber
-- Installing: /home/csrobot/ros2_ws/src/save_pointcloud/install/save_pointcloud/lib/save_pointcloud/center_point_publisher.py
-- Up-to-date: /home/csrobot/ros2_ws/src/save_pointcloud/install/save_pointcloud/share/ament_index/resource_index/package_run_dependencies/save_pointcloud
-- Up-to-date: /home/csrobot/ros2_ws/src/save_pointcloud/install/save_pointcloud/share/ament_index/resource_index/parent_prefix_path/save_pointcloud
-- Up-to-date: /home/csrobot/ros2_ws/src/save_pointcloud/install/save_pointcloud/share/save_pointcloud/environment/ament_prefix_path.sh
-- Up-to-date: /home/csrobot/ros2_ws/src/save_pointcloud/install/save_pointcloud/share/save_pointcloud/environment/ament_prefix_path.dsv
-- Up-to-date: /home/csrobot/ros2_ws/src/save_pointcloud/install/save_pointcloud/share/save_pointcloud/environment/path.sh
-- Up-to-date: /home/csrobot/ros2_ws/src/save_pointcloud/install/save_pointcloud/share/save_pointcloud/environment/path.dsv
-- Up-to-date: /home/csrobot/ros2_ws/src/save_pointcloud/install/save_pointcloud/share/save_pointcloud/local_setup.bash
-- Up-to-date: /home/csrobot/ros2_ws/src/save_pointcloud/install/save_pointcloud/share/save_pointcloud/local_setup.sh
-- Up-to-date: /home/csrobot/ros2_ws/src/save_pointcloud/install/save_pointcloud/share/save_pointcloud/local_setup.zsh
-- Up-to-date: /home/csrobot/ros2_ws/src/save_pointcloud/install/save_pointcloud/share/save_pointcloud/local_setup.dsv
-- Installing: /home/csrobot/ros2_ws/src/save_pointcloud/install/save_pointcloud/share/save_pointcloud/package.dsv
-- Up-to-date: /home/csrobot/ros2_ws/src/save_pointcloud/install/save_pointcloud/share/ament_index/resource_index/packages/save_pointcloud
-- Up-to-date: /home/csrobot/ros2_ws/src/save_pointcloud/install/save_pointcloud/share/save_pointcloud/cmake/export_save_pointcloud__rosidl_generator_cExport.cmake
-- Up-to-date: /home/csrobot/ros2_ws/src/save_pointcloud/install/save_pointcloud/share/save_pointcloud/cmake/export_save_pointcloud__rosidl_generator_cExport-noconfig.cmake
-- Up-to-date: /home/csrobot/ros2_ws/src/save_pointcloud/install/save_pointcloud/share/save_pointcloud/cmake/export_save_pointcloud__rosidl_typesupport_fastrtps_cExport.cmake
-- Up-to-date: /home/csrobot/ros2_ws/src/save_pointcloud/install/save_pointcloud/share/save_pointcloud/cmake/export_save_pointcloud__rosidl_typesupport_fastrtps_cExport-noconfig.cmake
-- Up-to-date: /home/csrobot/ros2_ws/src/save_pointcloud/install/save_pointcloud/share/save_pointcloud/cmake/export_save_pointcloud__rosidl_generator_cppExport.cmake
-- Up-to-date: /home/csrobot/ros2_ws/src/save_pointcloud/install/save_pointcloud/share/save_pointcloud/cmake/export_save_pointcloud__rosidl_typesupport_fastrtps_cppExport.cmake
-- Up-to-date: /home/csrobot/ros2_ws/src/save_pointcloud/install/save_pointcloud/share/save_pointcloud/cmake/export_save_pointcloud__rosidl_typesupport_fastrtps_cppExport-noconfig.cmake
-- Up-to-date: /home/csrobot/ros2_ws/src/save_pointcloud/install/save_pointcloud/share/save_pointcloud/cmake/save_pointcloud__rosidl_typesupport_introspection_cExport.cmake
-- Up-to-date: /home/csrobot/ros2_ws/src/save_pointcloud/install/save_pointcloud/share/save_pointcloud/cmake/save_pointcloud__rosidl_typesupport_introspection_cExport-noconfig.cmake
-- Up-to-date: /home/csrobot/ros2_ws/src/save_pointcloud/install/save_pointcloud/share/save_pointcloud/cmake/save_pointcloud__rosidl_typesupport_cExport.cmake
-- Up-to-date: /home/csrobot/ros2_ws/src/save_pointcloud/install/save_pointcloud/share/save_pointcloud/cmake/save_pointcloud__rosidl_typesupport_cExport-noconfig.cmake
-- Up-to-date: /home/csrobot/ros2_ws/src/save_pointcloud/install/save_pointcloud/share/save_pointcloud/cmake/save_pointcloud__rosidl_typesupport_introspection_cppExport.cmake
-- Up-to-date: /home/csrobot/ros2_ws/src/save_pointcloud/install/save_pointcloud/share/save_pointcloud/cmake/save_pointcloud__rosidl_typesupport_introspection_cppExport-noconfig.cmake
-- Up-to-date: /home/csrobot/ros2_ws/src/save_pointcloud/install/save_pointcloud/share/save_pointcloud/cmake/save_pointcloud__rosidl_typesupport_cppExport.cmake
-- Up-to-date: /home/csrobot/ros2_ws/src/save_pointcloud/install/save_pointcloud/share/save_pointcloud/cmake/save_pointcloud__rosidl_typesupport_cppExport-noconfig.cmake
-- Up-to-date: /home/csrobot/ros2_ws/src/save_pointcloud/install/save_pointcloud/share/save_pointcloud/cmake/export_save_pointcloud__rosidl_generator_pyExport.cmake
-- Up-to-date: /home/csrobot/ros2_ws/src/save_pointcloud/install/save_pointcloud/share/save_pointcloud/cmake/export_save_pointcloud__rosidl_generator_pyExport-noconfig.cmake
-- Up-to-date: /home/csrobot/ros2_ws/src/save_pointcloud/install/save_pointcloud/share/save_pointcloud/cmake/rosidl_cmake-extras.cmake
-- Installing: /home/csrobot/ros2_ws/src/save_pointcloud/install/save_pointcloud/share/save_pointcloud/cmake/ament_cmake_export_dependencies-extras.cmake
-- Up-to-date: /home/csrobot/ros2_ws/src/save_pointcloud/install/save_pointcloud/share/save_pointcloud/cmake/ament_cmake_export_include_directories-extras.cmake
-- Up-to-date: /home/csrobot/ros2_ws/src/save_pointcloud/install/save_pointcloud/share/save_pointcloud/cmake/ament_cmake_export_libraries-extras.cmake
-- Up-to-date: /home/csrobot/ros2_ws/src/save_pointcloud/install/save_pointcloud/share/save_pointcloud/cmake/ament_cmake_export_targets-extras.cmake
-- Up-to-date: /home/csrobot/ros2_ws/src/save_pointcloud/install/save_pointcloud/share/save_pointcloud/cmake/rosidl_cmake_export_typesupport_targets-extras.cmake
-- Up-to-date: /home/csrobot/ros2_ws/src/save_pointcloud/install/save_pointcloud/share/save_pointcloud/cmake/rosidl_cmake_export_typesupport_libraries-extras.cmake
-- Up-to-date: /home/csrobot/ros2_ws/src/save_pointcloud/install/save_pointcloud/share/save_pointcloud/cmake/save_pointcloudConfig.cmake
-- Up-to-date: /home/csrobot/ros2_ws/src/save_pointcloud/install/save_pointcloud/share/save_pointcloud/cmake/save_pointcloudConfig-version.cmake
-- Installing: /home/csrobot/ros2_ws/src/save_pointcloud/install/save_pointcloud/share/save_pointcloud/package.xml
