[0.118s] DEBUG:colcon:Command line arguments: ['/usr/bin/colcon', 'build']
[0.118s] DEBUG:colcon:Parsed command line arguments: Namespace(log_base=None, log_level=None, verb_name='build', build_base='build', install_base='install', merge_install=False, symlink_install=False, test_result_base=None, continue_on_error=False, executor='parallel', parallel_workers=16, event_handlers=None, ignore_user_meta=False, metas=['./colcon.meta'], base_paths=['.'], packages_ignore=None, packages_ignore_regex=None, paths=None, packages_up_to=None, packages_up_to_regex=None, packages_above=None, packages_above_and_dependencies=None, packages_above_depth=None, packages_select_by_dep=None, packages_skip_by_dep=None, packages_skip_up_to=None, packages_select_build_failed=False, packages_skip_build_finished=False, packages_select_test_failures=False, packages_skip_test_passed=False, packages_select=None, packages_skip=None, packages_select_regex=None, packages_skip_regex=None, packages_start=None, packages_end=None, allow_overriding=[], cmake_args=None, cmake_target=None, cmake_target_skip_unavailable=False, cmake_clean_cache=False, cmake_clean_first=False, cmake_force_configure=False, ament_cmake_args=None, catkin_cmake_args=None, catkin_skip_building_tests=False, mixin_files=None, mixin=None, verb_parser=<colcon_mixin.mixin.mixin_argument.MixinArgumentDecorator object at 0x755da73141d0>, verb_extension=<colcon_core.verb.build.BuildVerb object at 0x755da7313da0>, main=<bound method BuildVerb.main of <colcon_core.verb.build.BuildVerb object at 0x755da7313da0>>, mixin_verb=('build',))
[0.150s] Level 1:colcon.colcon_core.package_discovery:discover_packages(colcon_meta) check parameters
[0.150s] Level 1:colcon.colcon_core.package_discovery:discover_packages(recursive) check parameters
[0.150s] Level 1:colcon.colcon_core.package_discovery:discover_packages(ignore) check parameters
[0.150s] Level 1:colcon.colcon_core.package_discovery:discover_packages(path) check parameters
[0.150s] Level 1:colcon.colcon_core.package_discovery:discover_packages(colcon_meta) discover
[0.150s] Level 1:colcon.colcon_core.package_discovery:discover_packages(recursive) discover
[0.150s] INFO:colcon.colcon_core.package_discovery:Crawling recursively for packages in '/home/csrobot/ros2_ws/src/save_pointcloud'
[0.150s] Level 1:colcon.colcon_core.package_identification:_identify(.) by extensions ['ignore', 'ignore_ament_install']
[0.150s] Level 1:colcon.colcon_core.package_identification:_identify(.) by extension 'ignore'
[0.150s] Level 1:colcon.colcon_core.package_identification:_identify(.) by extension 'ignore_ament_install'
[0.150s] Level 1:colcon.colcon_core.package_identification:_identify(.) by extensions ['colcon_pkg']
[0.150s] Level 1:colcon.colcon_core.package_identification:_identify(.) by extension 'colcon_pkg'
[0.150s] Level 1:colcon.colcon_core.package_identification:_identify(.) by extensions ['colcon_meta']
[0.150s] Level 1:colcon.colcon_core.package_identification:_identify(.) by extension 'colcon_meta'
[0.150s] Level 1:colcon.colcon_core.package_identification:_identify(.) by extensions ['ros']
[0.151s] Level 1:colcon.colcon_core.package_identification:_identify(.) by extension 'ros'
[0.168s] DEBUG:colcon.colcon_core.package_identification:Package '.' with type 'ros.ament_cmake' and name 'save_pointcloud'
[0.168s] Level 1:colcon.colcon_core.package_discovery:discover_packages(recursive) using defaults
[0.168s] Level 1:colcon.colcon_core.package_discovery:discover_packages(ignore) discover
[0.168s] Level 1:colcon.colcon_core.package_discovery:discover_packages(ignore) using defaults
[0.168s] Level 1:colcon.colcon_core.package_discovery:discover_packages(path) discover
[0.168s] Level 1:colcon.colcon_core.package_discovery:discover_packages(path) using defaults
[0.183s] Level 1:colcon.colcon_core.package_discovery:discover_packages(prefix_path) check parameters
[0.183s] Level 1:colcon.colcon_core.package_discovery:discover_packages(prefix_path) discover
[0.186s] DEBUG:colcon.colcon_installed_package_information.package_discovery:Found 290 installed packages in /opt/ros/jazzy
[0.186s] Level 1:colcon.colcon_core.package_discovery:discover_packages(prefix_path) using defaults
[0.208s] Level 5:colcon.colcon_core.verb:set package 'save_pointcloud' build argument 'cmake_args' from command line to 'None'
[0.208s] Level 5:colcon.colcon_core.verb:set package 'save_pointcloud' build argument 'cmake_target' from command line to 'None'
[0.208s] Level 5:colcon.colcon_core.verb:set package 'save_pointcloud' build argument 'cmake_target_skip_unavailable' from command line to 'False'
[0.208s] Level 5:colcon.colcon_core.verb:set package 'save_pointcloud' build argument 'cmake_clean_cache' from command line to 'False'
[0.208s] Level 5:colcon.colcon_core.verb:set package 'save_pointcloud' build argument 'cmake_clean_first' from command line to 'False'
[0.208s] Level 5:colcon.colcon_core.verb:set package 'save_pointcloud' build argument 'cmake_force_configure' from command line to 'False'
[0.208s] Level 5:colcon.colcon_core.verb:set package 'save_pointcloud' build argument 'ament_cmake_args' from command line to 'None'
[0.208s] Level 5:colcon.colcon_core.verb:set package 'save_pointcloud' build argument 'catkin_cmake_args' from command line to 'None'
[0.208s] Level 5:colcon.colcon_core.verb:set package 'save_pointcloud' build argument 'catkin_skip_building_tests' from command line to 'False'
[0.208s] DEBUG:colcon.colcon_core.verb:Building package 'save_pointcloud' with the following arguments: {'ament_cmake_args': None, 'build_base': '/home/csrobot/ros2_ws/src/save_pointcloud/build/save_pointcloud', 'catkin_cmake_args': None, 'catkin_skip_building_tests': False, 'cmake_args': None, 'cmake_clean_cache': False, 'cmake_clean_first': False, 'cmake_force_configure': False, 'cmake_target': None, 'cmake_target_skip_unavailable': False, 'install_base': '/home/csrobot/ros2_ws/src/save_pointcloud/install/save_pointcloud', 'merge_install': False, 'path': '/home/csrobot/ros2_ws/src/save_pointcloud', 'symlink_install': False, 'test_result_base': None}
[0.208s] INFO:colcon.colcon_core.executor:Executing jobs using 'parallel' executor
[0.209s] DEBUG:colcon.colcon_parallel_executor.executor.parallel:run_until_complete
[0.209s] INFO:colcon.colcon_ros.task.ament_cmake.build:Building ROS package in '/home/csrobot/ros2_ws/src/save_pointcloud' with build type 'ament_cmake'
[0.209s] INFO:colcon.colcon_cmake.task.cmake.build:Building CMake package in '/home/csrobot/ros2_ws/src/save_pointcloud'
[0.213s] INFO:colcon.colcon_core.plugin_system:Skipping extension 'colcon_core.shell.bat': Not used on non-Windows systems
[0.213s] INFO:colcon.colcon_core.shell:Skip shell extension 'powershell' for command environment: Not usable outside of PowerShell
[0.213s] DEBUG:colcon.colcon_core.shell:Skip shell extension 'dsv' for command environment
[0.220s] DEBUG:colcon.colcon_core.event_handler.log_command:Invoking command in '/home/csrobot/ros2_ws/src/save_pointcloud/build/save_pointcloud': CMAKE_PREFIX_PATH=${CMAKE_PREFIX_PATH}:/opt/ros/jazzy DEBUGINFOD_URLS=https://debuginfod.ubuntu.com /usr/bin/cmake --build /home/csrobot/ros2_ws/src/save_pointcloud/build/save_pointcloud -- -j16 -l16
[7.987s] DEBUG:colcon.colcon_core.event_handler.log_command:Invoked command in '/home/csrobot/ros2_ws/src/save_pointcloud/build/save_pointcloud' returned '0': CMAKE_PREFIX_PATH=${CMAKE_PREFIX_PATH}:/opt/ros/jazzy DEBUGINFOD_URLS=https://debuginfod.ubuntu.com /usr/bin/cmake --build /home/csrobot/ros2_ws/src/save_pointcloud/build/save_pointcloud -- -j16 -l16
[7.998s] DEBUG:colcon.colcon_core.event_handler.log_command:Invoking command in '/home/csrobot/ros2_ws/src/save_pointcloud/build/save_pointcloud': CMAKE_PREFIX_PATH=${CMAKE_PREFIX_PATH}:/opt/ros/jazzy DEBUGINFOD_URLS=https://debuginfod.ubuntu.com /usr/bin/cmake --install /home/csrobot/ros2_ws/src/save_pointcloud/build/save_pointcloud
[8.050s] DEBUG:colcon.colcon_core.event_handler.log_command:Invoked command in '/home/csrobot/ros2_ws/src/save_pointcloud/build/save_pointcloud' returned '1': CMAKE_PREFIX_PATH=${CMAKE_PREFIX_PATH}:/opt/ros/jazzy DEBUGINFOD_URLS=https://debuginfod.ubuntu.com /usr/bin/cmake --install /home/csrobot/ros2_ws/src/save_pointcloud/build/save_pointcloud
[8.050s] Level 1:colcon.colcon_core.environment:create_environment_scripts_only(save_pointcloud)
[8.053s] Level 1:colcon.colcon_core.environment:checking '/home/csrobot/ros2_ws/src/save_pointcloud/install/save_pointcloud' for CMake module files
[8.053s] Level 1:colcon.colcon_core.environment:checking '/home/csrobot/ros2_ws/src/save_pointcloud/install/save_pointcloud' for CMake config files
[8.054s] Level 1:colcon.colcon_core.shell:create_environment_hook('save_pointcloud', 'cmake_prefix_path')
[8.054s] INFO:colcon.colcon_core.shell:Creating environment hook '/home/csrobot/ros2_ws/src/save_pointcloud/install/save_pointcloud/share/save_pointcloud/hook/cmake_prefix_path.ps1'
[8.054s] INFO:colcon.colcon_core.shell:Creating environment descriptor '/home/csrobot/ros2_ws/src/save_pointcloud/install/save_pointcloud/share/save_pointcloud/hook/cmake_prefix_path.dsv'
[8.054s] INFO:colcon.colcon_core.shell:Creating environment hook '/home/csrobot/ros2_ws/src/save_pointcloud/install/save_pointcloud/share/save_pointcloud/hook/cmake_prefix_path.sh'
[8.055s] Level 1:colcon.colcon_core.environment:checking '/home/csrobot/ros2_ws/src/save_pointcloud/install/save_pointcloud/lib'
[8.055s] Level 1:colcon.colcon_core.shell:create_environment_hook('save_pointcloud', 'ld_library_path_lib')
[8.055s] INFO:colcon.colcon_core.shell:Creating environment hook '/home/csrobot/ros2_ws/src/save_pointcloud/install/save_pointcloud/share/save_pointcloud/hook/ld_library_path_lib.ps1'
[8.055s] INFO:colcon.colcon_core.shell:Creating environment descriptor '/home/csrobot/ros2_ws/src/save_pointcloud/install/save_pointcloud/share/save_pointcloud/hook/ld_library_path_lib.dsv'
[8.055s] INFO:colcon.colcon_core.shell:Creating environment hook '/home/csrobot/ros2_ws/src/save_pointcloud/install/save_pointcloud/share/save_pointcloud/hook/ld_library_path_lib.sh'
[8.056s] Level 1:colcon.colcon_core.environment:checking '/home/csrobot/ros2_ws/src/save_pointcloud/install/save_pointcloud/bin'
[8.056s] Level 1:colcon.colcon_core.environment:checking '/home/csrobot/ros2_ws/src/save_pointcloud/install/save_pointcloud/lib/pkgconfig/save_pointcloud.pc'
[8.056s] Level 1:colcon.colcon_core.environment:checking '/home/csrobot/ros2_ws/src/save_pointcloud/install/save_pointcloud/lib/python3.12/site-packages'
[8.056s] Level 1:colcon.colcon_core.shell:create_environment_hook('save_pointcloud', 'pythonpath')
[8.056s] INFO:colcon.colcon_core.shell:Creating environment hook '/home/csrobot/ros2_ws/src/save_pointcloud/install/save_pointcloud/share/save_pointcloud/hook/pythonpath.ps1'
[8.056s] INFO:colcon.colcon_core.shell:Creating environment descriptor '/home/csrobot/ros2_ws/src/save_pointcloud/install/save_pointcloud/share/save_pointcloud/hook/pythonpath.dsv'
[8.056s] INFO:colcon.colcon_core.shell:Creating environment hook '/home/csrobot/ros2_ws/src/save_pointcloud/install/save_pointcloud/share/save_pointcloud/hook/pythonpath.sh'
[8.057s] Level 1:colcon.colcon_core.environment:checking '/home/csrobot/ros2_ws/src/save_pointcloud/install/save_pointcloud/bin'
[8.057s] INFO:colcon.colcon_core.shell:Creating package script '/home/csrobot/ros2_ws/src/save_pointcloud/install/save_pointcloud/share/save_pointcloud/package.ps1'
[8.057s] INFO:colcon.colcon_core.shell:Creating package descriptor '/home/csrobot/ros2_ws/src/save_pointcloud/install/save_pointcloud/share/save_pointcloud/package.dsv'
[8.058s] INFO:colcon.colcon_core.shell:Creating package script '/home/csrobot/ros2_ws/src/save_pointcloud/install/save_pointcloud/share/save_pointcloud/package.sh'
[8.058s] INFO:colcon.colcon_core.shell:Creating package script '/home/csrobot/ros2_ws/src/save_pointcloud/install/save_pointcloud/share/save_pointcloud/package.bash'
[8.058s] INFO:colcon.colcon_core.shell:Creating package script '/home/csrobot/ros2_ws/src/save_pointcloud/install/save_pointcloud/share/save_pointcloud/package.zsh'
[8.058s] Level 1:colcon.colcon_core.environment:create_file_with_runtime_dependencies(/home/csrobot/ros2_ws/src/save_pointcloud/install/save_pointcloud/share/colcon-core/packages/save_pointcloud)
[8.069s] DEBUG:colcon.colcon_parallel_executor.executor.parallel:closing loop
[8.069s] DEBUG:colcon.colcon_parallel_executor.executor.parallel:loop closed
[8.069s] DEBUG:colcon.colcon_parallel_executor.executor.parallel:run_until_complete finished with '1'
[8.069s] DEBUG:colcon.colcon_core.event_reactor:joining thread
[8.074s] INFO:colcon.colcon_core.plugin_system:Skipping extension 'colcon_notification.desktop_notification.terminal_notifier': Not used on non-Darwin systems
[8.074s] INFO:colcon.colcon_core.plugin_system:Skipping extension 'colcon_notification.desktop_notification.win32': Not used on non-Windows systems
[8.074s] INFO:colcon.colcon_notification.desktop_notification:Sending desktop notification using 'notify2'
[8.084s] DEBUG:colcon.colcon_core.event_reactor:joined thread
[8.084s] INFO:colcon.colcon_core.shell:Creating prefix script '/home/csrobot/ros2_ws/src/save_pointcloud/install/local_setup.ps1'
[8.085s] INFO:colcon.colcon_core.shell:Creating prefix util module '/home/csrobot/ros2_ws/src/save_pointcloud/install/_local_setup_util_ps1.py'
[8.086s] INFO:colcon.colcon_core.shell:Creating prefix chain script '/home/csrobot/ros2_ws/src/save_pointcloud/install/setup.ps1'
[8.087s] INFO:colcon.colcon_core.shell:Creating prefix script '/home/csrobot/ros2_ws/src/save_pointcloud/install/local_setup.sh'
[8.087s] INFO:colcon.colcon_core.shell:Creating prefix util module '/home/csrobot/ros2_ws/src/save_pointcloud/install/_local_setup_util_sh.py'
[8.087s] INFO:colcon.colcon_core.shell:Creating prefix chain script '/home/csrobot/ros2_ws/src/save_pointcloud/install/setup.sh'
[8.088s] INFO:colcon.colcon_core.shell:Creating prefix script '/home/csrobot/ros2_ws/src/save_pointcloud/install/local_setup.bash'
[8.089s] INFO:colcon.colcon_core.shell:Creating prefix chain script '/home/csrobot/ros2_ws/src/save_pointcloud/install/setup.bash'
[8.089s] INFO:colcon.colcon_core.shell:Creating prefix script '/home/csrobot/ros2_ws/src/save_pointcloud/install/local_setup.zsh'
[8.089s] INFO:colcon.colcon_core.shell:Creating prefix chain script '/home/csrobot/ros2_ws/src/save_pointcloud/install/setup.zsh'
