[0.130s] DEBUG:colcon:Command line arguments: ['/usr/bin/colcon', 'build']
[0.130s] DEBUG:colcon:Parsed command line arguments: Namespace(log_base=None, log_level=None, verb_name='build', build_base='build', install_base='install', merge_install=False, symlink_install=False, test_result_base=None, continue_on_error=False, executor='parallel', parallel_workers=16, event_handlers=None, ignore_user_meta=False, metas=['./colcon.meta'], base_paths=['.'], packages_ignore=None, packages_ignore_regex=None, paths=None, packages_up_to=None, packages_up_to_regex=None, packages_above=None, packages_above_and_dependencies=None, packages_above_depth=None, packages_select_by_dep=None, packages_skip_by_dep=None, packages_skip_up_to=None, packages_select_build_failed=False, packages_skip_build_finished=False, packages_select_test_failures=False, packages_skip_test_passed=False, packages_select=None, packages_skip=None, packages_select_regex=None, packages_skip_regex=None, packages_start=None, packages_end=None, allow_overriding=[], cmake_args=None, cmake_target=None, cmake_target_skip_unavailable=False, cmake_clean_cache=False, cmake_clean_first=False, cmake_force_configure=False, ament_cmake_args=None, catkin_cmake_args=None, catkin_skip_building_tests=False, mixin_files=None, mixin=None, verb_parser=<colcon_mixin.mixin.mixin_argument.MixinArgumentDecorator object at 0x7933f57102c0>, verb_extension=<colcon_core.verb.build.BuildVerb object at 0x7933f5eb3ef0>, main=<bound method BuildVerb.main of <colcon_core.verb.build.BuildVerb object at 0x7933f5eb3ef0>>, mixin_verb=('build',))
[0.156s] Level 1:colcon.colcon_core.package_discovery:discover_packages(colcon_meta) check parameters
[0.156s] Level 1:colcon.colcon_core.package_discovery:discover_packages(recursive) check parameters
[0.156s] Level 1:colcon.colcon_core.package_discovery:discover_packages(ignore) check parameters
[0.156s] Level 1:colcon.colcon_core.package_discovery:discover_packages(path) check parameters
[0.156s] Level 1:colcon.colcon_core.package_discovery:discover_packages(colcon_meta) discover
[0.156s] Level 1:colcon.colcon_core.package_discovery:discover_packages(recursive) discover
[0.156s] INFO:colcon.colcon_core.package_discovery:Crawling recursively for packages in '/home/csrobot/ros2_ws/src/save_pointcloud'
[0.157s] Level 1:colcon.colcon_core.package_identification:_identify(.) by extensions ['ignore', 'ignore_ament_install']
[0.157s] Level 1:colcon.colcon_core.package_identification:_identify(.) by extension 'ignore'
[0.157s] Level 1:colcon.colcon_core.package_identification:_identify(.) by extension 'ignore_ament_install'
[0.157s] Level 1:colcon.colcon_core.package_identification:_identify(.) by extensions ['colcon_pkg']
[0.157s] Level 1:colcon.colcon_core.package_identification:_identify(.) by extension 'colcon_pkg'
[0.157s] Level 1:colcon.colcon_core.package_identification:_identify(.) by extensions ['colcon_meta']
[0.157s] Level 1:colcon.colcon_core.package_identification:_identify(.) by extension 'colcon_meta'
[0.157s] Level 1:colcon.colcon_core.package_identification:_identify(.) by extensions ['ros']
[0.157s] Level 1:colcon.colcon_core.package_identification:_identify(.) by extension 'ros'
[0.174s] DEBUG:colcon.colcon_core.package_identification:Package '.' with type 'ros.ament_cmake' and name 'save_pointcloud'
[0.174s] Level 1:colcon.colcon_core.package_discovery:discover_packages(recursive) using defaults
[0.174s] Level 1:colcon.colcon_core.package_discovery:discover_packages(ignore) discover
[0.175s] Level 1:colcon.colcon_core.package_discovery:discover_packages(ignore) using defaults
[0.175s] Level 1:colcon.colcon_core.package_discovery:discover_packages(path) discover
[0.175s] Level 1:colcon.colcon_core.package_discovery:discover_packages(path) using defaults
[0.188s] Level 1:colcon.colcon_core.package_discovery:discover_packages(prefix_path) check parameters
[0.188s] Level 1:colcon.colcon_core.package_discovery:discover_packages(prefix_path) discover
[0.191s] DEBUG:colcon.colcon_installed_package_information.package_discovery:Found 7 installed packages in /home/csrobot/ros2_ws/install
[0.191s] DEBUG:colcon.colcon_installed_package_information.package_discovery:Found 290 installed packages in /opt/ros/jazzy
[0.192s] Level 1:colcon.colcon_core.package_discovery:discover_packages(prefix_path) using defaults
[0.216s] Level 5:colcon.colcon_core.verb:set package 'save_pointcloud' build argument 'cmake_args' from command line to 'None'
[0.216s] Level 5:colcon.colcon_core.verb:set package 'save_pointcloud' build argument 'cmake_target' from command line to 'None'
[0.216s] Level 5:colcon.colcon_core.verb:set package 'save_pointcloud' build argument 'cmake_target_skip_unavailable' from command line to 'False'
[0.216s] Level 5:colcon.colcon_core.verb:set package 'save_pointcloud' build argument 'cmake_clean_cache' from command line to 'False'
[0.216s] Level 5:colcon.colcon_core.verb:set package 'save_pointcloud' build argument 'cmake_clean_first' from command line to 'False'
[0.216s] Level 5:colcon.colcon_core.verb:set package 'save_pointcloud' build argument 'cmake_force_configure' from command line to 'False'
[0.216s] Level 5:colcon.colcon_core.verb:set package 'save_pointcloud' build argument 'ament_cmake_args' from command line to 'None'
[0.216s] Level 5:colcon.colcon_core.verb:set package 'save_pointcloud' build argument 'catkin_cmake_args' from command line to 'None'
[0.216s] Level 5:colcon.colcon_core.verb:set package 'save_pointcloud' build argument 'catkin_skip_building_tests' from command line to 'False'
[0.217s] DEBUG:colcon.colcon_core.verb:Building package 'save_pointcloud' with the following arguments: {'ament_cmake_args': None, 'build_base': '/home/csrobot/ros2_ws/src/save_pointcloud/build/save_pointcloud', 'catkin_cmake_args': None, 'catkin_skip_building_tests': False, 'cmake_args': None, 'cmake_clean_cache': False, 'cmake_clean_first': False, 'cmake_force_configure': False, 'cmake_target': None, 'cmake_target_skip_unavailable': False, 'install_base': '/home/csrobot/ros2_ws/src/save_pointcloud/install/save_pointcloud', 'merge_install': False, 'path': '/home/csrobot/ros2_ws/src/save_pointcloud', 'symlink_install': False, 'test_result_base': None}
[0.217s] INFO:colcon.colcon_core.executor:Executing jobs using 'parallel' executor
[0.217s] DEBUG:colcon.colcon_parallel_executor.executor.parallel:run_until_complete
[0.217s] INFO:colcon.colcon_ros.task.ament_cmake.build:Building ROS package in '/home/csrobot/ros2_ws/src/save_pointcloud' with build type 'ament_cmake'
[0.217s] INFO:colcon.colcon_cmake.task.cmake.build:Building CMake package in '/home/csrobot/ros2_ws/src/save_pointcloud'
[0.221s] INFO:colcon.colcon_core.plugin_system:Skipping extension 'colcon_core.shell.bat': Not used on non-Windows systems
[0.221s] INFO:colcon.colcon_core.shell:Skip shell extension 'powershell' for command environment: Not usable outside of PowerShell
[0.221s] DEBUG:colcon.colcon_core.shell:Skip shell extension 'dsv' for command environment
[0.228s] DEBUG:colcon.colcon_core.event_handler.log_command:Invoking command in '/home/csrobot/ros2_ws/src/save_pointcloud/build/save_pointcloud': CMAKE_PREFIX_PATH=${CMAKE_PREFIX_PATH}:/opt/ros/jazzy DEBUGINFOD_URLS=https://debuginfod.ubuntu.com /usr/bin/cmake --build /home/csrobot/ros2_ws/src/save_pointcloud/build/save_pointcloud -- -j16 -l16
[7.420s] DEBUG:colcon.colcon_core.event_handler.log_command:Invoked command in '/home/csrobot/ros2_ws/src/save_pointcloud/build/save_pointcloud' returned '0': CMAKE_PREFIX_PATH=${CMAKE_PREFIX_PATH}:/opt/ros/jazzy DEBUGINFOD_URLS=https://debuginfod.ubuntu.com /usr/bin/cmake --build /home/csrobot/ros2_ws/src/save_pointcloud/build/save_pointcloud -- -j16 -l16
[7.427s] DEBUG:colcon.colcon_core.event_handler.log_command:Invoking command in '/home/csrobot/ros2_ws/src/save_pointcloud/build/save_pointcloud': CMAKE_PREFIX_PATH=${CMAKE_PREFIX_PATH}:/opt/ros/jazzy DEBUGINFOD_URLS=https://debuginfod.ubuntu.com /usr/bin/cmake --install /home/csrobot/ros2_ws/src/save_pointcloud/build/save_pointcloud
[7.468s] Level 1:colcon.colcon_core.environment:create_environment_scripts_only(save_pointcloud)
[7.468s] DEBUG:colcon.colcon_core.event_handler.log_command:Invoked command in '/home/csrobot/ros2_ws/src/save_pointcloud/build/save_pointcloud' returned '0': CMAKE_PREFIX_PATH=${CMAKE_PREFIX_PATH}:/opt/ros/jazzy DEBUGINFOD_URLS=https://debuginfod.ubuntu.com /usr/bin/cmake --install /home/csrobot/ros2_ws/src/save_pointcloud/build/save_pointcloud
[7.473s] Level 1:colcon.colcon_core.environment:checking '/home/csrobot/ros2_ws/src/save_pointcloud/install/save_pointcloud' for CMake module files
[7.473s] Level 1:colcon.colcon_core.environment:checking '/home/csrobot/ros2_ws/src/save_pointcloud/install/save_pointcloud' for CMake config files
[7.473s] Level 1:colcon.colcon_core.shell:create_environment_hook('save_pointcloud', 'cmake_prefix_path')
[7.473s] INFO:colcon.colcon_core.shell:Creating environment hook '/home/csrobot/ros2_ws/src/save_pointcloud/install/save_pointcloud/share/save_pointcloud/hook/cmake_prefix_path.ps1'
[7.474s] INFO:colcon.colcon_core.shell:Creating environment descriptor '/home/csrobot/ros2_ws/src/save_pointcloud/install/save_pointcloud/share/save_pointcloud/hook/cmake_prefix_path.dsv'
[7.474s] INFO:colcon.colcon_core.shell:Creating environment hook '/home/csrobot/ros2_ws/src/save_pointcloud/install/save_pointcloud/share/save_pointcloud/hook/cmake_prefix_path.sh'
[7.474s] Level 1:colcon.colcon_core.environment:checking '/home/csrobot/ros2_ws/src/save_pointcloud/install/save_pointcloud/lib'
[7.474s] Level 1:colcon.colcon_core.shell:create_environment_hook('save_pointcloud', 'ld_library_path_lib')
[7.475s] INFO:colcon.colcon_core.shell:Creating environment hook '/home/csrobot/ros2_ws/src/save_pointcloud/install/save_pointcloud/share/save_pointcloud/hook/ld_library_path_lib.ps1'
[7.475s] INFO:colcon.colcon_core.shell:Creating environment descriptor '/home/csrobot/ros2_ws/src/save_pointcloud/install/save_pointcloud/share/save_pointcloud/hook/ld_library_path_lib.dsv'
[7.475s] INFO:colcon.colcon_core.shell:Creating environment hook '/home/csrobot/ros2_ws/src/save_pointcloud/install/save_pointcloud/share/save_pointcloud/hook/ld_library_path_lib.sh'
[7.475s] Level 1:colcon.colcon_core.environment:checking '/home/csrobot/ros2_ws/src/save_pointcloud/install/save_pointcloud/bin'
[7.475s] Level 1:colcon.colcon_core.environment:checking '/home/csrobot/ros2_ws/src/save_pointcloud/install/save_pointcloud/lib/pkgconfig/save_pointcloud.pc'
[7.475s] Level 1:colcon.colcon_core.environment:checking '/home/csrobot/ros2_ws/src/save_pointcloud/install/save_pointcloud/lib/python3.12/site-packages'
[7.475s] Level 1:colcon.colcon_core.shell:create_environment_hook('save_pointcloud', 'pythonpath')
[7.475s] INFO:colcon.colcon_core.shell:Creating environment hook '/home/csrobot/ros2_ws/src/save_pointcloud/install/save_pointcloud/share/save_pointcloud/hook/pythonpath.ps1'
[7.476s] INFO:colcon.colcon_core.shell:Creating environment descriptor '/home/csrobot/ros2_ws/src/save_pointcloud/install/save_pointcloud/share/save_pointcloud/hook/pythonpath.dsv'
[7.476s] INFO:colcon.colcon_core.shell:Creating environment hook '/home/csrobot/ros2_ws/src/save_pointcloud/install/save_pointcloud/share/save_pointcloud/hook/pythonpath.sh'
[7.476s] Level 1:colcon.colcon_core.environment:checking '/home/csrobot/ros2_ws/src/save_pointcloud/install/save_pointcloud/bin'
[7.476s] INFO:colcon.colcon_core.shell:Creating package script '/home/csrobot/ros2_ws/src/save_pointcloud/install/save_pointcloud/share/save_pointcloud/package.ps1'
[7.477s] INFO:colcon.colcon_core.shell:Creating package descriptor '/home/csrobot/ros2_ws/src/save_pointcloud/install/save_pointcloud/share/save_pointcloud/package.dsv'
[7.477s] INFO:colcon.colcon_core.shell:Creating package script '/home/csrobot/ros2_ws/src/save_pointcloud/install/save_pointcloud/share/save_pointcloud/package.sh'
[7.477s] INFO:colcon.colcon_core.shell:Creating package script '/home/csrobot/ros2_ws/src/save_pointcloud/install/save_pointcloud/share/save_pointcloud/package.bash'
[7.478s] INFO:colcon.colcon_core.shell:Creating package script '/home/csrobot/ros2_ws/src/save_pointcloud/install/save_pointcloud/share/save_pointcloud/package.zsh'
[7.478s] Level 1:colcon.colcon_core.environment:create_file_with_runtime_dependencies(/home/csrobot/ros2_ws/src/save_pointcloud/install/save_pointcloud/share/colcon-core/packages/save_pointcloud)
[7.478s] Level 1:colcon.colcon_core.environment:create_environment_scripts_only(save_pointcloud)
[7.478s] Level 1:colcon.colcon_core.environment:checking '/home/csrobot/ros2_ws/src/save_pointcloud/install/save_pointcloud' for CMake module files
[7.479s] Level 1:colcon.colcon_core.environment:checking '/home/csrobot/ros2_ws/src/save_pointcloud/install/save_pointcloud' for CMake config files
[7.479s] Level 1:colcon.colcon_core.shell:create_environment_hook('save_pointcloud', 'cmake_prefix_path')
[7.479s] INFO:colcon.colcon_core.shell:Creating environment hook '/home/csrobot/ros2_ws/src/save_pointcloud/install/save_pointcloud/share/save_pointcloud/hook/cmake_prefix_path.ps1'
[7.480s] INFO:colcon.colcon_core.shell:Creating environment descriptor '/home/csrobot/ros2_ws/src/save_pointcloud/install/save_pointcloud/share/save_pointcloud/hook/cmake_prefix_path.dsv'
[7.480s] INFO:colcon.colcon_core.shell:Creating environment hook '/home/csrobot/ros2_ws/src/save_pointcloud/install/save_pointcloud/share/save_pointcloud/hook/cmake_prefix_path.sh'
[7.480s] Level 1:colcon.colcon_core.environment:checking '/home/csrobot/ros2_ws/src/save_pointcloud/install/save_pointcloud/lib'
[7.480s] Level 1:colcon.colcon_core.shell:create_environment_hook('save_pointcloud', 'ld_library_path_lib')
[7.480s] INFO:colcon.colcon_core.shell:Creating environment hook '/home/csrobot/ros2_ws/src/save_pointcloud/install/save_pointcloud/share/save_pointcloud/hook/ld_library_path_lib.ps1'
[7.480s] INFO:colcon.colcon_core.shell:Creating environment descriptor '/home/csrobot/ros2_ws/src/save_pointcloud/install/save_pointcloud/share/save_pointcloud/hook/ld_library_path_lib.dsv'
[7.481s] INFO:colcon.colcon_core.shell:Creating environment hook '/home/csrobot/ros2_ws/src/save_pointcloud/install/save_pointcloud/share/save_pointcloud/hook/ld_library_path_lib.sh'
[7.481s] Level 1:colcon.colcon_core.environment:checking '/home/csrobot/ros2_ws/src/save_pointcloud/install/save_pointcloud/bin'
[7.481s] Level 1:colcon.colcon_core.environment:checking '/home/csrobot/ros2_ws/src/save_pointcloud/install/save_pointcloud/lib/pkgconfig/save_pointcloud.pc'
[7.481s] Level 1:colcon.colcon_core.environment:checking '/home/csrobot/ros2_ws/src/save_pointcloud/install/save_pointcloud/lib/python3.12/site-packages'
[7.481s] Level 1:colcon.colcon_core.shell:create_environment_hook('save_pointcloud', 'pythonpath')
[7.481s] INFO:colcon.colcon_core.shell:Creating environment hook '/home/csrobot/ros2_ws/src/save_pointcloud/install/save_pointcloud/share/save_pointcloud/hook/pythonpath.ps1'
[7.481s] INFO:colcon.colcon_core.shell:Creating environment descriptor '/home/csrobot/ros2_ws/src/save_pointcloud/install/save_pointcloud/share/save_pointcloud/hook/pythonpath.dsv'
[7.481s] INFO:colcon.colcon_core.shell:Creating environment hook '/home/csrobot/ros2_ws/src/save_pointcloud/install/save_pointcloud/share/save_pointcloud/hook/pythonpath.sh'
[7.482s] Level 1:colcon.colcon_core.environment:checking '/home/csrobot/ros2_ws/src/save_pointcloud/install/save_pointcloud/bin'
[7.482s] INFO:colcon.colcon_core.shell:Creating package script '/home/csrobot/ros2_ws/src/save_pointcloud/install/save_pointcloud/share/save_pointcloud/package.ps1'
[7.482s] INFO:colcon.colcon_core.shell:Creating package descriptor '/home/csrobot/ros2_ws/src/save_pointcloud/install/save_pointcloud/share/save_pointcloud/package.dsv'
[7.483s] INFO:colcon.colcon_core.shell:Creating package script '/home/csrobot/ros2_ws/src/save_pointcloud/install/save_pointcloud/share/save_pointcloud/package.sh'
[7.483s] INFO:colcon.colcon_core.shell:Creating package script '/home/csrobot/ros2_ws/src/save_pointcloud/install/save_pointcloud/share/save_pointcloud/package.bash'
[7.483s] INFO:colcon.colcon_core.shell:Creating package script '/home/csrobot/ros2_ws/src/save_pointcloud/install/save_pointcloud/share/save_pointcloud/package.zsh'
[7.483s] Level 1:colcon.colcon_core.environment:create_file_with_runtime_dependencies(/home/csrobot/ros2_ws/src/save_pointcloud/install/save_pointcloud/share/colcon-core/packages/save_pointcloud)
[7.483s] DEBUG:colcon.colcon_parallel_executor.executor.parallel:closing loop
[7.483s] DEBUG:colcon.colcon_parallel_executor.executor.parallel:loop closed
[7.483s] DEBUG:colcon.colcon_parallel_executor.executor.parallel:run_until_complete finished with '0'
[7.483s] DEBUG:colcon.colcon_core.event_reactor:joining thread
[7.488s] INFO:colcon.colcon_core.plugin_system:Skipping extension 'colcon_notification.desktop_notification.terminal_notifier': Not used on non-Darwin systems
[7.488s] INFO:colcon.colcon_core.plugin_system:Skipping extension 'colcon_notification.desktop_notification.win32': Not used on non-Windows systems
[7.488s] INFO:colcon.colcon_notification.desktop_notification:Sending desktop notification using 'notify2'
[7.496s] DEBUG:colcon.colcon_core.event_reactor:joined thread
[7.497s] INFO:colcon.colcon_core.shell:Creating prefix script '/home/csrobot/ros2_ws/src/save_pointcloud/install/local_setup.ps1'
[7.497s] INFO:colcon.colcon_core.shell:Creating prefix util module '/home/csrobot/ros2_ws/src/save_pointcloud/install/_local_setup_util_ps1.py'
[7.498s] INFO:colcon.colcon_core.shell:Creating prefix chain script '/home/csrobot/ros2_ws/src/save_pointcloud/install/setup.ps1'
[7.498s] INFO:colcon.colcon_core.shell:Creating prefix script '/home/csrobot/ros2_ws/src/save_pointcloud/install/local_setup.sh'
[7.498s] INFO:colcon.colcon_core.shell:Creating prefix util module '/home/csrobot/ros2_ws/src/save_pointcloud/install/_local_setup_util_sh.py'
[7.499s] INFO:colcon.colcon_core.shell:Creating prefix chain script '/home/csrobot/ros2_ws/src/save_pointcloud/install/setup.sh'
[7.499s] INFO:colcon.colcon_core.shell:Creating prefix script '/home/csrobot/ros2_ws/src/save_pointcloud/install/local_setup.bash'
[7.500s] INFO:colcon.colcon_core.shell:Creating prefix chain script '/home/csrobot/ros2_ws/src/save_pointcloud/install/setup.bash'
[7.500s] INFO:colcon.colcon_core.shell:Creating prefix script '/home/csrobot/ros2_ws/src/save_pointcloud/install/local_setup.zsh'
[7.500s] INFO:colcon.colcon_core.shell:Creating prefix chain script '/home/csrobot/ros2_ws/src/save_pointcloud/install/setup.zsh'
